03-22 00:11:14.399  1432  2067 I chatty  : uid=1000(system) Binder:1432_4 expire 10 lines
03-22 00:11:14.438  1579  1603 I WindowManager: ******* TELLING SURFACE FLINGER WE ARE BOOTED!
03-22 00:11:14.443  1442  1442 E installd: Failed to unlink /data//dalvik-cache/x86_64/.booting: No such file or directory
03-22 00:11:14.444  1579  1603 W ActivityManager: Unable to mark boot complete for abi: x86_64 (android.os.ServiceSpecificException: Failed to unlink /data//dalvik-cache/x86_64/.booting (code 2))
03-22 00:11:14.444  1442  1442 E installd: Failed to unlink /data//dalvik-cache/x86/.booting: No such file or directory
03-22 00:11:14.444  1579  1603 W ActivityManager: Unable to mark boot complete for abi: x86 (android.os.ServiceSpecificException: Failed to unlink /data//dalvik-cache/x86/.booting (code 2))
03-22 00:11:14.444  1442  1442 E installd: Failed to unlink /data//dalvik-cache/arm64/.booting: No such file or directory
03-22 00:11:14.444  1579  1603 W ActivityManager: Unable to mark boot complete for abi: arm64-v8a (android.os.ServiceSpecificException: Failed to unlink /data//dalvik-cache/arm64/.booting (code 2))
03-22 00:11:14.444  1442  1442 E installd: Failed to unlink /data//dalvik-cache/arm/.booting: No such file or directory
03-22 00:11:14.444  1579  1603 W ActivityManager: Unable to mark boot complete for abi: armeabi-v7a (android.os.ServiceSpecificException: Failed to unlink /data//dalvik-cache/arm/.booting (code 2))
03-22 00:11:14.444  1579  1603 I SystemServiceManager: Starting phase 1000
03-22 00:11:14.467  1782  1782 I Choreographer: Skipped 71 frames!  The application may be doing too much work on its main thread.
03-22 00:11:14.470  1579  1603 D ActivityManager: Finishing user boot 0
03-22 00:11:14.470  1579  1603 I ActivityManager: User 0 state changed from BOOTING to RUNNING_LOCKED
03-22 00:11:14.472  2191  2191 I bootstat: Service started: /system/bin/bootstat --set_system_boot_reason --record_boot_complete --record_boot_reason --record_time_since_factory_reset -l 
03-22 00:11:14.472  1579  1603 D ActivityManager: Started unlocking user 0
03-22 00:11:14.472  1579  1603 D ActivityManager: Unlocking user 0 progress 0
03-22 00:11:14.473  1579  1603 D ActivityManager: Unlocking user 0 progress 5
03-22 00:11:14.473  1352  1352 D vold    : e4crypt_prepare_user_storage for volume null, user 0, serial 0, flags 2
03-22 00:11:14.473  1352  1352 D vold    : Preparing: /data/system_ce/0
03-22 00:11:14.473  1352  1352 D vold    : Preparing: /data/misc_ce/0
03-22 00:11:14.473  1352  1352 D vold    : Preparing: /data/vendor_ce/0
03-22 00:11:14.473  1352  1352 D vold    : Preparing: /data/media/0
03-22 00:11:14.474  1352  1352 D vold    : Preparing: /data/data
03-22 00:11:14.478  1352  1352 I vold_prepare_subdirs: SELinux: Loaded file_contexts
03-22 00:11:14.479  2196  2196 D vold_prepare_subdirs: Setting up mode 700 uid 0 gid 0 context u:object_r:vold_data_file:s0 on path: /data/misc_ce/0/vold
03-22 00:11:14.479  2196  2196 D vold_prepare_subdirs: Setting up mode 700 uid 0 gid 0 context u:object_r:storaged_data_file:s0 on path: /data/misc_ce/0/storaged
03-22 00:11:14.479  2191  2191 I bootstat: Battery level at startup 100%
03-22 00:11:14.479  2191  2191 I bootstat: Canonical boot reason: reboot
03-22 00:11:14.480  1579  1601 D UserDataPreparer: Serial number missing on /data/system_ce/0; assuming current is valid
03-22 00:11:14.480  1579  1601 D UserDataPreparer: Setting property: sys.user.0.ce_available=true
03-22 00:11:14.483  2191  2191 E bootstat: Failed to read /data/misc/bootstat/last_boot_time_utc: No such file or directory
03-22 00:11:14.483  2191  2191 E bootstat: Failed to parse boot time record: /data/misc/bootstat/last_boot_time_utc
03-22 00:11:14.483  2191  2191 E bootstat: Failed to read /data/misc/bootstat/build_date: No such file or directory
03-22 00:11:14.483  2191  2191 E bootstat: Failed to parse boot time record: /data/misc/bootstat/build_date
03-22 00:11:14.483  2191  2191 I bootstat: Canonical boot reason: reboot,factory_reset
03-22 00:11:14.483  2191  2191 E bootstat: Failed to read /data/misc/bootstat/post_decrypt_time_elapsed: No such file or directory
03-22 00:11:14.483  2191  2191 E bootstat: Failed to parse boot time record: /data/misc/bootstat/post_decrypt_time_elapsed
03-22 00:11:14.484  2191  2191 E bootstat: Failed to read /data/misc/bootstat/factory_reset: No such file or directory
03-22 00:11:14.484  2191  2191 E bootstat: Failed to parse boot time record: /data/misc/bootstat/factory_reset
03-22 00:11:14.488  1425  1634 D sensor_hal: cb_setDelay handle=0 delay-ns=200000000
03-22 00:11:14.488  1425  1634 D sensor_hal: cb_activate handle=0 enabled=1
03-22 00:11:14.503  1579  1596 I ActivityManager: Start proc 2197:android.ext.services/u0a17 for on-hold
03-22 00:11:14.511  2197  2197 I Zygote  : seccomp disabled by setenforce 0
03-22 00:11:14.512  2197  2197 D nativebridge: call UnloadNativeBridge! state=1
03-22 00:11:14.519  1471  1471 I ldinit  : finish mount vbox share-folder
03-22 00:11:14.519  1471  1471 I ldinit  : detect sys.boot_completed!
03-22 00:11:14.540  1471  1471 I ldinit  : wait for idle(500ms)...
03-22 00:11:14.567  2197  2197 I id.ext.service: The ClassLoaderContext is a special shared library.
03-22 00:11:14.594  1950  1950 I TelecomFramework: PstnPhoneCapabilitiesNotifier: handleVideoCapabilitesChanged. Video capability - false
03-22 00:11:14.599  2197  2227 D ExtAssistant: File doesn't exist or isn't readable yet
03-22 00:11:14.602  1579  1587 I chatty  : uid=1000(system) FinalizerDaemon expire 1677 lines
03-22 00:11:14.647  1950  1950 I TelecomFramework: PstnPhoneCapabilitiesNotifier: handleVideoCapabilitesChanged. Video capability - false
03-22 00:11:14.647  1782  1782 I ImageWallpaper: Redrawing in rect: RectF(0.0, 0.0, 3413.3333, 1920.0) with surface size: 1920x1920
03-22 00:11:14.648  1782  1782 I ImageWallpaper: Redrawing in rect: RectF(0.0, 0.0, 3413.3333, 1920.0) with surface size: 1920x1920
03-22 00:11:14.650  1950  1950 E PhoneInterfaceManager: [PhoneIntfMgr] getIccId: No UICC
03-22 00:11:14.650  1782  1782 I ImageWallpaper: Redrawing in rect: RectF(0.0, 0.0, 3413.3333, 1920.0) with surface size: 1920x1920
03-22 00:11:14.664  1782  1782 I ImageWallpaper: Redrawing in rect: RectF(0.0, 0.0, 3413.3333, 1920.0) with surface size: 1920x1920
03-22 00:11:14.684  1349  1349 W hwservicemanager: getTransport: Cannot find entry android.hardware.biometrics.fingerprint@2.1::IBiometricsFingerprint/default in either framework or device manifest.
03-22 00:11:14.684  1579  1590 W FingerprintService: fingerprint HIDL not available
03-22 00:11:14.722  1782  1782 W KeyguardUpdateMonitor: invalid subId in handleSimStateChange()
03-22 00:11:14.722  1782  1782 W KeyguardUpdateMonitor: invalid subId in handleServiceStateChange()
03-22 00:11:14.734  1579  1893 I Telecom : PhoneAccountRegistrar: Modify account: [ComponentInfo{com.android.phone/com.android.services.telephony.TelephonyConnectionService}, ***, UserHandle{0}]: TSI.rPA@ABE
03-22 00:11:14.752  1950  1950 D MccTable: updateMccMncConfiguration mccmnc='302780' fromServiceState=false
03-22 00:11:14.753  1950  1950 D MccTable: updateMccMncConfiguration defaultMccMnc=46000
03-22 00:11:14.753  1950  1950 D MccTable: updateMccMncConfiguration: mcc=302, mnc=780
03-22 00:11:14.753  1950  1950 D MccTable: updateMccMncConfiguration updateConfig config={0.0 302mcc780mnc ?localeList ?layoutDir ?swdp ?wdp ?hdp ?density ?lsize ?long ?ldr ?wideColorGamut ?orien ?uimode ?night ?touch ?keyb/?/? ?nav/? winConfig={ mBounds=Rect(0, 0 - 0, 0) mAppBounds=null mWindowingMode=undefined mActivityType=undefined}}
03-22 00:11:14.759  1579  1769 I ActivityManager: Config changes=3 {1.0 302mcc780mnc [zh_CN] ldltr sw360dp w360dp h616dp 480dpi nrml long port finger qwerty/v/v -nav/h winConfig={ mBounds=Rect(0, 0 - 0, 0) mAppBounds=Rect(0, 0 - 1080, 1920) mWindowingMode=fullscreen mActivityType=undefined} s.6}
03-22 00:11:14.760  1579  1769 I ActivityManager: Override config changes=3 {1.0 302mcc780mnc [zh_CN] ldltr sw360dp w360dp h616dp 480dpi nrml long port finger qwerty/v/v -nav/h winConfig={ mBounds=Rect(0, 0 - 1080, 1920) mAppBounds=Rect(0, 0 - 1080, 1920) mWindowingMode=fullscreen mActivityType=undefined} s.6} for displayId=0
03-22 00:11:14.771  1782  2064 I vol.Events: writeEvent level_changed STREAM_MUSIC 3
03-22 00:11:14.777  1999  2039 E EGL_emulation: tid 2039: eglSurfaceAttrib(1493): error 0x3009 (EGL_BAD_MATCH)
03-22 00:11:14.777  1999  2039 W OpenGLRenderer: Failed to set EGL_SWAP_BEHAVIOR on surface 0x763888859500, error=EGL_BAD_MATCH
03-22 00:11:14.801  1579  1579 I chatty  : uid=1000 system_server expire 22 lines
03-22 00:11:14.801  1771  2080 I HeadsetPhoneState: stopListenForPhoneState(), no listener indicates nothing is listening
03-22 00:11:14.801  1771  2080 W HeadsetPhoneState: startListenForPhoneState, no event to listen
03-22 00:11:14.802  1950  1950 D TelephonyProvider: subIdString = -2 subId = -2
03-22 00:11:14.802  1950  1950 D TelephonyProvider: getPreferredApnIdFromApn: for subId -2
03-22 00:11:14.811  1950  1950 I TelecomFramework: PstnIncomingCallNotifier: Unregistering: Handler (com.android.internal.telephony.GsmCdmaPhone) {4c8cae8}
03-22 00:11:14.819  1950  1950 E PhoneInterfaceManager: [PhoneIntfMgr] getIccId: No UICC
03-22 00:11:14.898  1579  1858 I Telecom : PhoneAccountRegistrar: Modify account: [ComponentInfo{com.android.phone/com.android.services.telephony.TelephonyConnectionService}, ***, UserHandle{0}]: TSI.rPA@ABI
03-22 00:11:14.899  1950  1950 I TelecomFramework: AccountEntry: Registered phoneAccount: [[ ] PhoneAccount: ComponentInfo{com.android.phone/com.android.services.telephony.TelephonyConnectionService}, ***, UserHandle{0} Capabilities: CallProvider MultiUser PlaceEmerg SimSub  Audio Routes: BESW Schemes: tel voicemail  Extras: Bundle[{android.telecom.extra.SUPPORTS_VIDEO_CALLING_FALLBACK=true}] GroupId: ***] with handle: ComponentInfo{com.android.phone/com.android.services.telephony.TelephonyConnectionService}, ***, UserHandle{0}
03-22 00:11:14.899  1950  1950 I TelecomFramework: PstnIncomingCallNotifier: Registering: Handler (com.android.internal.telephony.GsmCdmaPhone) {4c8cae8}
03-22 00:11:14.904  1950  1950 I TelecomFramework: PstnPhoneCapabilitiesNotifier: handleVideoCapabilitesChanged. Video capability - false
03-22 00:11:14.910  1950  1950 E PhoneInterfaceManager: [PhoneIntfMgr] getIccId: No UICC
03-22 00:11:14.980  1579  1590 I Telecom : PhoneAccountRegistrar: Modify account: [ComponentInfo{com.android.phone/com.android.services.telephony.TelephonyConnectionService}, ***, UserHandle{0}]: TSI.rPA@ABU
03-22 00:11:15.005  1950  2109 D MccTable: updateMccMncConfiguration mccmnc='46000' fromServiceState=false
03-22 00:11:15.006  1950  2109 D MccTable: updateMccMncConfiguration defaultMccMnc=46000
03-22 00:11:15.006  1950  2109 D MccTable: updateMccMncConfiguration: mcc=460, mnc=0
03-22 00:11:15.006  1950  2109 D MccTable: updateMccMncConfiguration updateConfig config={0.0 460mcc65535mnc ?localeList ?layoutDir ?swdp ?wdp ?hdp ?density ?lsize ?long ?ldr ?wideColorGamut ?orien ?uimode ?night ?touch ?keyb/?/? ?nav/? winConfig={ mBounds=Rect(0, 0 - 0, 0) mAppBounds=null mWindowingMode=undefined mActivityType=undefined}}
03-22 00:11:15.008  1579  1858 I ActivityManager: Config changes=3 {1.0 460mcc65535mnc [zh_CN] ldltr sw360dp w360dp h616dp 480dpi nrml long port finger qwerty/v/v -nav/h winConfig={ mBounds=Rect(0, 0 - 0, 0) mAppBounds=Rect(0, 0 - 1080, 1920) mWindowingMode=fullscreen mActivityType=undefined} s.7}
03-22 00:11:15.009  1579  1858 I ActivityManager: Override config changes=3 {1.0 460mcc65535mnc [zh_CN] ldltr sw360dp w360dp h616dp 480dpi nrml long port finger qwerty/v/v -nav/h winConfig={ mBounds=Rect(0, 0 - 1080, 1920) mAppBounds=Rect(0, 0 - 1080, 1920) mWindowingMode=fullscreen mActivityType=undefined} s.7} for displayId=0
03-22 00:11:15.016  1950  1950 I TelecomFramework: PstnIncomingCallNotifier: Unregistering: Handler (com.android.internal.telephony.GsmCdmaPhone) {4c8cae8}
03-22 00:11:15.042  1471  1471 I ldinit  : exce tast...
03-22 00:11:15.042  1471  1471 I ldinit  : on_boot_finish exce finish!
03-22 00:11:15.042  1471  1471 E ldinit  : call ip : 172.16.1.15!
03-22 00:11:15.048  2242  2242 I curl    : type=1400 audit(0.0:324): avc: denied { create } for scontext=u:r:ldinit:s0 tcontext=u:r:ldinit:s0 tclass=udp_socket permissive=1
03-22 00:11:15.048  2242  2242 W curl    : type=1300 audit(0.0:324): arch=c000003e syscall=41 success=yes exit=3 a0=a a1=2 a2=0 a3=d items=0 ppid=2240 auid=4294967295 uid=0 gid=0 euid=0 suid=0 fsuid=0 egid=0 sgid=0 fsgid=0 tty=(none) ses=4294967295 exe="/system/bin/curl" subj=u:r:ldinit:s0 key=(null)
03-22 00:11:15.048  1362  1362 W auditd  : type=1327 audit(0.0:324): proctitle=6375726C002D41006C642F6375726C2D312E30002D6F002F646174612F6C6F63616C2F6366672D74656D702E7A69700068747470733A2F2F7265732E6C646D6E712E636F6D2F6C646D6E715F66696C652F636F6E666967392E7A6970
03-22 00:11:15.048  1362  1362 W auditd  : type=1320 audit(0.0:324): 
03-22 00:11:15.048  2242  2242 I curl    : type=1400 audit(0.0:325): avc: denied { write } for name="dnsproxyd" dev="tmpfs" ino=5932 scontext=u:r:ldinit:s0 tcontext=u:object_r:dnsproxyd_socket:s0 tclass=sock_file permissive=1
03-22 00:11:15.075  1579  1601 I ActivityManager: User 0 state changed from RUNNING_LOCKED to RUNNING_UNLOCKING
03-22 00:11:15.075  1579  1601 D ActivityManager: Unlocking user 0 progress 20
03-22 00:11:15.075  1579  1601 W Looper  : Slow dispatch took 602ms android.fg h=android.os.Handler c=com.android.server.am.-$$Lambda$UserController$o6oQFjGYYIfx-I94cSakTLPLt6s@8cf0c29 m=0
03-22 00:11:15.075  1579  1601 W Looper  : Slow delivery took 601ms android.fg h=android.os.Handler c=com.android.server.am.-$$Lambda$UserController$qvHU3An7LT0SKBclx4I2epe4KYI@692dbae m=0
03-22 00:11:15.075  1579  1594 I SystemServiceManager: Calling onUnlockUser u0
03-22 00:11:15.076  1579  1601 W Looper  : Drained
03-22 00:11:15.076  1579  1594 D BluetoothManagerService: User 0 unlocked
03-22 00:11:15.076  1579  1594 D StorageManagerService: onUnlockUser 0
03-22 00:11:15.076  1579  1602 D BluetoothManagerService: MESSAGE_USER_UNLOCKED
03-22 00:11:15.076  1352  1352 D vold    : Linking /storage/emulated/0 to /mnt/user/0/primary
03-22 00:11:15.077  1579  1665 D StorageManagerService: Volume emulated broadcasting mounted to UserHandle{0}
03-22 00:11:15.088  1579  1594 W TextServicesManagerService: no available spell checker services found
03-22 00:11:15.088  1579  1733 I chatty  : uid=1000(system) WifiStateMachin expire 5 lines
03-22 00:11:15.126  1579  1594 W VoiceInteractionManagerService: no available voice interaction services found for user 0
03-22 00:11:15.126  1579  1594 W VoiceInteractionManagerService: no available voice recognition services found for user 0
03-22 00:11:15.127  1579  2246 I chatty  : uid=1000(system) backup expire 1 line
03-22 00:11:15.128  1579  2246 E BackupPasswordManager: Unable to read backup pw version
03-22 00:11:15.128  1579  2246 E BackupPasswordManager: Unable to read saved backup pw hash
03-22 00:11:15.129  1579  1594 D AutofillManagerServiceImpl: Reset component for user 0 ()
03-22 00:11:15.129  1579  1594 D AutofillManagerServiceImpl: Reset component for user 0 ()
03-22 00:11:15.129  1579  1594 D FieldClassificationStrategy: reset(): service is not bound. Do nothing.
03-22 00:11:15.129  1579  1595 D AutofillUI: destroySaveUiUiThread(): already destroyed
03-22 00:11:15.129  1579  1594 I ActivityManager: User 0 state changed from RUNNING_UNLOCKING to RUNNING_UNLOCKED
03-22 00:11:15.129  1579  1594 D SystemServerTiming: SystemUserUnlock took to complete: 657ms
03-22 00:11:15.129  1579  1601 I ActivityManager: Loading recents for user 0 into memory.
03-22 00:11:15.154  1471  1471 I ldinit  : on_update_config exec finish!
03-22 00:11:15.155  1471  1471 I         : fastpipe: Connect success
03-22 00:11:15.155  1471  1471 I         : fastpipe: close connect
03-22 00:11:15.190  1579  2083 I Telecom : PhoneAccountRegistrar: New phone account registered: [[ ] PhoneAccount: ComponentInfo{com.android.phone/com.android.services.telephony.TelephonyConnectionService}, ***, UserHandle{0} Capabilities: CallProvider MultiUser PlaceEmerg SimSub  Audio Routes: BESW Schemes: tel voicemail  Extras: Bundle[mParcelledData.dataSize=124] GroupId: ***]: TSI.rPA@ABY
03-22 00:11:15.191  1579  1595 I chatty  : uid=1000(system) android.ui expire 5 lines
03-22 00:11:15.191  1579  1594 I PreBootBroadcaster: Pre-boot of {com.android.managedprovisioning/com.android.managedprovisioning.ota.PreBootListener} for user 0
03-22 00:11:15.191  1579  2083 I Telecom : CallsManager: Sending phone-account ComponentInfo{com.android.phone/com.android.services.telephony.TelephonyConnectionService}, ***, UserHandle{0} registered intent as user: TSI.rPA@ABY
03-22 00:11:15.191  1579  2247 I chatty  : uid=1000 system_server expire 10 lines
03-22 00:11:15.199  1950  1950 I TelecomFramework: AccountEntry: Registered phoneAccount: [[ ] PhoneAccount: ComponentInfo{com.android.phone/com.android.services.telephony.TelephonyConnectionService}, ***, UserHandle{0} Capabilities: CallProvider MultiUser PlaceEmerg SimSub  Audio Routes: BESW Schemes: tel voicemail  Extras: Bundle[{android.telecom.extra.SUPPORTS_VIDEO_CALLING_FALLBACK=true}] GroupId: ***] with handle: ComponentInfo{com.android.phone/com.android.services.telephony.TelephonyConnectionService}, ***, UserHandle{0}
03-22 00:11:15.199  1950  1950 I TelecomFramework: PstnIncomingCallNotifier: Registering: Handler (com.android.internal.telephony.GsmCdmaPhone) {4c8cae8}
03-22 00:11:15.199  1771  2080 I HeadsetPhoneState: stopListenForPhoneState(), no listener indicates nothing is listening
03-22 00:11:15.199  1771  2080 W HeadsetPhoneState: startListenForPhoneState, no event to listen
03-22 00:11:15.209  1579  1730 I NetworkPolicy: No policy for subscriber 460009...; generating default policy
03-22 00:11:15.212  2262  2262 I Zygote  : seccomp disabled by setenforce 0
03-22 00:11:15.213  2262  2262 D nativebridge: call UnloadNativeBridge! state=1
03-22 00:11:15.218  1950  1950 I TelecomFramework: TelecomAccountRegistry: Unregistering phone account ComponentInfo{com.android.phone/com.android.services.telephony.TelephonyConnectionService}, ***, UserHandle{0}.
03-22 00:11:15.230  1579  2083 I Telecom : CallsManager: Sending phone-account ComponentInfo{com.android.phone/com.android.services.telephony.TelephonyConnectionService}, ***, UserHandle{0} unregistered intent as user: TSI.uPA@ABg
03-22 00:11:15.243  1771  1771 D BluetoothOppFileProvider: Initialized
03-22 00:11:15.244  1579  1596 W ActivityManager: Slow operation: 71ms so far, now at startProcess: done updating battery stats
03-22 00:11:15.244  1999  1999 D FallbackHome: User unlocked and real home found; let's go!
03-22 00:11:15.244  1579  1596 W ActivityManager: Slow operation: 71ms so far, now at startProcess: building log message
03-22 00:11:15.244  1579  1596 I ActivityManager: Start proc 2262:com.android.se/1068 for added application com.android.se
03-22 00:11:15.244  1579  1596 W ActivityManager: Slow operation: 71ms so far, now at startProcess: starting to update pids map
03-22 00:11:15.244  1579  1596 W ActivityManager: Slow operation: 71ms so far, now at startProcess: done updating pids map
03-22 00:11:15.244  1579  1596 W ActivityManager: Slow operation: 60ms so far, now at startProcess: asking zygote to start proc
03-22 00:11:15.244  1782  1782 E StatusBarSignalPolicy: Unexpected subscription 1
03-22 00:11:15.255  1579  1596 W ActivityManager: Slow operation: 71ms so far, now at startProcess: returned from zygote!
03-22 00:11:15.260  2276  2276 I Zygote  : seccomp disabled by setenforce 0
03-22 00:11:15.261  1348  1348 E SELinux : avc:  denied  { find } for service=tab pid=2262 uid=1068 scontext=u:r:secure_element:s0:c44,c260,c512,c768 tcontext=u:object_r:default_android_service:s0 tclass=service_manager permissive=1
03-22 00:11:15.262  2276  2276 D nativebridge: call UnloadNativeBridge! state=1
03-22 00:11:15.289  1579  1897 W ActivityManager: Slow operation: 105ms so far, now at startProcess: done updating battery stats
03-22 00:11:15.289  1579  1579 W Looper  : Slow delivery took 201ms main h=com.android.providers.settings.SettingsProvider$SettingsRegistry$MyHandler c=null m=2
03-22 00:11:15.289  1579  1897 W ActivityManager: Slow operation: 105ms so far, now at startProcess: building log message
03-22 00:11:15.289  1579  1897 I ActivityManager: Start proc 2276:com.android.coreservice/1000 for added application com.android.coreservice
03-22 00:11:15.289  1579  1897 W ActivityManager: Slow operation: 105ms so far, now at startProcess: starting to update pids map
03-22 00:11:15.289  1579  1897 W ActivityManager: Slow operation: 105ms so far, now at startProcess: done updating pids map
03-22 00:11:15.292  1771  1771 D GattService: Unlocked userId 0
03-22 00:11:15.292  1771  1771 D HeadsetService: Unlocked userId 0
03-22 00:11:15.292  1771  1771 D A2dpService: Unlocked userId 0
03-22 00:11:15.293  2262  2262 I com.android.se: The ClassLoaderContext is a special shared library.
03-22 00:11:15.298  1771  1771 I Avrcp   : Skipping update due to invalid playback state
03-22 00:11:15.298  1771  1771 D HidHostService: Unlocked userId 0
03-22 00:11:15.298  1771  1771 D HealthService: Unlocked userId 0
03-22 00:11:15.298  1771  1771 D PanService: Unlocked userId 0
03-22 00:11:15.298  1771  1771 D BluetoothMapService: Unlocked userId 0
03-22 00:11:15.298  1771  1771 D NewAvrcpTargetService: Unlocked userId 0
03-22 00:11:15.298  1771  1771 I NewAvrcpTargetService: User unlocked, initializing the service
03-22 00:11:15.308  1950  2109 D MccTable: updateMccMncConfiguration mccmnc='46000' fromServiceState=false
03-22 00:11:15.308  1950  2109 D MccTable: updateMccMncConfiguration defaultMccMnc=46000
03-22 00:11:15.308  1950  2109 D MccTable: updateMccMncConfiguration: mcc=460, mnc=0
03-22 00:11:15.308  1950  2109 D MccTable: updateMccMncConfiguration updateConfig config={0.0 460mcc65535mnc ?localeList ?layoutDir ?swdp ?wdp ?hdp ?density ?lsize ?long ?ldr ?wideColorGamut ?orien ?uimode ?night ?touch ?keyb/?/? ?nav/? winConfig={ mBounds=Rect(0, 0 - 0, 0) mAppBounds=null mWindowingMode=undefined mActivityType=undefined}}
03-22 00:11:15.324  1771  1771 D HidDeviceService: Unlocked userId 0
03-22 00:11:15.324  1771  1771 D BluetoothOppService: Unlocked userId 0
03-22 00:11:15.324  1771  1771 D BluetoothPbapService: Unlocked userId 0
03-22 00:11:15.324  1771  1771 I BluetoothPbapService: setUserUnlocked(0)
03-22 00:11:15.327  1579  1726 I ActivityManager: START u0 {act=android.intent.action.MAIN cat=[android.intent.category.HOME] flg=0x10000100 cmp=com.android.provision/.DefaultActivity} from uid 0
03-22 00:11:15.355  1579  1629 I chatty  : uid=1000(system) android.anim expire 7 lines
03-22 00:11:15.374  2276  2276 I oid.coreservic: The ClassLoaderContext is a special shared library.
03-22 00:11:15.380  1432  2237 I chatty  : uid=1000(system) Binder:1432_5 expire 6 lines
03-22 00:11:15.389  1579  1596 W ActivityManager: Slow operation: 185ms so far, now at startProcess: asking zygote to start proc
03-22 00:11:15.396  1579  2246 I BackupManagerService: Unlocking system user; mService=com.android.server.backup.BackupManagerService@6843a04
03-22 00:11:15.396  1579  2246 I BackupManagerService: Backup enable apparently not migrated
03-22 00:11:15.396  1579  2246 I BackupManagerService: Migrating enable state false
03-22 00:11:15.397  1579  2246 I BackupManagerService: Backup enabled => false
03-22 00:11:15.400  2262  2262 I SecureElementService: main onCreate
03-22 00:11:15.400  1349  1349 W hwservicemanager: getTransport: Cannot find entry android.hardware.secure_element@1.0::ISecureElement/eSE1 in either framework or device manifest.
03-22 00:11:15.401  2262  2262 I SecureElementService: No HAL implementation for eSE1
03-22 00:11:15.401  1349  1349 W hwservicemanager: getTransport: Cannot find entry android.hardware.secure_element@1.0::ISecureElement/SIM1 in either framework or device manifest.
03-22 00:11:15.401  1579  1579 D NotificationListeners: Removing active service ComponentInfo{android.ext.services/android.ext.services.notification.Assistant}
03-22 00:11:15.402  2262  2262 I SecureElementService: No HAL implementation for SIM1
03-22 00:11:15.418  1950  1950 D TelephonyProvider: subIdString = 1 subId = 1
03-22 00:11:15.418  1950  1950 D TelephonyProvider: getPreferredApnIdFromApn: for subId 1
03-22 00:11:15.420  1579  1596 W ActivityManager: Slow operation: 216ms so far, now at startProcess: returned from zygote!
03-22 00:11:15.421  1579  1596 W ActivityManager: Slow operation: 217ms so far, now at startProcess: done updating battery stats
03-22 00:11:15.429  1579  1596 W ActivityManager: Slow operation: 225ms so far, now at startProcess: building log message
03-22 00:11:15.429  1579  1596 I ActivityManager: Start proc 2305:com.android.printspooler/u0a48 for service com.android.printspooler/.model.PrintSpoolerService
03-22 00:11:15.429  1579  1596 W ActivityManager: Slow operation: 225ms so far, now at startProcess: starting to update pids map
03-22 00:11:15.429  1579  1596 W ActivityManager: Slow operation: 225ms so far, now at startProcess: done updating pids map
03-22 00:11:15.429  1579  1596 W ActivityManager: Slow operation: 194ms so far, now at startProcess: asking zygote to start proc
03-22 00:11:15.442  1471  1471 I ldinit  : on_update_zyte exec finish!
03-22 00:11:15.443  1579  1596 W ActivityManager: Slow operation: 208ms so far, now at startProcess: returned from zygote!
03-22 00:11:15.443  1579  1596 W ActivityManager: Slow operation: 208ms so far, now at startProcess: done updating battery stats
03-22 00:11:15.444  1452  1452 W VSoCRil : INITIAL ATTACH APN
03-22 00:11:15.449  2305  2305 W nativebridge: Failed to bind-mount /data/local/cfg-nnayn/ as /proc/cpuinfo: Not a directory
03-22 00:11:15.449  2305  2305 I Zygote  : seccomp disabled by setenforce 0
03-22 00:11:15.451  2313  2313 I Zygote  : seccomp disabled by setenforce 0
03-22 00:11:15.451  2313  2313 D nativebridge: call UnloadNativeBridge! state=1
03-22 00:11:15.452  1348  1348 E SELinux : avc:  denied  { find } for service=activity pid=2322 uid=0 scontext=u:r:ldinit:s0 tcontext=u:object_r:activity_service:s0 tclass=service_manager permissive=1
03-22 00:11:15.452  2305  2305 D nativebridge: call UnloadNativeBridge! state=1
03-22 00:11:15.457  1579  1596 W ActivityManager: Slow operation: 222ms so far, now at startProcess: building log message
03-22 00:11:15.457  1579  1596 I ActivityManager: Start proc 2313:android.process.media/u0a8 for broadcast com.android.providers.downloads/.DownloadReceiver
03-22 00:11:15.457  1579  1596 W ActivityManager: Slow operation: 222ms so far, now at startProcess: starting to update pids map
03-22 00:11:15.457  1579  1596 W ActivityManager: Slow operation: 222ms so far, now at startProcess: done updating pids map
03-22 00:11:15.457  1579  1596 W ActivityManager: Slow operation: 91ms so far, now at startProcess: asking zygote to start proc
03-22 00:11:15.458  1771  2080 I HeadsetPhoneState: stopListenForPhoneState(), no listener indicates nothing is listening
03-22 00:11:15.458  1771  2080 W HeadsetPhoneState: startListenForPhoneState, no event to listen
03-22 00:11:15.467  1579  1596 W ActivityManager: Slow operation: 101ms so far, now at startProcess: returned from zygote!
03-22 00:11:15.476  2342  2342 I Zygote  : seccomp disabled by setenforce 0
03-22 00:11:15.477  2342  2342 D nativebridge: call UnloadNativeBridge! state=1
03-22 00:11:15.487  1348  1348 E SELinux : avc:  denied  { find } for service=tab pid=2313 uid=10008 scontext=u:r:mediaprovider:s0:c512,c768 tcontext=u:object_r:default_android_service:s0 tclass=service_manager permissive=1
03-22 00:11:15.494  1579  1596 W ActivityManager: Slow operation: 128ms so far, now at startProcess: done updating battery stats
03-22 00:11:15.494  1579  1596 W ActivityManager: Slow operation: 128ms so far, now at startProcess: building log message
03-22 00:11:15.494  1579  1596 I ActivityManager: Start proc 2342:com.android.provision/u0a13 for activity com.android.provision/.DefaultActivity
03-22 00:11:15.494  1579  1596 W ActivityManager: Slow operation: 128ms so far, now at startProcess: starting to update pids map
03-22 00:11:15.494  1579  1596 W ActivityManager: Slow operation: 128ms so far, now at startProcess: done updating pids map
03-22 00:11:15.496  1348  1348 E SELinux : avc:  denied  { find } for service=tab pid=2305 uid=10048 scontext=u:r:untrusted_app:s0:c48,c256,c512,c768 tcontext=u:object_r:default_android_service:s0 tclass=service_manager permissive=1
03-22 00:11:15.521  2313  2313 I d.process.medi: The ClassLoaderContext is a special shared library.
03-22 00:11:15.564  2342  2342 I droid.provisio: The ClassLoaderContext is a special shared library.
03-22 00:11:15.569  2305  2305 I id.printspoole: The ClassLoaderContext is a special shared library.
03-22 00:11:15.569  1402  2170 W DnsTlsSocket: SSL_connect error 5, errno=111
03-22 00:11:15.569  1402  2170 E DnsTlsSocket: Failed to increment eventfd by -9223372036854775808
03-22 00:11:15.577  2313  2313 I d.process.medi: The ClassLoaderContext is a special shared library.
03-22 00:11:15.583  2197  2365 D ExtAssistant: File doesn't exist or isn't readable yet
03-22 00:11:15.640  1579  1579 I LockSettingsService: Reporting device setup complete to IGateKeeperService
03-22 00:11:15.640  1453  1453 D PermissionCache: checking android.permission.ACCESS_KEYGUARD_SECURE_STORAGE for uid=1000 => granted (322 us)
03-22 00:11:15.640  1453  1453 I gatekeeperd: cold boot: clearing state
03-22 00:11:15.664  1579  2291 D PackageManager: Instant App installer not found with android.intent.action.INSTALL_INSTANT_APP_PACKAGE
03-22 00:11:15.664  1579  2291 D PackageManager: Clear ephemeral installer activity
03-22 00:11:15.665  1771  2080 I HeadsetPhoneState: stopListenForPhoneState(), no listener indicates nothing is listening
03-22 00:11:15.665  1771  2080 W HeadsetPhoneState: startListenForPhoneState, no event to listen
03-22 00:11:15.683  2313  2313 I DownloadManager: Upgrading downloads database from version 0 to version 110, which will destroy all old data
03-22 00:11:15.687  1579  1579 W Looper  : Drained
03-22 00:11:15.746  1950  2109 D IntentBroadcaster: Broadcasting and adding intent for rebroadcast: android.intent.action.SIM_STATE_CHANGED LOADED for slotId 0
03-22 00:11:15.748  1579  1579 I DevicePolicyManager: Set ro.device_owner property to false
03-22 00:11:15.754  2342  2342 D OpenGLRenderer: Skia GL Pipeline
03-22 00:11:15.815  1579  1596 W ActivityManager: Slow operation: 62ms so far, now at startProcess: asking zygote to start proc
03-22 00:11:15.826  1579  1596 W ActivityManager: Slow operation: 73ms so far, now at startProcess: returned from zygote!
03-22 00:11:15.826  2372  2372 I Zygote  : seccomp disabled by setenforce 0
03-22 00:11:15.827  2372  2372 D nativebridge: call UnloadNativeBridge! state=1
03-22 00:11:15.854  1950  2109 D CarrierConfigLoader: update config for phoneId: 0 simState: LOADED
03-22 00:11:15.854  1950  2109 D CarrierSvcBindHelper: update binding for phoneId: 0 simState: LOADED
03-22 00:11:15.866  1579  2084 W ActivityManager: Slow operation: 113ms so far, now at startProcess: done updating battery stats
03-22 00:11:15.875  1579  2084 W ActivityManager: Slow operation: 122ms so far, now at startProcess: building log message
03-22 00:11:15.875  1579  2084 I ActivityManager: Start proc 2372:com.android.keychain/1000 for service com.android.keychain/.KeyChainService
03-22 00:11:15.875  1579  2084 W ActivityManager: Slow operation: 122ms so far, now at startProcess: starting to update pids map
03-22 00:11:15.875  1579  2084 W ActivityManager: Slow operation: 122ms so far, now at startProcess: done updating pids map
03-22 00:11:15.891  1579  1858 I ActivityManager: START u0 {act=android.intent.action.MAIN cat=[android.intent.category.HOME] flg=0x10000100 cmp=com.android.launcher3/.Launcher} from uid 0
03-22 00:11:15.921  2372  2372 I ndroid.keychai: The ClassLoaderContext is a special shared library.
03-22 00:11:15.930  2387  2387 I Zygote  : seccomp disabled by setenforce 0
03-22 00:11:15.930  2387  2387 D nativebridge: call UnloadNativeBridge! state=1
03-22 00:11:15.943  1579  2084 I ActivityManager: Start proc 2387:com.android.launcher3/u0a49 for activity com.android.launcher3/.Launcher
03-22 00:11:15.949  1348  1348 E SELinux : avc:  denied  { find } for service=tab pid=2387 uid=10049 scontext=u:r:untrusted_app_25:s0:c512,c768 tcontext=u:object_r:default_android_service:s0 tclass=service_manager permissive=1
03-22 00:11:15.978  2387  2387 I droid.launcher: The ClassLoaderContext is a special shared library.
03-22 00:11:16.003  1950  1950 I TelecomFramework: PstnPhoneCapabilitiesNotifier: handleVideoCapabilitesChanged. Video capability - false
03-22 00:11:16.005  2387  2387 D OpenGLRenderer: Skia GL Pipeline
03-22 00:11:16.006  1579  1593 D PinnerService: pinRangeStream: null
03-22 00:11:16.008  1579  1593 D AutofillManagerServiceImpl: Reset component for user 0 ()
03-22 00:11:16.008  1579  1593 D AutofillManagerServiceImpl: Reset component for user 0 ()
03-22 00:11:16.008  1579  1593 D FieldClassificationStrategy: reset(): service is not bound. Do nothing.
03-22 00:11:16.008  1579  1595 D AutofillUI: destroySaveUiUiThread(): already destroyed
03-22 00:11:16.024  2313  2313 D MediaScannerReceiver: action: android.intent.action.MEDIA_MOUNTED path: /storage/emulated/0
03-22 00:11:16.030  1579  1897 W AppWidgetServiceImpl: Failed to read state: java.io.FileNotFoundException: /data/system/users/0/appwidgets.xml (No such file or directory)
03-22 00:11:16.068  1579  1596 I ActivityManager: Start proc 2412:com.android.managedprovisioning/u0a26 for broadcast com.android.managedprovisioning/.ota.PreBootListener
03-22 00:11:16.072  2387  2387 D Launcher.Model: Old launcher provider: content://com.android.launcher2.settings/favorites?notify=true
03-22 00:11:16.072  2387  2387 D Launcher.Model: Old launcher provider does not exist.
03-22 00:11:16.078  2412  2412 I Zygote  : seccomp disabled by setenforce 0
03-22 00:11:16.078  2412  2412 D nativebridge: call UnloadNativeBridge! state=1
03-22 00:11:16.080  2387  2387 D LdShortcut: loadConfig, set=[]
03-22 00:11:16.081  2387  2387 D AdSdkInterface: init remoteReceiver
03-22 00:11:16.082  1782  1782 I RenderThread: type=1400 audit(0.0:404): avc: denied { ioctl } for path="/dev/fastpipe" dev="tmpfs" ino=6233 ioctlcmd=6867 scontext=u:r:platform_app:s0:c512,c768 tcontext=u:object_r:device:s0 tclass=chr_file permissive=1
03-22 00:11:16.082  1782  1782 W RenderThread: type=1300 audit(0.0:404): arch=c000003e syscall=16 success=yes exit=0 a0=4c a1=80046867 a2=7638888f8f30 a3=fffffffffffff16b items=0 ppid=1403 auid=4294967295 uid=10021 gid=10021 euid=10021 suid=10021 fsuid=10021 egid=10021 sgid=10021 fsgid=10021 tty=(none) ses=4294967295 exe="/system/bin/app_process64" subj=u:r:platform_app:s0:c512,c768 key=(null)
03-22 00:11:16.082  1362  1362 W auditd  : type=1327 audit(0.0:404): proctitle="com.android.systemui"
03-22 00:11:16.082  1362  1362 W auditd  : type=1320 audit(0.0:404): 
03-22 00:11:16.082  2412  2412 I gedprovisioning: type=1400 audit(0.0:405): avc: denied { open } for path="/data/local/cfg-nnayn/app_device" dev="sdb2" ino=131291 scontext=u:r:platform_app:s0:c512,c768 tcontext=u:object_r:system_data_file:s0 tclass=file permissive=1
03-22 00:11:16.100  1579  1897 I Telecom : PhoneAccountRegistrar: Modify account: [ComponentInfo{com.android.phone/com.android.services.telephony.TelephonyConnectionService}, ***, UserHandle{0}]: TSI.rPA@ABs
03-22 00:11:16.102  2412  2412 I gedprovisionin: The ClassLoaderContext is a special shared library.
03-22 00:11:16.107  2387  2387 W Launcher: setApplicationContext called twice! old=com.android.launcher3.LauncherApplication@93e6fd1 new=com.android.launcher3.LauncherApplication@93e6fd1
03-22 00:11:16.121  1579  1769 W ContextImpl: Calling a method in the system process without a qualified user: android.app.ContextImpl.sendBroadcastAsUserMultiplePermissions:1053 com.android.server.TelephonyRegistry.broadcastCallStateChanged:1602 com.android.server.TelephonyRegistry.notifyCallStateForPhoneId:793 com.android.internal.telephony.ITelephonyRegistry$Stub.onTransact:122 android.os.Binder.execTransact:731 
03-22 00:11:16.130  1579  1897 I PreBootBroadcaster: Pre-boot of {com.android.providers.calendar/com.android.providers.calendar.CalendarUpgradeReceiver} for user 0
03-22 00:11:16.150  2387  2387 D AdSdkInterface: resetLayoutEx
03-22 00:11:16.162  2387  2434 D NetworkSecurityConfig: No Network Security Config specified, using platform default
03-22 00:11:16.165  1579  1596 I ActivityManager: Start proc 2435:android.process.acore/u0a19 for broadcast com.android.providers.contacts/.PhoneAccountRegistrationReceiver
03-22 00:11:16.165  2387  2411 D Launcher.Model: 11683562 - loadWorkspace()
03-22 00:11:16.165  2387  2411 D Launcher.LauncherProvider: loading default workspace
03-22 00:11:16.166  2387  2387 D LdHotSeatAdImp: getServerConfigSync.
03-22 00:11:16.170  2435  2435 I Zygote  : seccomp disabled by setenforce 0
03-22 00:11:16.171  2387  2411 E DefaultLayoutParser: Default layout parser initialized
03-22 00:11:16.171  2435  2435 D nativebridge: call UnloadNativeBridge! state=1
03-22 00:11:16.182  1348  1348 E SELinux : avc:  denied  { find } for service=tab pid=2435 uid=10019 scontext=u:r:priv_app:s0:c512,c768 tcontext=u:object_r:default_android_service:s0 tclass=service_manager permissive=1
03-22 00:11:16.191  2387  2387 E LdWallpaper: wallpaper:desiredMinimumWidth=1080
03-22 00:11:16.191  2387  2387 E LdWallpaper: wallpaper:desiredMinimumHeight=1920
03-22 00:11:16.191  2387  2387 E LdWallpaper: wallpaper:bmp.W=1080
03-22 00:11:16.191  2387  2387 E LdWallpaper: wallpaper:bmp.H=1920
03-22 00:11:16.193  2435  2435 I d.process.acor: The ClassLoaderContext is a special shared library.
03-22 00:11:16.201  1771  2080 I HeadsetPhoneState: stopListenForPhoneState(), no listener indicates nothing is listening
03-22 00:11:16.201  1771  2080 W HeadsetPhoneState: startListenForPhoneState, no event to listen
03-22 00:11:16.263  2435  2457 I ContactsDatabaseHelper: Bootstrapping database contacts2.db version: 1300
03-22 00:11:16.265  2435  2435 I ContactsPerf: VoicemailContentProvider.onCreate start
03-22 00:11:16.266  2435  2435 I ContactsPerf: VoicemailContentProvider.onCreate finish
03-22 00:11:16.273  2435  2457 I ContactsProviderV1: Bootstrapping database legacy support
03-22 00:11:16.277  2435  2435 I d.process.acor: The ClassLoaderContext is a special shared library.
03-22 00:11:16.287  2435  2435 D StrictMode: StrictMode policy violation; ~duration=71 ms: android.os.strictmode.DiskWriteViolation
03-22 00:11:16.287  2435  2435 D StrictMode: 	at android.os.StrictMode$AndroidBlockGuardPolicy.onWriteToDisk(StrictMode.java:1460)
03-22 00:11:16.287  2435  2435 D StrictMode: 	at libcore.io.BlockGuardOs.mkdir(BlockGuardOs.java:196)
03-22 00:11:16.287  2435  2435 D StrictMode: 	at android.system.Os.mkdir(Os.java:323)
03-22 00:11:16.287  2435  2435 D StrictMode: 	at android.app.ContextImpl.ensurePrivateDirExists(ContextImpl.java:608)
03-22 00:11:16.287  2435  2435 D StrictMode: 	at android.app.ContextImpl.ensurePrivateDirExists(ContextImpl.java:596)
03-22 00:11:16.287  2435  2435 D StrictMode: 	at android.app.ContextImpl.getPreferencesDir(ContextImpl.java:552)
03-22 00:11:16.287  2435  2435 D StrictMode: 	at android.app.ContextImpl.getSharedPreferencesPath(ContextImpl.java:747)
03-22 00:11:16.287  2435  2435 D StrictMode: 	at android.app.ContextImpl.getSharedPreferences(ContextImpl.java:400)
03-22 00:11:16.287  2435  2435 D StrictMode: 	at android.content.ContextWrapper.getSharedPreferences(ContextWrapper.java:174)
03-22 00:11:16.287  2435  2435 D StrictMode: 	at android.preference.PreferenceManager.getDefaultSharedPreferences(PreferenceManager.java:526)
03-22 00:11:16.287  2435  2435 D StrictMode: 	at com.android.providers.contacts.FastScrollingIndexCache.getInstance(FastScrollingIndexCache.java:95)
03-22 00:11:16.287  2435  2435 D StrictMode: 	at com.android.providers.contacts.ContactsProvider2.initialize(ContactsProvider2.java:1588)
03-22 00:11:16.287  2435  2435 D StrictMode: 	at com.android.providers.contacts.ContactsProvider2.onCreate(ContactsProvider2.java:1563)
03-22 00:11:16.287  2435  2435 D StrictMode: 	at android.content.ContentProvider.attachInfo(ContentProvider.java:1920)
03-22 00:11:16.287  2435  2435 D StrictMode: 	at android.content.ContentProvider.attachInfo(ContentProvider.java:1895)
03-22 00:11:16.287  2435  2435 D StrictMode: 	at android.app.ActivityThread.installProvider(ActivityThread.java:6556)
03-22 00:11:16.287  2435  2435 D StrictMode: 	at android.app.ActivityThread.installContentProviders(ActivityThread.java:6103)
03-22 00:11:16.287  2435  2435 D StrictMode: 	at android.app.ActivityThread.handleBindApplication(ActivityThread.java:6012)
03-22 00:11:16.287  2435  2435 D StrictMode: 	at android.app.ActivityThread.access$1100(ActivityThread.java:207)
03-22 00:11:16.287  2435  2435 D StrictMode: 	at android.app.ActivityThread$H.handleMessage(ActivityThread.java:1663)
03-22 00:11:16.287  2435  2435 D StrictMode: 	at android.os.Handler.dispatchMessage(Handler.java:106)
03-22 00:11:16.287  2435  2435 D StrictMode: 	at android.os.Looper.loop(Looper.java:193)
03-22 00:11:16.287  2435  2435 D StrictMode: 	at android.app.ActivityThread.main(ActivityThread.java:6834)
03-22 00:11:16.287  2435  2435 D StrictMode: 	at java.lang.reflect.Method.invoke(Native Method)
03-22 00:11:16.287  2435  2435 D StrictMode: 	at com.android.internal.os.RuntimeInit$MethodAndArgsCaller.run(RuntimeInit.java:493)
03-22 00:11:16.287  2435  2435 D StrictMode: 	at com.android.internal.os.ZygoteInit.main(ZygoteInit.java:860)
03-22 00:11:16.287  2435  2435 D StrictMode: StrictMode policy violation; ~duration=71 ms: android.os.strictmode.DiskWriteViolation
03-22 00:11:16.287  2435  2435 D StrictMode: 	at android.os.StrictMode$AndroidBlockGuardPolicy.onWriteToDisk(StrictMode.java:1460)
03-22 00:11:16.287  2435  2435 D StrictMode: 	at libcore.io.BlockGuardOs.chmod(BlockGuardOs.java:72)
03-22 00:11:16.287  2435  2435 D StrictMode: 	at android.system.Os.chmod(Os.java:85)
03-22 00:11:16.287  2435  2435 D StrictMode: 	at android.app.ContextImpl.ensurePrivateDirExists(ContextImpl.java:609)
03-22 00:11:16.287  2435  2435 D StrictMode: 	at android.app.ContextImpl.ensurePrivateDirExists(ContextImpl.java:596)
03-22 00:11:16.287  2435  2435 D StrictMode: 	at android.app.ContextImpl.getPreferencesDir(ContextImpl.java:552)
03-22 00:11:16.287  2435  2435 D StrictMode: 	at android.app.ContextImpl.getSharedPreferencesPath(ContextImpl.java:747)
03-22 00:11:16.287  2435  2435 D StrictMode: 	at android.app.ContextImpl.getSharedPreferences(ContextImpl.java:400)
03-22 00:11:16.287  2435  2435 D StrictMode: 	at android.content.ContextWrapper.getSharedPreferences(ContextWrapper.java:174)
03-22 00:11:16.287  2435  2435 D StrictMode: 	at android.preference.PreferenceManager.getDefaultSharedPreferences(PreferenceManager.java:526)
03-22 00:11:16.287  2435  2435 D StrictMode: 	at com.android.providers.contacts.FastScrollingIndexCache.getInstance(FastScrollingIndexCache.java:95)
03-22 00:11:16.287  2435  2435 D StrictMode: 	at com.android.providers.contacts.ContactsProvider2.initialize(ContactsProvider2.java:1588)
03-22 00:11:16.287  2435  2435 D StrictMode: 	at com.android.providers.contacts.ContactsProvider2.onCreate(ContactsProvider2.java:1563)
03-22 00:11:16.287  2435  2435 D StrictMode: 	at android.content.ContentProvider.attachInfo(ContentProvider.java:1920)
03-22 00:11:16.287  2435  2435 D StrictMode: 	at android.content.ContentProvider.attachInfo(ContentProvider.java:1895)
03-22 00:11:16.287  2435  2435 D StrictMode: 	at android.app.ActivityThread.installProvider(ActivityThread.java:6556)
03-22 00:11:16.287  2435  2435 D StrictMode: 	at android.app.ActivityThread.installContentProviders(ActivityThread.java:6103)
03-22 00:11:16.287  2435  2435 D StrictMode: 	at android.app.ActivityThread.handleBindApplication(ActivityThread.java:6012)
03-22 00:11:16.287  2435  2435 D StrictMode: 	at android.app.ActivityThread.access$1100(ActivityThread.java:207)
03-22 00:11:16.287  2435  2435 D StrictMode: 	at android.app.ActivityThread$H.handleMessage(ActivityThread.java:1663)
03-22 00:11:16.287  2435  2435 D StrictMode: 	at android.os.Handler.dispatchMessage(Handler.java:106)
03-22 00:11:16.287  2435  2435 D StrictMode: 	at android.os.Looper.loop(Looper.java:193)
03-22 00:11:16.287  2435  2435 D StrictMode: 	at android.app.ActivityThread.main(ActivityThread.java:6834)
03-22 00:11:16.287  2435  2435 D StrictMode: 	at java.lang.reflect.Method.invoke(Native Method)
03-22 00:11:16.287  2435  2435 D StrictMode: 	at com.android.internal.os.RuntimeInit$MethodAndArgsCaller.run(RuntimeInit.java:493)
03-22 00:11:16.287  2435  2435 D StrictMode: 	at com.android.internal.os.ZygoteInit.main(ZygoteInit.java:860)
03-22 00:11:16.300  2435  2457 D ContactsDatabaseHelper: WAL enabled for contacts2.db: true
03-22 00:11:16.312  2435  2460 I CallLogDatabaseHelper: Migrating from old tables...
03-22 00:11:16.312  2435  2460 I CallLogDatabaseHelper: Source tables don't exist.
03-22 00:11:16.316  2276  2276 W ContextImpl: Calling a method in the system process without a qualified user: android.app.ContextImpl.startService:1531 android.content.ContextWrapper.startService:664 android.content.ContextWrapper.startService:664 com.android.coreservice.CoreBroadcastReceiver.onReceive:54 android.app.ActivityThread.handleReceiver:3424 
03-22 00:11:16.317  2435  2459 I CallLogDatabaseHelper: Migrating from old tables...
03-22 00:11:16.317  2435  2459 I CallLogDatabaseHelper: Source tables don't exist.
03-22 00:11:16.323  2435  2457 I ContactLocale: AddressBook Labels [[zh_CN]]: […, A, B, C, D, E, F, G, H, I, J, K, L, M, N, O, P, Q, R, S, T, U, V, W, X, Y, Z, Α, Β, Γ, Δ, Ε, Ζ, Η, Θ, Ι, Κ, Λ, Μ, Ν, Ξ, Ο, Π, Ρ, Σ, Τ, Υ, Φ, Χ, Ψ, Ω, …, А, Б, В, Г, Д, Ђ, Е, Є, Ж, З, И, І, Й, Ј, К, Л, Љ, М, Н, Њ, О, П, Р, С, Т, Ћ, У, Ф, Х, Ц, Ч, Џ, Ш, Щ, Ю, Я, …, א, ב, ג, ד, ה, ו, ז, ח, ט, י, כ, ל, מ, נ, ס, ע, פ, צ, ק, ר, ש, ת, …, ا, ب, ت, ث, ج, ح, خ, د, ذ, ر, ز, س, ش, ص, ض, ط, ظ, ع, غ, ف, ق, ك, ل, م, ن, ه, و, ي, …, ก, ข, ฃ, ค, ฅ, ฆ, ง, จ, ฉ, ช, ซ, ฌ, ญ, ฎ, ฏ, ฐ, ฑ, ฒ, ณ, ด, ต, ถ, ท, ธ, น, บ, ป, ผ, ฝ, พ, ฟ, ภ, ม, ย, ร, ฤ, ล, ฦ, ว, ศ, ษ, ส, ห, ฬ, อ, ฮ, …, ㄱ, ㄴ, ㄷ, ㄹ, ㅁ, ㅂ, ㅅ, ㅇ, ㅈ, ㅊ, ㅋ, ㅌ, ㅍ, ㅎ, …, あ, か, さ, た, な, は, ま, や, ら, わ, #, …]
03-22 00:11:16.330  2276  2276 I CoreService: CoreService create!
03-22 00:11:16.333  2276  2276 W ContextImpl: Calling a method in the system process without a qualified user: android.app.ContextImpl.startService:1531 android.content.ContextWrapper.startService:664 android.content.ContextWrapper.startService:664 com.android.coreservice.CoreBroadcastReceiver.onReceive:45 android.app.ActivityThread.handleReceiver:3424 
03-22 00:11:16.340  2276  2276 I         : fastpipe: Connect success
03-22 00:11:16.340  2276  2276 W ContextImpl: Calling a method in the system process without a qualified user: android.app.ContextImpl.startService:1531 android.content.ContextWrapper.startService:664 android.content.ContextWrapper.startService:664 com.android.coreservice.CoreBroadcastReceiver.onReceive:54 android.app.ActivityThread.handleReceiver:3424 
03-22 00:11:16.342  2276  2464 I CoreService:  Listener running !
03-22 00:11:16.343  1771  2080 I HeadsetPhoneState: stopListenForPhoneState(), no listener indicates nothing is listening
03-22 00:11:16.343  1771  2080 W HeadsetPhoneState: startListenForPhoneState, no event to listen
03-22 00:11:16.349  2435  2457 I ContactsDatabaseHelper: Bootstrapping database contacts2.db version: 1300
03-22 00:11:16.359  2435  2457 I ContactsProviderV1: Bootstrapping database legacy support
03-22 00:11:16.359  2276  2276 W ContextImpl: Calling a method in the system process without a qualified user: android.app.ContextImpl.startActivity:887 android.content.ContextWrapper.startActivity:379 com.android.coreservice.CoreService.openUri:786 com.android.coreservice.HostService.onReceived:334 com.android.coreservice.HostService.onData:242 
03-22 00:11:16.359  2276  2276 W ContextImpl: Calling a method in the system process without a qualified user: android.app.ContextImpl.startActivity:899 android.app.ContextImpl.startActivity:888 android.content.ContextWrapper.startActivity:379 com.android.coreservice.CoreService.openUri:786 com.android.coreservice.HostService.onReceived:334 
03-22 00:11:16.366  2435  2457 D ContactsDatabaseHelper: WAL enabled for profile.db: false
03-22 00:11:16.390  2387  2411 D Launcher.LauncherProvider: 11683562 - initializeMaxScreenId(): 3
03-22 00:11:16.391  2387  2411 D Launcher.Model: 11683562 -   loadedOldDb: false
03-22 00:11:16.394  1579  1858 I ActivityManager: START u0 {act=android.intent.action.VIEW flg=0x10200000 cmp=com.android.flysilkworm/.app.activity.FirstStartActivity (has extras)} from uid 1000
03-22 00:11:16.394  2387  2411 W Launcher: setApplicationContext called twice! old=com.android.launcher3.LauncherApplication@93e6fd1 new=com.android.launcher3.LauncherApplication@93e6fd1
03-22 00:11:16.403  2276  2276 W System.err: java.
lang.IllegalArgumentException: Unknown package: com.android.good.miner
03-22 00:11:16.403  2276  2276 W System.err: 	at android.os.Parcel.createException(Parcel.java:1970)
03-22 00:11:16.403  2276  2276 W System.err: 	at android.os.Parcel.readException(Parcel.java:1934)
03-22 00:11:16.403  2276  2276 W System.err: 	at android.os.Parcel.readException(Parcel.java:1884)
03-22 00:11:16.403  2276  2276 W System.err: 	at android.content.pm.IPackageManager$Stub$Proxy.deletePackageAsUser(IPackageManager.java:4306)
