03-22 00:11:12.799  1771  1771 I BluetoothHealthServiceJni: classInitNative: succeeds
03-22 00:11:12.799  1771  1958 I bt_bta_hh: BTA_HhEnable sec_mask:0x36 p_cback:0x76387e40ed80
03-22 00:11:12.799  1771  1958 I bt_btif_storage: btif_storage_get_adapter_property service_mask:0x20100048
03-22 00:11:12.799  1771  2059 I bt_stack: [INFO:gatt_api.cc(948)] GATT_Register 0aa3633a-7fc7-2ad7-ab0f-f3d3a968a56b
03-22 00:11:12.799  1771  2059 I bt_stack: [INFO:gatt_api.cc(968)] allocated gatt_if=4
03-22 00:11:12.803  1771  1771 D BluetoothAdapterService: getAdapterService() - returning com.android.bluetooth.btservice.AdapterService@24d7a36
03-22 00:11:12.808  1771  1771 I bt_btif : get_profile_interface: id = health
03-22 00:11:12.808  1771  1771 D HealthService: setHealthService(): set to: com.android.bluetooth.hdp.HealthService@4ec2221
03-22 00:11:12.808  1771  1771 I BluetoothPanServiceJni: classInitNative(L111): succeeds
03-22 00:11:12.812  1771  1771 D BluetoothAdapterService: getAdapterService() - returning com.android.bluetooth.btservice.AdapterService@24d7a36
03-22 00:11:12.831  1771  1771 D BluetoothPanServiceJni: initializeNative(L116): pan
03-22 00:11:12.831  1771  1771 I bt_btif : get_profile_interface: id = pan
03-22 00:11:12.831  1771  1958 D BluetoothPanServiceJni: control_state_callback(L63): state:0, local_role:3, ifname:bt-pan
03-22 00:11:12.831  1410  2061 I dual_mode_controller: Command opcode: 0x0C3A, OGF: 0x0003, OCF: 0x003A
03-22 00:11:12.831  1410  2061 I dual_mode_controller: Controller performing command: Write Current IAC LAP
03-22 00:11:12.831  1771  1771 D BluetoothAdapterService: handleMessage() - Message: 1
03-22 00:11:12.831  1771  1771 D BluetoothAdapterService: handleMessage() - MESSAGE_PROFILE_SERVICE_STATE_CHANGED
03-22 00:11:12.831  1410  2061 I dual_mode_controller: Command opcode: 0x0C1E, OGF: 0x0003, OCF: 0x001E
03-22 00:11:12.831  1410  2061 I dual_mode_controller: Controller performing command: Write Inquiry Scan Activity
03-22 00:11:12.831  1771  1771 D HeadsetPhoneState: sendDeviceStateChanged. mService=0 mIsSimStateLoaded=false mSignal=0 mRoam=0 mBatteryCharge=5
03-22 00:11:12.831  1410  2061 I dual_mode_controller: Command opcode: 0x0C1A, OGF: 0x0003, OCF: 0x001A
03-22 00:11:12.831  1410  2061 I dual_mode_controller: Controller performing command: Write Scan Enable
03-22 00:11:12.831  1410  2061 I dual_mode_controller: Command opcode: 0x0C1A, OGF: 0x0003, OCF: 0x001A
03-22 00:11:12.831  1410  2061 I dual_mode_controller: Controller performing command: Write Scan Enable
03-22 00:11:12.831  1410  2061 I dual_mode_controller: Command opcode: 0x0C1E, OGF: 0x0003, OCF: 0x001E
03-22 00:11:12.831  1410  2061 I dual_mode_controller: Controller performing command: Write Inquiry Scan Activity
03-22 00:11:12.831  1410  2061 I dual_mode_controller: Command opcode: 0x0C1A, OGF: 0x0003, OCF: 0x001A
03-22 00:11:12.831  1410  2061 I dual_mode_controller: Controller performing command: Write Scan Enable
03-22 00:11:12.831  1410  2061 I dual_mode_controller: Command opcode: 0x0C1A, OGF: 0x0003, OCF: 0x001A
03-22 00:11:12.831  1410  2061 I dual_mode_controller: Controller performing command: Write Scan Enable
03-22 00:11:12.831  1410  2061 I dual_mode_controller: Command opcode: 0x0C52, OGF: 0x0003, OCF: 0x0052
03-22 00:11:12.831  1410  2061 I dual_mode_controller: Controller performing command: Write Extended Inquiry Response
03-22 00:11:12.831  1410  2061 I dual_mode_controller: Command opcode: 0x0C52, OGF: 0x0003, OCF: 0x0052
03-22 00:11:12.831  1410  2061 I dual_mode_controller: Controller performing command: Write Extended Inquiry Response
03-22 00:11:12.831  1410  2061 I dual_mode_controller: Command opcode: 0x0C52, OGF: 0x0003, OCF: 0x0052
03-22 00:11:12.831  1410  2061 I dual_mode_controller: Controller performing command: Write Extended Inquiry Response
03-22 00:11:12.831  1410  2061 I dual_mode_controller: Command opcode: 0x0C52, OGF: 0x0003, OCF: 0x0052
03-22 00:11:12.831  1410  2061 I dual_mode_controller: Controller performing command: Write Extended Inquiry Response
03-22 00:11:12.831  1410  2061 I dual_mode_controller: Command opcode: 0x0C52, OGF: 0x0003, OCF: 0x0052
03-22 00:11:12.831  1410  2061 I dual_mode_controller: Controller performing command: Write Extended Inquiry Response
03-22 00:11:12.848  1771  1771 D BluetoothAdapterService: getAdapterService() - returning com.android.bluetooth.btservice.AdapterService@24d7a36
03-22 00:11:12.851  1579  1590 I chatty  : uid=1000(system) Binder:1579_1 expire 3 lines
03-22 00:11:12.857  1771  1771 D BluetoothMapService: start()
03-22 00:11:12.860  1771  1771 D BluetoothMapAccountLoader: Found 0 application(s) with intent android.bluetooth.action.BLUETOOTH_MAP_PROVIDER
03-22 00:11:12.862  1771  1771 D BluetoothMapAccountLoader: Found 0 application(s) with intent android.bluetooth.action.BLUETOOTH_MAP_IM_PROVIDER
03-22 00:11:12.862  1771  1771 D BluetoothMapAppObserver: createReceiver()
03-22 00:11:12.862  1771  1771 D BluetoothMapAppObserver: initObservers()
03-22 00:11:12.862  1771  1771 D BluetoothMapAppObserver: getEnabledAccountItems()
03-22 00:11:12.862  1771  1771 D BluetoothMapService: setBluetoothMapService(): set to: com.android.bluetooth.map.BluetoothMapService@54900d2
03-22 00:11:12.863  1771  1771 D BluetoothAdapterService: handleMessage() - Message: 2
03-22 00:11:12.863  1771  1771 D BluetoothAdapterService: handleMessage() - MESSAGE_PROFILE_SERVICE_REGISTERED
03-22 00:11:12.866  1771  1771 D BluetoothAdapterService: getAdapterService() - returning com.android.bluetooth.btservice.AdapterService@24d7a36
03-22 00:11:12.872  1771  1771 I NewAvrcpTargetService: Starting the AVRCP Target Service
03-22 00:11:12.883  1771  2099 D BluetoothMapMasInstance0: Map Service startSocketListeners
03-22 00:11:12.883  1771  2099 D ObexServerSockets: create(rfcomm = -2, l2capPsm = -2)
03-22 00:11:12.885  1579  1858 I chatty  : uid=1000(system) Binder:1579_5 expire 1 line
03-22 00:11:12.885  1771  1771 I NewAvrcpTargetJni: classInitNative: AvrcpTargetJni initialized!
03-22 00:11:12.885  1771  1771 D NewAvrcpNativeInterface: Init AvrcpNativeInterface
03-22 00:11:12.885  1771  1771 D NewAvrcpTargetJni: initNative
03-22 00:11:12.885  1771  2059 I bt_stack: [INFO:avrcp_service.cc(284)] AVRCP Target Service started
03-22 00:11:12.885  1771  2059 I bt_stack: [INFO:connection_handler.cc(184)] Connect to device ff:ff:ff:ff:ff:ff
03-22 00:11:12.885  1771  2059 I bt_stack: [INFO:connection_handler.cc(205)] virtual bool bluetooth::avrcp::ConnectionHandler::AvrcpConnect(bool, const RawAddress &): handle=0000 status= 000000
03-22 00:11:12.891  1771  1771 D BluetoothAdapterService: getAdapterService() - returning com.android.bluetooth.btservice.AdapterService@24d7a36
03-22 00:11:12.895  1771  2099 W BluetoothAdapter: getBluetoothService() called with no BluetoothManagerCallback
03-22 00:11:12.899  1771  1771 I bt_btif : get_profile_interface: id = hiddev
03-22 00:11:12.899  1771  1958 I bt_btif_storage: btif_storage_get_adapter_property service_mask:0x60100048
03-22 00:11:12.901  1771  2059 I bt_stack: [INFO:port_api.cc(230)] RFCOMM_CreateConnection: bd_addr=ff:ff:ff:ff:ff:ff, scn=4, is_server=1, mtu=990, uuid=0x0039, dlci=8, signal_state=0x0b, p_port=0x76387e808240
03-22 00:11:12.907  1771  2099 W BluetoothAdapter: getBluetoothService() called with no BluetoothManagerCallback
03-22 00:11:12.910  1771  1771 D BluetoothAdapterService: getAdapterService() - returning com.android.bluetooth.btservice.AdapterService@24d7a36
03-22 00:11:12.912  1771  1771 I hci_thread: type=1400 audit(0.0:267): avc: denied { call } for scontext=u:r:bluetooth:s0 tcontext=u:r:init:s0 tclass=binder permissive=1
03-22 00:11:12.912  1771  1771 W hci_thread: type=1300 audit(0.0:267): arch=c000003e syscall=16 success=yes exit=0 a0=49 a1=c0306201 a2=76387d462240 a3=1 items=0 ppid=1403 auid=4294967295 uid=1002 gid=1002 euid=1002 suid=1002 fsuid=1002 egid=1002 sgid=1002 fsgid=1002 tty=(none) ses=4294967295 exe="/system/bin/app_process64" subj=u:r:bluetooth:s0 key=(null)
03-22 00:11:12.912  1362  1362 W auditd  : type=1327 audit(0.0:267): proctitle="com.android.bluetooth"
03-22 00:11:12.912  1362  1362 W auditd  : type=1320 audit(0.0:267): 
03-22 00:11:12.913  1771  2099 D BluetoothAdapter: listenUsingL2capOn: set assigned channel to 4097
03-22 00:11:12.913  1771  2099 D ObexServerSockets: Succeed to create listening sockets 
03-22 00:11:12.913  1771  2099 D ObexServerSockets0: startAccept()
03-22 00:11:12.913  1782  1782 I CameraManagerGlobal: Connecting to camera service
03-22 00:11:12.913  1771  2099 D BluetoothSdpJni: sdpCreateMapMasRecordNative
03-22 00:11:12.913  1771  2099 D BluetoothSdpJni: SDP Create record success - handle: 0
03-22 00:11:12.914  1439  1439 I CameraService: CameraService::connect call (PID -1 "cameraserver", camera ID 0) for HAL version default and Camera API version 1
03-22 00:11:12.916  1410  2061 I dual_mode_controller: Command opcode: 0x0C52, OGF: 0x0003, OCF: 0x0052
03-22 00:11:12.916  1410  2061 I dual_mode_controller: Controller performing command: Write Extended Inquiry Response
03-22 00:11:12.916  1771  2103 D ObexServerSockets0: Accepting socket connection...
03-22 00:11:12.916  1771  2104 D ObexServerSockets0: Accepting socket connection...
03-22 00:11:12.917  1439  1439 E CameraProviderManager: filterLogicalCameraIdsLocked: Failed to getCameraCharacteristics for id 0
03-22 00:11:12.917  1771  1771 D BtOppService: setBluetoothOppService(): set to: com.android.bluetooth.opp.BluetoothOppService@8cea364
03-22 00:11:12.920  1771  1771 D BluetoothAdapterService: getAdapterService() - returning com.android.bluetooth.btservice.AdapterService@24d7a36
03-22 00:11:12.921  1447  1543 D NuPlayerDriver: NuPlayerDriver(0xf2a99180) created, clientPid(1439)
03-22 00:11:12.922  1447  2108 E FileSource: Failed to open file '/product/media/audio/ui/camera_click.ogg'. (No such file or directory)
03-22 00:11:12.922  1447  2108 E GenericSource: Failed to create data source!
03-22 00:11:12.922  1447  2107 D NuPlayerDriver: notifyListener_l(0xf2a99180), (100, 1, -2147483648, -1), loop setting(0, 0)
03-22 00:11:12.922  1439  1903 E MediaPlayerNative: error (1, -2147483648)
03-22 00:11:12.922  1439  1439 E CameraService: Failed to load CameraService sounds: /product/media/audio/ui/camera_click.ogg
03-22 00:11:12.922  1447  1543 D NuPlayerDriver: reset(0xf2a99180) at state 2
03-22 00:11:12.928  1771  1771 I BluetoothPbapService: setCurrentUser(0)
03-22 00:11:12.930  1447  1543 D NuPlayerDriver: notifyListener_l(0xf2a99180), (8, 0, 0, -1), loop setting(0, 0)
03-22 00:11:12.930  1447  2107 D NuPlayerDriver: notifyResetComplete(0xf2a99180)
03-22 00:11:12.931  1447  1543 D NuPlayerDriver: NuPlayerDriver(0xf2a99200) created, clientPid(1439)
03-22 00:11:12.935  1447  2112 D NuPlayerDriver: notifyListener_l(0xf2a99200), (1, 0, 0, -1), loop setting(0, 0)
03-22 00:11:12.935  1447  1543 D NuPlayerDriver: NuPlayerDriver(0xf2a99280) created, clientPid(1439)
03-22 00:11:12.936  1447  2116 E FileSource: Failed to open file '/product/media/audio/ui/VideoRecord.ogg'. (No such file or directory)
03-22 00:11:12.936  1447  2116 E GenericSource: Failed to create data source!
03-22 00:11:12.936  1447  2115 D NuPlayerDriver: notifyListener_l(0xf2a99280), (100, 1, -2147483648, -1), loop setting(0, 0)
03-22 00:11:12.936  1439  1903 E MediaPlayerNative: error (1, -2147483648)
03-22 00:11:12.936  1439  1439 E CameraService: Failed to load CameraService sounds: /product/media/audio/ui/VideoRecord.ogg
03-22 00:11:12.936  1447  1543 D NuPlayerDriver: reset(0xf2a99280) at state 2
03-22 00:11:12.937  1447  1543 D NuPlayerDriver: notifyListener_l(0xf2a99280), (8, 0, 0, -1), loop setting(0, 0)
03-22 00:11:12.937  1447  2115 D NuPlayerDriver: notifyResetComplete(0xf2a99280)
03-22 00:11:12.937  1447  1543 D NuPlayerDriver: NuPlayerDriver(0xf2a99300) created, clientPid(1439)
03-22 00:11:12.937  1579  1781 I chatty  : uid=1000 system_server expire 3 lines
03-22 00:11:12.939  1771  1771 D BluetoothPbapService: setBluetoothPbapService(): set to: com.android.bluetooth.pbap.BluetoothPbapService@963ffef
03-22 00:11:12.939  1771  1771 D BluetoothAdapterService: handleMessage() - Message: 1
03-22 00:11:12.939  1771  1771 D BluetoothAdapterService: handleMessage() - MESSAGE_PROFILE_SERVICE_STATE_CHANGED
03-22 00:11:12.939  1771  1771 D BluetoothAdapterService: handleMessage() - Message: 2
03-22 00:11:12.939  1771  1771 D BluetoothAdapterService: handleMessage() - MESSAGE_PROFILE_SERVICE_REGISTERED
03-22 00:11:12.939  1771  1771 D BluetoothAdapterService: handleMessage() - Message: 1
03-22 00:11:12.939  1771  1771 D BluetoothAdapterService: handleMessage() - MESSAGE_PROFILE_SERVICE_STATE_CHANGED
03-22 00:11:12.939  1771  1771 D BluetoothAdapterService: handleMessage() - Message: 2
03-22 00:11:12.939  1771  1771 D BluetoothAdapterService: handleMessage() - MESSAGE_PROFILE_SERVICE_REGISTERED
03-22 00:11:12.939  1771  1771 D BluetoothAdapterService: handleMessage() - Message: 1
03-22 00:11:12.939  1771  1771 D BluetoothAdapterService: handleMessage() - MESSAGE_PROFILE_SERVICE_STATE_CHANGED
03-22 00:11:12.939  1771  1771 D BluetoothAdapterService: handleMessage() - Message: 2
03-22 00:11:12.939  1771  1771 D BluetoothAdapterService: handleMessage() - MESSAGE_PROFILE_SERVICE_REGISTERED
03-22 00:11:12.939  1771  1771 D BluetoothAdapterService: handleMessage() - Message: 1
03-22 00:11:12.939  1771  1771 D BluetoothAdapterService: handleMessage() - MESSAGE_PROFILE_SERVICE_STATE_CHANGED
03-22 00:11:12.939  1771  1771 D BluetoothAdapterService: handleMessage() - Message: 2
03-22 00:11:12.939  1771  1771 D BluetoothAdapterService: handleMessage() - MESSAGE_PROFILE_SERVICE_REGISTERED
03-22 00:11:12.939  1771  1771 D BluetoothAdapterService: handleMessage() - Message: 1
03-22 00:11:12.939  1771  1771 D BluetoothAdapterService: handleMessage() - MESSAGE_PROFILE_SERVICE_STATE_CHANGED
03-22 00:11:12.939  1771  1771 D BluetoothAdapterService: handleMessage() - Message: 2
03-22 00:11:12.939  1771  1771 D BluetoothAdapterService: handleMessage() - MESSAGE_PROFILE_SERVICE_REGISTERED
03-22 00:11:12.939  1771  1771 D NewAvrcpVolumeManager: onAudioDevicesAdded: Not expecting device changed
03-22 00:11:12.939  1771  1771 D BluetoothAdapterService: handleMessage() - Message: 1
03-22 00:11:12.939  1771  1771 D BluetoothAdapterService: handleMessage() - MESSAGE_PROFILE_SERVICE_STATE_CHANGED
03-22 00:11:12.939  1771  1771 D BluetoothAdapterService: handleMessage() - Message: 2
03-22 00:11:12.939  1771  1771 D BluetoothAdapterService: handleMessage() - MESSAGE_PROFILE_SERVICE_REGISTERED
03-22 00:11:12.939  1771  1771 D BluetoothAdapterService: handleMessage() - Message: 1
03-22 00:11:12.939  1771  1771 D BluetoothAdapterService: handleMessage() - MESSAGE_PROFILE_SERVICE_STATE_CHANGED
03-22 00:11:12.939  1771  1771 D BluetoothAdapterService: handleMessage() - Message: 2
03-22 00:11:12.939  1771  1771 D BluetoothAdapterService: handleMessage() - MESSAGE_PROFILE_SERVICE_REGISTERED
03-22 00:11:12.939  1771  1771 D BluetoothAdapterService: handleMessage() - Message: 1
03-22 00:11:12.939  1771  1771 D BluetoothAdapterService: handleMessage() - MESSAGE_PROFILE_SERVICE_STATE_CHANGED
03-22 00:11:12.939  1771  1771 D BluetoothAdapterService: handleMessage() - Message: 2
03-22 00:11:12.939  1771  1771 D BluetoothAdapterService: handleMessage() - MESSAGE_PROFILE_SERVICE_REGISTERED
03-22 00:11:12.939  1771  1771 D BluetoothAdapterService: handleMessage() - Message: 1
03-22 00:11:12.939  1771  1771 D BluetoothAdapterService: handleMessage() - MESSAGE_PROFILE_SERVICE_STATE_CHANGED
03-22 00:11:12.939  1771  1771 D AdapterProperties: onBluetoothReady, state=TURNING_ON, ScanMode=20
03-22 00:11:12.939  1771  1771 D BluetoothAdapterService: updateUuids() - Updating UUIDs for bonded devices
03-22 00:11:12.940  1771  1964 D BluetoothActiveDeviceManager: handleMessage(MESSAGE_A2DP_ACTION_ACTIVE_DEVICE_CHANGED): device= null
03-22 00:11:12.940  1410  2061 I dual_mode_controller: Command opcode: 0x0C1E, OGF: 0x0003, OCF: 0x001E
03-22 00:11:12.940  1410  2061 I dual_mode_controller: Controller performing command: Write Inquiry Scan Activity
03-22 00:11:12.940  1771  2110 D ObexServerSockets: create(rfcomm = -2, l2capPsm = -2)
03-22 00:11:12.940  1410  2061 I dual_mode_controller: Command opcode: 0x0C1A, OGF: 0x0003, OCF: 0x001A
03-22 00:11:12.940  1410  2061 I dual_mode_controller: Controller performing command: Write Scan Enable
03-22 00:11:12.940  1447  2118 D NuPlayerDriver: notifyListener_l(0xf2a99300), (1, 0, 0, -1), loop setting(0, 0)
03-22 00:11:12.940  1410  2061 I dual_mode_controller: Command opcode: 0x0C1A, OGF: 0x0003, OCF: 0x001A
03-22 00:11:12.940  1410  2061 I dual_mode_controller: Controller performing command: Write Scan Enable
03-22 00:11:12.940  1447  1447 D NuPlayerDriver: NuPlayerDriver(0xf4419100) created, clientPid(1439)
03-22 00:11:12.940  1447  2125 E FileSource: Failed to open file '/product/media/audio/ui/VideoStop.ogg'. (No such file or directory)
03-22 00:11:12.940  1447  2125 E GenericSource: Failed to create data source!
03-22 00:11:12.940  1447  2124 D NuPlayerDriver: notifyListener_l(0xf4419100), (100, 1, -2147483648, -1), loop setting(0, 0)
03-22 00:11:12.940  1439  1903 E MediaPlayerNative: error (1, -2147483648)
03-22 00:11:12.941  1439  1439 E CameraService: Failed to load CameraService sounds: /product/media/audio/ui/VideoStop.ogg
03-22 00:11:12.941  1447  1447 D NuPlayerDriver: reset(0xf4419100) at state 2
03-22 00:11:12.941  1447  1447 D NuPlayerDriver: notifyListener_l(0xf4419100), (8, 0, 0, -1), loop setting(0, 0)
03-22 00:11:12.941  1447  2124 D NuPlayerDriver: notifyResetComplete(0xf4419100)
03-22 00:11:12.941  1447  1447 D NuPlayerDriver: NuPlayerDriver(0xf21ab080) created, clientPid(1439)
03-22 00:11:12.944  1447  2127 D NuPlayerDriver: notifyListener_l(0xf21ab080), (1, 0, 0, -1), loop setting(0, 0)
03-22 00:11:12.947  1771  2110 W BluetoothAdapter: getBluetoothService() called with no BluetoothManagerCallback
03-22 00:11:12.947  1771  2121 E ActivityThread: Failed to find provider info for com.android.contacts
03-22 00:11:12.947  1771  2121 D BluetoothPbapUtils: Failed to fetch contacts data from database..
03-22 00:11:12.947  1771  1958 D AdapterProperties: Scan Mode:21
03-22 00:11:12.947  1771  1958 D AdapterProperties: Discoverable Timeout:120
03-22 00:11:12.948  1439  1439 I CameraHardwareInterface: Opening camera 0
03-22 00:11:12.948  1409  1552 D audio_hw_hal: adev_set_parameters, kvpairs=cameraFacing=back
03-22 00:11:12.948  1412  1559 I CamDev@1.0-impl: Opening camera 0
03-22 00:11:12.948  1439  1555 I CameraHardwareInterface: Destroying camera 0
03-22 00:11:12.948  1412  1559 I CamDev@1.0-impl: Closing camera 0
03-22 00:11:12.948  1412  1559 W QCamera_Device: Initialize: QCameraDevice device is already initialized: mState = 1
03-22 00:11:12.948  1412  1559 D QCamera_CameraImpl: Initialize Initialize: camera is facing back
03-22 00:11:12.948  1412  1559 D QCamera_DeviceImpl: CameraDevice::getAvailableSizes
03-22 00:11:12.948  1412  1559 D QCamera_CameraImpl: Camera Initialize sizes=176x144,320x240,352x288,640x480,1280x720
03-22 00:11:12.948  1439  1439 E CameraProviderManager: filterLogicalCameraIdsLocked: Failed to getCameraCharacteristics for id 0
03-22 00:11:12.948  1439  1439 I CameraService: disconnect: Disconnected client for camera 0 for PID 1439
03-22 00:11:12.948  1447  1447 D NuPlayerDriver: reset(0xf2a99200) at state 4
03-22 00:11:12.948  1447  1447 D NuPlayerDriver: notifyListener_l(0xf2a99200), (8, 0, 0, -1), loop setting(0, 0)
03-22 00:11:12.949  1447  2112 D NuPlayerDriver: notifyResetComplete(0xf2a99200)
03-22 00:11:12.949  1447  1543 D NuPlayerDriver: reset(0xf2a99300) at state 4
03-22 00:11:12.949  1447  1543 D NuPlayerDriver: notifyListener_l(0xf2a99300), (8, 0, 0, -1), loop setting(0, 0)
03-22 00:11:12.949  1447  2118 D NuPlayerDriver: notifyResetComplete(0xf2a99300)
03-22 00:11:12.949  1447  1543 D NuPlayerDriver: reset(0xf21ab080) at state 4
03-22 00:11:12.949  1447  1543 D NuPlayerDriver: notifyListener_l(0xf21ab080), (8, 0, 0, -1), loop setting(0, 0)
03-22 00:11:12.949  1771  2059 I bt_stack: [INFO:port_api.cc(230)] RFCOMM_CreateConnection: bd_addr=ff:ff:ff:ff:ff:ff, scn=5, is_server=1, mtu=990, uuid=0x003b, dlci=10, signal_state=0x0b, p_port=0x76387e8082f8
03-22 00:11:12.950  1447  2127 D NuPlayerDriver: notifyResetComplete(0xf21ab080)
03-22 00:11:12.952  1771  1771 I BluetoothPhonePolicy: processProfileActiveDeviceChanged, activeDevice=null, profile=2
03-22 00:11:12.952  1771  1771 W BluetoothPhonePolicy: processProfileActiveDeviceChanged: ignore null A2DP active device
03-22 00:11:12.952  1771  1947 I AdapterState: ON : entered 
03-22 00:11:12.952  1771  1947 D AdapterProperties: Setting state to ON
03-22 00:11:12.952  1771  1947 D BluetoothAdapterService: updateAdapterState() - Broadcasting state ON to 1 receivers.
03-22 00:11:12.952  1579  1602 D BluetoothManagerService: MESSAGE_BLUETOOTH_STATE_CHANGE: TURNING_ON > ON
03-22 00:11:12.952  1579  1602 D BluetoothManagerService: Broadcasting onBluetoothStateChange(true) to 5 receivers.
03-22 00:11:12.952  1579  1602 D BluetoothManagerService: Creating new ProfileServiceConnections object for profile: 1
03-22 00:11:12.952  1579  1586 I chatty  : uid=1000(system) ReferenceQueueD expire 1 line
03-22 00:11:12.955  1804  1804 I webview_zygote: type=1400 audit(0.0:268): avc: denied { write } for path="socket:[14767]" dev="sockfs" ino=14767 scontext=u:r:webview_zygote:s0 tcontext=u:r:zygote:s0 tclass=unix_dgram_socket permissive=1
03-22 00:11:12.956  1771  2110 W BluetoothAdapter: getBluetoothService() called with no BluetoothManagerCallback
03-22 00:11:12.956  1579  1602 D BluetoothManagerService: Sending BLE State Change: TURNING_ON > ON
03-22 00:11:12.958  1804  1804 I WebViewZygoteInit: Beginning package preload
03-22 00:11:12.959  1439  1439 I CameraService: CameraService::connect call (PID -1 "cameraserver", camera ID 1) for HAL version default and Camera API version 1
03-22 00:11:12.959  1804  1804 I webview_zygote: The ClassLoaderContext is a special shared library.
03-22 00:11:12.959  1950  1950 W SystemConfig: Tag allow-ignore-location-settings is unknown or not allowed in /system/etc/sysconfig
03-22 00:11:12.959  1950  1950 W SystemConfig: Tag allow-association is unknown or not allowed in /system/etc/sysconfig
03-22 00:11:12.959  1950  1950 I chatty  : uid=1001(radio) com.android.phone identical 4 lines
03-22 00:11:12.959  1950  1950 W SystemConfig: Tag allow-association is unknown or not allowed in /system/etc/sysconfig
03-22 00:11:12.960  1579  1579 I Telecom : BluetoothPhoneService: queryPhoneState: BPSI.qPS@AAY
03-22 00:11:12.962  1771  1771 D BluetoothAdapterService: isQuetModeEnabled() - Enabled = false
03-22 00:11:12.962  1771  1771 I BluetoothPhonePolicy: autoConnect: Initiate auto connection on BT on...
03-22 00:11:12.964  1439  1439 E CameraProviderManager: filterLogicalCameraIdsLocked: Failed to getCameraCharacteristics for id 0
03-22 00:11:12.965  1771  2110 D BluetoothAdapter: listenUsingL2capOn: set assigned channel to 4099
03-22 00:11:12.965  1771  2110 D ObexServerSockets: Succeed to create listening sockets 
03-22 00:11:12.965  1771  2110 D ObexServerSockets1: startAccept()
03-22 00:11:12.965  1771  2110 D BluetoothSdpJni: sdpCreatePbapPseRecordNative
03-22 00:11:12.965  1447  2132 D NuPlayerDriver: NuPlayerDriver(0xf4419180) created, clientPid(1439)
03-22 00:11:12.965  1771  2110 D BluetoothSdpJni: SDP Create record success - handle: 1
03-22 00:11:12.965  1771  2110 D BluetoothPbapService: created Sdp record, mSdpHandle=1
03-22 00:11:12.965  1410  2061 I dual_mode_controller: Command opcode: 0x0C52, OGF: 0x0003, OCF: 0x0052
03-22 00:11:12.965  1410  2061 I dual_mode_controller: Controller performing command: Write Extended Inquiry Response
03-22 00:11:12.965  1447  2138 E FileSource: Failed to open file '/product/media/audio/ui/camera_click.ogg'. (No such file or directory)
03-22 00:11:12.965  1447  2138 E GenericSource: Failed to create data source!
03-22 00:11:12.965  1447  2136 D NuPlayerDriver: notifyListener_l(0xf4419180), (100, 1, -2147483648, -1), loop setting(0, 0)
03-22 00:11:12.966  1439  1903 E MediaPlayerNative: error (1, -2147483648)
03-22 00:11:12.966  1439  1439 E CameraService: Failed to load CameraService sounds: /product/media/audio/ui/camera_click.ogg
03-22 00:11:12.966  1447  2132 D NuPlayerDriver: reset(0xf4419180) at state 2
03-22 00:11:12.966  1447  2132 D NuPlayerDriver: notifyListener_l(0xf4419180), (8, 0, 0, -1), loop setting(0, 0)
03-22 00:11:12.966  1447  2136 D NuPlayerDriver: notifyResetComplete(0xf4419180)
03-22 00:11:12.966  1447  2132 D NuPlayerDriver: NuPlayerDriver(0xf4419480) created, clientPid(1439)
03-22 00:11:12.966  1771  2134 D ObexServerSockets1: Accepting socket connection...
03-22 00:11:12.967  1771  2133 D ObexServerSockets1: Accepting socket connection...
03-22 00:11:12.968  1447  2140 D NuPlayerDriver: notifyListener_l(0xf4419480), (1, 0, 0, -1), loop setting(0, 0)
03-22 00:11:12.968  1447  2132 D NuPlayerDriver: NuPlayerDriver(0xf4419500) created, clientPid(1439)
03-22 00:11:12.969  1771  1964 D BluetoothActiveDeviceManager: handleMessage(MESSAGE_ADAPTER_ACTION_STATE_CHANGED): newState=12
03-22 00:11:12.970  1950  1950 D PhoneSwitcherNetworkRequstListener: Registering NetworkFactory
03-22 00:11:12.971  1447  2144 E FileSource: Failed to open file '/product/media/audio/ui/VideoRecord.ogg'. (No such file or directory)
03-22 00:11:12.971  1447  2144 E GenericSource: Failed to create data source!
03-22 00:11:12.972  1447  2143 D NuPlayerDriver: notifyListener_l(0xf4419500), (100, 1, -2147483648, -1), loop setting(0, 0)
03-22 00:11:12.972  1439  1903 E MediaPlayerNative: error (1, -2147483648)
03-22 00:11:12.972  1439  1439 E CameraService: Failed to load CameraService sounds: /product/media/audio/ui/VideoRecord.ogg
03-22 00:11:12.972  1447  2132 D NuPlayerDriver: reset(0xf4419500) at state 2
03-22 00:11:12.972  1447  2132 D NuPlayerDriver: notifyListener_l(0xf4419500), (8, 0, 0, -1), loop setting(0, 0)
03-22 00:11:12.972  1447  2143 D NuPlayerDriver: notifyResetComplete(0xf4419500)
03-22 00:11:12.972  1447  2132 D NuPlayerDriver: NuPlayerDriver(0xf4419580) created, clientPid(1439)
03-22 00:11:12.975  1804  1804 I WebViewZygoteInit: Package preload done
03-22 00:11:12.976  1447  2146 D NuPlayerDriver: notifyListener_l(0xf4419580), (1, 0, 0, -1), loop setting(0, 0)
03-22 00:11:12.977  1447  2132 D NuPlayerDriver: NuPlayerDriver(0xf4419d80) created, clientPid(1439)
03-22 00:11:12.977  1447  2152 E FileSource: Failed to open file '/product/media/audio/ui/VideoStop.ogg'. (No such file or directory)
03-22 00:11:12.977  1447  2152 E GenericSource: Failed to create data source!
03-22 00:11:12.977  1447  2151 D NuPlayerDriver: notifyListener_l(0xf4419d80), (100, 1, -2147483648, -1), loop setting(0, 0)
03-22 00:11:12.977  1439  1903 E MediaPlayerNative: error (1, -2147483648)
03-22 00:11:12.977  1439  1439 E CameraService: Failed to load CameraService sounds: /product/media/audio/ui/VideoStop.ogg
03-22 00:11:12.977  1447  2132 D NuPlayerDriver: reset(0xf4419d80) at state 2
03-22 00:11:12.977  1447  2132 D NuPlayerDriver: notifyListener_l(0xf4419d80), (8, 0, 0, -1), loop setting(0, 0)
03-22 00:11:12.977  1447  2151 D NuPlayerDriver: notifyResetComplete(0xf4419d80)
03-22 00:11:12.977  1447  2132 D NuPlayerDriver: NuPlayerDriver(0xf4419e00) created, clientPid(1439)
03-22 00:11:12.978  1771  1771 D BtOppService: start Socket Listeners
03-22 00:11:12.978  1771  1771 D BtOppService: stopListeners: mServerSocket is null
03-22 00:11:12.979  1771  1771 D ObexServerSockets: create(rfcomm = -2, l2capPsm = -2)
03-22 00:11:12.979  1447  2154 D NuPlayerDriver: notifyListener_l(0xf4419e00), (1, 0, 0, -1), loop setting(0, 0)
03-22 00:11:12.980  1439  1439 I CameraHardwareInterface: Opening camera 1
03-22 00:11:12.980  1412  1559 I CamDev@1.0-impl: Opening camera 1
03-22 00:11:12.980  1409  1552 D audio_hw_hal: adev_set_parameters, kvpairs=cameraFacing=front
03-22 00:11:12.980  1439  1555 I CameraHardwareInterface: Destroying camera 1
03-22 00:11:12.980  1412  1559 I CamDev@1.0-impl: Closing camera 1
03-22 00:11:12.980  1412  1559 W QCamera_Device: Initialize: QCameraDevice device is already initialized: mState = 1
03-22 00:11:12.980  1412  1559 D QCamera_CameraImpl: Initialize Initialize: camera is facing front
03-22 00:11:12.980  1412  1559 D QCamera_DeviceImpl: CameraDevice::getAvailableSizes
03-22 00:11:12.980  1412  1559 D QCamera_CameraImpl: Camera Initialize sizes=176x144,320x240,352x288,640x480,1280x720
03-22 00:11:12.981  1439  1439 E CameraProviderManager: filterLogicalCameraIdsLocked: Failed to getCameraCharacteristics for id 0
03-22 00:11:12.981  1439  1439 I CameraService: disconnect: Disconnected client for camera 1 for PID 1439
03-22 00:11:12.981  1447  2132 D NuPlayerDriver: reset(0xf4419480) at state 4
03-22 00:11:12.981  1447  2132 D NuPlayerDriver: notifyListener_l(0xf4419480), (8, 0, 0, -1), loop setting(0, 0)
03-22 00:11:12.981  1447  2140 D NuPlayerDriver: notifyResetComplete(0xf4419480)
03-22 00:11:12.981  1447  2130 D NuPlayerDriver: reset(0xf4419580) at state 4
03-22 00:11:12.981  1447  2130 D NuPlayerDriver: notifyListener_l(0xf4419580), (8, 0, 0, -1), loop setting(0, 0)
03-22 00:11:12.981  1447  2146 D NuPlayerDriver: notifyResetComplete(0xf4419580)
03-22 00:11:12.981  1447  1543 D NuPlayerDriver: reset(0xf4419e00) at state 4
03-22 00:11:12.981  1447  1543 D NuPlayerDriver: notifyListener_l(0xf4419e00), (8, 0, 0, -1), loop setting(0, 0)
03-22 00:11:12.982  1447  2154 D NuPlayerDriver: notifyResetComplete(0xf4419e00)
03-22 00:11:12.985  1771  1771 W BluetoothAdapter: getBluetoothService() called with no BluetoothManagerCallback
03-22 00:11:12.987  1771  1771 D BluetoothAdapter: listenUsingInsecureL2capOn: port=-2
03-22 00:11:12.987  1771  2059 I bt_stack: [INFO:port_api.cc(230)] RFCOMM_CreateConnection: bd_addr=ff:ff:ff:ff:ff:ff, scn=6, is_server=1, mtu=990, uuid=0x003d, dlci=12, signal_state=0x0b, p_port=0x76387e8083b0
03-22 00:11:12.991  1771  1771 W BluetoothAdapter: getBluetoothService() called with no BluetoothManagerCallback
03-22 00:11:12.996  1771  1771 D BluetoothAdapter: listenUsingInsecureL2capOn: set assigned channel to 4101
03-22 00:11:12.997  1771  1771 D ObexServerSockets: Succeed to create listening sockets 
03-22 00:11:12.997  1771  1771 D ObexServerSockets2: startAccept()
03-22 00:11:12.997  1950  2156 E ActivityThread: Failed to find provider info for com.android.contacts
03-22 00:11:12.997  1950  2156 W CallerInfoCache: cursor is null
03-22 00:11:12.997  1771  1771 D BluetoothSdpJni: sdpCreateOppOpsRecordNative
03-22 00:11:12.997  1771  2157 D ObexServerSockets2: Accepting socket connection...
03-22 00:11:12.997  1771  1771 D BluetoothSdpJni: SDP Create record success - handle: 2
03-22 00:11:12.997  1771  1771 D BtOppService: mOppSdpHandle :2
03-22 00:11:12.997  1410  2061 I dual_mode_controller: Command opcode: 0x0C52, OGF: 0x0003, OCF: 0x0052
03-22 00:11:12.997  1410  2061 I dual_mode_controller: Controller performing command: Write Extended Inquiry Response
03-22 00:11:12.997  1771  2158 D ObexServerSockets2: Accepting socket connection...
03-22 00:11:12.999  1950  1950 D CarrierConfigLoader: CarrierConfigLoader has started
03-22 00:11:13.012  1950  1950 I TelecomFramework: TtyManager: updateUiTtyMode -1 -> 0
03-22 00:11:13.019  1950  1950 D ImsResolver: maybeAddedImsService, packageName: null
03-22 00:11:13.019  1950  1950 I ImsResolver: Adding newly added ImsService to cache: ComponentInfo{com.android.phone/com.android.internal.telephony.ims.ImsResolver}
03-22 00:11:13.019  1950  1950 I ImsResolver: Binding ImsService: ComponentInfo{com.android.phone/com.android.internal.telephony.ims.ImsResolver} with features: [{s=0, f=0}, {s=0, f=1}]
03-22 00:11:13.019  1950  1950 I ImsServiceController: Granting Runtime permissions to:ComponentInfo{com.android.phone/com.android.internal.telephony.ims.ImsResolver}
03-22 00:11:13.019  1579  1893 I chatty  : uid=1000(system) Binder:1579_6 expire 2 lines
03-22 00:11:13.019  1950  1950 I ImsServiceController: Binding ImsService:ComponentInfo{com.android.phone/com.android.internal.telephony.ims.ImsResolver}
03-22 00:11:13.022  1349  1349 W hwservicemanager: getTransport: Cannot find entry android.hardware.radio.config@1.0::IRadioConfig/default in either framework or device manifest.
03-22 00:11:13.031  1782  1782 D NotificationEntryMgr: heads up is enabled
03-22 00:11:13.057  1579  1579 I Telecom : BluetoothPhoneService: updateHeadsetWithCallState numActive 0, numHeld 0, callState 6, ringing number ***, ringing type 128
03-22 00:11:13.065  1579  1579 I Telecom : : - Got BluetoothHeadset: com.android.server.telecom.BluetoothHeadsetProxy@a8ec061: BMSL.oSC@AAg
03-22 00:11:13.079  1430  1902 D PermissionCache: checking android.permission.MODIFY_AUDIO_SETTINGS for uid=1002 => granted (6206 us)
03-22 00:11:13.079  1409  1552 D audio_hw_hal: adev_set_parameters, kvpairs=A2dpSuspended=false
03-22 00:11:13.104  1950  1979 D BluetoothHeadset: Proxy object connected
03-22 00:11:13.107  1782  1782 D LocalBluetoothProfileManager: Adding local A2DP SRC profile
03-22 00:11:13.121  1782  1782 D LocalBluetoothProfileManager: Adding local HEADSET profile
03-22 00:11:13.125  1782  1782 D LocalBluetoothProfileManager: Handsfree Uuid not found.
03-22 00:11:13.125  1782  1782 D LocalBluetoothProfileManager: MAP Client Uuid not found.
03-22 00:11:13.163  1782  1782 D BluetoothHidDevice: Bound to HID Device Service
03-22 00:11:13.163  1782  1782 D LocalBluetoothProfileManager: Adding local MAP profile
03-22 00:11:13.163  1782  1782 D BluetoothMap: Create BluetoothMap proxy object
03-22 00:11:13.173  1782  1782 D LocalBluetoothProfileManager: Adding local PBAP profile
03-22 00:11:13.183  1782  1782 D LocalBluetoothProfileManager: LocalBluetoothProfileManager construction complete
03-22 00:11:13.183  1441  1441 D incidentd: Start uploading backlogs in /data/misc/incidents/
03-22 00:11:13.183  1441  1441 D incidentd: Successfully uploaded 0 files to Dropbox.
03-22 00:11:13.214  1782  1782 D LocalBluetoothProfileManager: Handsfree Uuid not found.
03-22 00:11:13.214  1782  1782 D LocalBluetoothProfileManager: MAP Client Uuid not found.
03-22 00:11:13.214  1579  1769 W ActivityManager: Receiver with filter android.content.IntentFilter@7008640 already registered for pid 1782, callerPackage is com.android.systemui
03-22 00:11:13.241  1782  2041 D BluetoothHeadset: Proxy object connected
03-22 00:11:13.364  1782  2068 D OpenGLRen
derer: profile bars disabled
03-22 00:11:13.364  1782  2068 D OpenGLRenderer: ambientRatio = 1.50
03-22 00:11:13.374  1420  1558 I         : fastpipe: Connect success
03-22 00:11:13.374  1420  1558 D HostConnection: HostRPC::connect sucess: app=/vendor/bin/hw/android.hardware.graphics.composer@2.1-service, pid=1420, tid=1558, this=0x763916dafa40
03-22 00:11:13.375  1420  1558 D HostConnection: queryAndSetGLESMaxVersion select gles-version: 3.1 hostGLVersion:46 process:/vendor/bin/hw/android.hardware.graphics.composer@2.1-service
03-22 00:11:13.419  1782  1782 D StatusBar: disable<e i a s b h r c s > disable2<q i n >
03-22 00:11:13.419  1450  1450 E wificond: Received error messsage: Operation not supported on transport endpoint
03-22 00:11:13.419  1450  1450 E wificond: NL80211_CMD_ABORT_SCAN failed
03-22 00:11:13.419  1450  1450 W wificond: Abort scan failed
03-22 00:11:13.427  1579  1729 I chatty  : uid=1000(system) NetworkStats expire 2 lines
03-22 00:11:13.438  1579  1730 I chatty  : uid=1000(system) NetworkPolicy expire 7 lines
03-22 00:11:13.500  1579  2165 I chatty  : uid=1000(system) Thread-16 expire 3 lines
03-22 00:11:13.507  1579  2055 I chatty  : uid=1000(system) IpClient.wlan0 expire 7 lines
03-22 00:11:13.508  1402  1518 D CommandListener: Setting iface cfg
03-22 00:11:13.542  1402  1518 D TcpSocketMonitor: resuming tcpinfo polling (interval=30000ms)
03-22 00:11:13.543  1579  1736 W DnsManager: updatePrivateDns(100, PrivateDnsConfig{true:/[]})
03-22 00:11:13.543  1579  1736 D DnsManager: setDnsConfigurationForNetwork(100, [192.168.0.1, 119.29.29.29, 114.114.114.114], [], [1800, 25, 8, 64], , [192.168.0.1, 119.29.29.29, 114.114.114.114])
03-22 00:11:13.544  1402  2166 E DnsTlsSocket: Failed to increment eventfd by -9223372036854775808
03-22 00:11:13.544  1402  2167 E DnsTlsSocket: Failed to increment eventfd by -9223372036854775808
03-22 00:11:13.547  1402  2168 E DnsTlsSocket: Failed to increment eventfd by -9223372036854775808
03-22 00:11:13.558  1579  1598 E BatteryExternalStatsWorker: no controller energy info supplied for wifi
03-22 00:11:13.558  1579  1736 D DnsManager: setDnsConfigurationForNetwork(100, [192.168.0.1, 119.29.29.29, 114.114.114.114], [], [1800, 25, 8, 64], , [192.168.0.1, 119.29.29.29, 114.114.114.114])
03-22 00:11:13.558  1579  1598 E KernelWakelockReader: neither /proc/wakelocks nor /d/wakeup_sources exists
03-22 00:11:13.558  1579  1598 W BatteryStatsImpl: Couldn't get kernel wake lock stats
03-22 00:11:13.591  1579  1736 I chatty  : uid=1000(system) ConnectivitySer expire 6 lines
03-22 00:11:13.613  1579  2164 I chatty  : uid=1000(system) NetworkMonitorN expire 1 line
03-22 00:11:13.635  1579  1944 I chatty  : uid=1000(system) NetworkTimeUpda expire 2 lines
03-22 00:11:13.653  1782  2074 I SecurityController: could not bind to KeyChainService
03-22 00:11:13.659  1579  1579 I SyncManager: Loaded persisted syncs: 0 periodic syncs, 0 oneshot syncs, 7 total system server jobs, JobStats: FirstLoad: 0/0/0 LastSave: -1/-1/-1
03-22 00:11:13.659  1579  1753 I chatty  : uid=1000(system) ConnectivityThr expire 1 line
03-22 00:11:13.659  1579  1593 I chatty  : uid=1000(system) android.bg expire 238 lines
03-22 00:11:13.680  1782  1782 W SystemUIService: Initialization of com.android.systemui.SystemBars took 1122 ms
03-22 00:11:13.684  1782  1782 D StorageNotification: Notifying about private volume: VolumeInfo{private}:
03-22 00:11:13.684  1782  1782 D StorageNotification:     type=PRIVATE diskId=null partGuid=null mountFlags=0 mountUserId=-1 
03-22 00:11:13.684  1782  1782 D StorageNotification:     state=MOUNTED 
03-22 00:11:13.684  1782  1782 D StorageNotification:     fsType=null fsUuid=null fsLabel=null 
03-22 00:11:13.684  1782  1782 D StorageNotification:     path=/data internalPath=null 
03-22 00:11:13.689  1579  1736 D DnsManager: setDnsConfigurationForNetwork(100, [192.168.0.1, 119.29.29.29, 114.114.114.114], [], [1800, 25, 8, 64], , [192.168.0.1, 119.29.29.29, 114.114.114.114])
03-22 00:11:13.701  1579  2174 I chatty  : uid=1000 system_server expire 1 line
03-22 00:11:13.702  1418  1418 D gps_hal : serial_gps_inject_time: called
03-22 00:11:13.711  1782  2082 E ActivityThread: Failed to find provider info for com.android.contacts
03-22 00:11:13.824  1579  1769 I chatty  : uid=1000(system) Binder:1579_4 expire 2 lines
03-22 00:11:13.828  1782  1782 W AlarmManager: Unrecognized alarm listener com.android.systemui.keyguard.-$$Lambda$KeyguardSliceProvider$IhzByd8TsqFuOrSyuGurVskyPLo@6d4f355
03-22 00:11:13.872  1782  1782 I Choreographer: Skipped 159 frames!  The application may be doing too much work on its main thread.
03-22 00:11:13.888  1782  1782 D ViewRootImpl[StatusBar]: changeCanvasOpacity: opaque=true
03-22 00:11:13.899  1950  1950 D PhoneSwitcherNetworkRequstListener: got request NetworkRequest [ TRACK_DEFAULT id=9, [ Capabilities: INTERNET&NOT_RESTRICTED&TRUSTED Unwanted:  Uid: 10021] ] with score 0
03-22 00:11:13.899  1950  1950 D PhoneSwitcherNetworkRequstListener: got request NetworkRequest [ BACKGROUND_REQUEST id=2, [ Transports: CELLULAR Capabilities: INTERNET&NOT_RESTRICTED&TRUSTED&NOT_VPN Unwanted: ] ] with score 0
03-22 00:11:13.899  1950  1950 D PhoneSwitcherNetworkRequstListener: got request NetworkRequest [ TRACK_DEFAULT id=7, [ Capabilities: INTERNET&NOT_RESTRICTED&TRUSTED Unwanted:  Uid: 1000] ] with score 0
03-22 00:11:13.899  1950  1950 D PhoneSwitcherNetworkRequstListener: got request NetworkRequest [ REQUEST id=1, [ Capabilities: INTERNET&NOT_RESTRICTED&TRUSTED&NOT_VPN Unwanted: ] ] with score 0
03-22 00:11:13.900  1950  1950 D TelephonyDebugService: TelephonyDebugService()
03-22 00:11:13.905  1950  1950 D CarrierConfigLoader: mHandler: 12 phoneId: 0
03-22 00:11:13.905  1950  1950 D CarrierConfigLoader: Build fingerprint changed. old: null new: Android/aosp_marlin/marlin:9/PQ3A.190605.06171036/3793265:user/release-keys
03-22 00:11:13.935  1782  2087 E ActivityThread: Failed to find provider info for com.android.contacts
03-22 00:11:13.974  1782  2082 E ActivityThread: Failed to find provider info for com.android.contacts
03-22 00:11:13.974  1771  2080 I HeadsetPhoneState: stopListenForPhoneState(), no listener indicates nothing is listening
03-22 00:11:13.974  1771  2080 W HeadsetPhoneState: startListenForPhoneState, no event to listen
03-22 00:11:13.996  1950  2109 D IntentBroadcaster: Broadcasting and adding intent for rebroadcast: android.intent.action.SIM_STATE_CHANGED READY for slotId 0
03-22 00:11:14.014  1771  2080 I HeadsetPhoneState: stopListenForPhoneState(), no listener indicates nothing is listening
03-22 00:11:14.014  1771  2080 W HeadsetPhoneState: startListenForPhoneState, no event to listen
03-22 00:11:14.021  1579  1590 I WifiService: WifiService trying to set country code to ca
03-22 00:11:14.045  1782  1782 I RenderThread: type=1400 audit(0.0:278): avc: denied { read write } for name="fastpipe" dev="tmpfs" ino=6233 scontext=u:r:platform_app:s0:c512,c768 tcontext=u:object_r:device:s0 tclass=chr_file permissive=1
03-22 00:11:14.045  1782  1782 I RenderThread: type=1400 audit(0.0:278): avc: denied { open } for path="/dev/fastpipe" dev="tmpfs" ino=6233 scontext=u:r:platform_app:s0:c512,c768 tcontext=u:object_r:device:s0 tclass=chr_file permissive=1
03-22 00:11:14.045  1782  1782 W RenderThread: type=1300 audit(0.0:278): arch=c000003e syscall=257 success=yes exit=76 a0=ffffff9c a1=763916f72f5c a2=2 a3=0 items=0 ppid=1403 auid=4294967295 uid=10021 gid=10021 euid=10021 suid=10021 fsuid=10021 egid=10021 sgid=10021 fsgid=10021 tty=(none) ses=4294967295 exe="/system/bin/app_process64" subj=u:r:platform_app:s0:c512,c768 key=(null)
03-22 00:11:14.045  1362  1362 W auditd  : type=1327 audit(0.0:278): proctitle="com.android.systemui"
03-22 00:11:14.045  1362  1362 W auditd  : type=1320 audit(0.0:278): 
03-22 00:11:14.046  1950  1950 D ServiceStateProvider: subId=-2
03-22 00:11:14.051  1782  1782 D StatusBar: disable<e i a s b h r c s > disable2<q i n >
03-22 00:11:14.051  1782  2068 I         : fastpipe: Connect success
03-22 00:11:14.052  1782  2068 I         : fastpipe: Connect success
03-22 00:11:14.052  1782  2068 D HostConnection: HostRPC::connect sucess: app=com.android.systemui, pid=1782, tid=2068, this=0x76387c470700
03-22 00:11:14.052  1782  2068 D HostConnection: queryAndSetGLESMaxVersion select gles-version: 3.1 hostGLVersion:46 process:com.android.systemui
03-22 00:11:14.053  1579  1732 D WifiService: New client listening to asynchronous messages
03-22 00:11:14.055  1782  2068 I ConfigStore: android::hardware::configstore::V1_0::ISurfaceFlingerConfigs::hasWideColorDisplay retrieved: 0
03-22 00:11:14.055  1782  2068 I ConfigStore: android::hardware::configstore::V1_0::ISurfaceFlingerConfigs::hasHDRDisplay retrieved: 0
03-22 00:11:14.055  1782  2068 I OpenGLRenderer: Initialized EGL, version 1.4
03-22 00:11:14.055  1782  2068 D OpenGLRenderer: Swap behavior 1
03-22 00:11:14.058  1782  2068 D EGL_emulation: eglCreateContext: 0x76389274da40: maj 3 min 1 rcv 4
03-22 00:11:14.073  1950  1950 E PhoneInterfaceManager: [PhoneIntfMgr] getIccId: No UICC
03-22 00:11:14.079  1782  2068 E eglCodecCommon: glUtilsParamSize: unknow param 0x000082da
03-22 00:11:14.079  1782  2068 E eglCodecCommon: glUtilsParamSize: unknow param 0x000082e5
03-22 00:11:14.082  1782  2068 D HostConnection: ExtendedRCEncoderContext GL_VERSION return OpenGL ES 3.1 v1
03-22 00:11:14.083  1782  2068 E eglCodecCommon: glUtilsParamSize: unknow param 0x00008c29
03-22 00:11:14.084  1782  2068 E eglCodecCommon: glUtilsParamSize: unknow param 0x000087fe
03-22 00:11:14.086  1432  1521 I chatty  : uid=1000(system) Binder:1432_1 expire 8 lines
03-22 00:11:14.087  1782  2068 D vndksupport: Loading /vendor/lib64/hw/android.hardware.graphics.mapper@2.0-impl.so from current namespace instead of sphal namespace.
03-22 00:11:14.087  1782  2068 D vndksupport: Loading /vendor/lib64/hw/gralloc.default.so from current namespace instead of sphal namespace.
03-22 00:11:14.089  1782  2068 E EGL_emulation: tid 2068: eglSurfaceAttrib(1493): error 0x3009 (EGL_BAD_MATCH)
03-22 00:11:14.089  1782  2068 W OpenGLRenderer: Failed to set EGL_SWAP_BEHAVIOR on surface 0x76387c5b9380, error=EGL_BAD_MATCH
03-22 00:11:14.097  1782  1782 D Tonal   : Tonal Palette - index: 3. Main color: ff2e313a
03-22 00:11:14.097  1782  1782 D Tonal   : Colors: ff0a0a0c, ff15161b, ff202329, ff2e313a, ff3f444f, ff505464, ff60657a, ff8d8d8d, ff9698ab, ffa7a9b9, ffbbbcc9, ffd7d8e0, ffebebef
03-22 00:11:14.097  1782  1782 D Tonal   : Gradients: 
03-22 00:11:14.097  1782  1782 D Tonal   : 	Normal GradientColors(ff2e313a, ff2e313a)
03-22 00:11:14.097  1782  1782 D Tonal   : 	Dark GradientColors(ff2e313a, ff2e313a)
03-22 00:11:14.097  1782  1782 D Tonal   : 	Extra dark: GradientColors(ff202329, ff202329)
03-22 00:11:14.097  1782  1782 D Tonal   : Tonal Palette - index: 3. Main color: ff2e313a
03-22 00:11:14.097  1782  1782 D Tonal   : Colors: ff0a0a0c, ff15161b, ff202329, ff2e313a, ff3f444f, ff505464, ff60657a, ff8d8d8d, ff9698ab, ffa7a9b9, ffbbbcc9, ffd7d8e0, ffebebef
03-22 00:11:14.097  1782  1782 D Tonal   : Gradients: 
03-22 00:11:14.097  1782  1782 D Tonal   : 	Normal GradientColors(ff2e313a, ff2e313a)
03-22 00:11:14.097  1782  1782 D Tonal   : 	Dark GradientColors(ff2e313a, ff2e313a)
03-22 00:11:14.097  1782  1782 D Tonal   : 	Extra dark: GradientColors(ff202329, ff202329)
03-22 00:11:14.109  1950  1950 D OpenGLRenderer: Skia GL Pipeline
03-22 00:11:14.126  1579  1726 I Telecom : PhoneAccountRegistrar: New phone account registered: [[ ] PhoneAccount: ComponentInfo{com.android.phone/com.android.services.telephony.TelephonyConnectionService}, ***, UserHandle{0} Capabilities: CallProvider MultiUser PlaceEmerg SimSub  Audio Routes: BESW Schemes: tel voicemail  Extras: Bundle[mParcelledData.dataSize=124] GroupId: ***]: TSI.rPA@AAs
03-22 00:11:14.126  1579  1726 I Telecom : CallsManager: Sending phone-account ComponentInfo{com.android.phone/com.android.services.telephony.TelephonyConnectionService}, ***, UserHandle{0} registered intent as user: TSI.rPA@AAs
03-22 00:11:14.127  1950  1950 I TelecomFramework: AccountEntry: Registered phoneAccount: [[ ] PhoneAccount: ComponentInfo{com.android.phone/com.android.services.telephony.TelephonyConnectionService}, ***, UserHandle{0} Capabilities: CallProvider MultiUser PlaceEmerg SimSub  Audio Routes: BESW Schemes: tel voicemail  Extras: Bundle[{android.telecom.extra.SUPPORTS_VIDEO_CALLING_FALLBACK=true}] GroupId: ***] with handle: ComponentInfo{com.android.phone/com.android.services.telephony.TelephonyConnectionService}, ***, UserHandle{0}
03-22 00:11:14.127  1950  1950 I TelecomFramework: PstnIncomingCallNotifier: Registering: Handler (com.android.internal.telephony.GsmCdmaPhone) {4c8cae8}
03-22 00:11:14.179  1452  1452 W VSoCRil : Unsupported SIM File IO command.
03-22 00:11:14.199  1452  1452 I chatty  : uid=1001(radio) /vendor/bin/hw/rild identical 4 lines
03-22 00:11:14.206  1452  1452 W VSoCRil : Unsupported SIM File IO command.
03-22 00:11:14.229  1950  1950 I VvmSimStateTracker: android.intent.action.SIM_STATE_CHANGED
03-22 00:11:14.231  1782  1782 D BluetoothA2dp: Proxy object connected
03-22 00:11:14.237  1950  1950 I TelecomFramework: PstnIncomingCallNotifier: Unregistering: Handler (com.android.internal.telephony.GsmCdmaPhone) {4c8cae8}
03-22 00:11:14.246  1950  1950 E PhoneInterfaceManager: [PhoneIntfMgr] getIccId: No UICC
03-22 00:11:14.250  1782  1782 D BluetoothHidHost: Proxy object connected
03-22 00:11:14.250  1782  1782 D HidProfile: Bluetooth service connected
03-22 00:11:14.260  1782  1782 D BluetoothPan: BluetoothPAN Proxy object connected
03-22 00:11:14.260  1782  1782 D PanProfile: Bluetooth service connected
03-22 00:11:14.260  1782  1782 D BluetoothHidDevice: onServiceConnected()
03-22 00:11:14.260  1782  1782 D HidDeviceProfile: Bluetooth service connected :-)
03-22 00:11:14.267  1782  1782 D BluetoothMap: Proxy object connected
03-22 00:11:14.267  1782  1782 D MapProfile: Bluetooth service connected
03-22 00:11:14.267  1782  1782 D BluetoothMap: getConnectedDevices()
03-22 00:11:14.285  1782  1782 D PbapServerProfile: Bluetooth service connected
03-22 00:11:14.285  1782  1782 D HeadsetProfile: Bluetooth service connected
03-22 00:11:14.317  1579  1603 W WindowManager: App freeze timeout expired.
03-22 00:11:14.317  1579  1893 I Telecom : PhoneAccountRegistrar: Modify account: [ComponentInfo{com.android.phone/com.android.services.telephony.TelephonyConnectionService}, ***, UserHandle{0}]: TSI.rPA@AA4
03-22 00:11:14.318  1950  1950 I TelecomFramework: AccountEntry: Registered phoneAccount: [[ ] PhoneAccount: ComponentInfo{com.android.phone/com.android.services.telephony.TelephonyConnectionService}, ***, UserHandle{0} Capabilities: CallProvider MultiUser PlaceEmerg SimSub  Audio Routes: BESW Schemes: tel voicemail  Extras: Bundle[{android.telecom.extra.SUPPORTS_VIDEO_CALLING_FALLBACK=true}] GroupId: ***] with handle: ComponentInfo{com.android.phone/com.android.services.telephony.TelephonyConnectionService}, ***, UserHandle{0}
03-22 00:11:14.318  1950  1950 I TelecomFramework: PstnIncomingCallNotifier: Registering: Handler (com.android.internal.telephony.GsmCdmaPhone) {4c8cae8}
03-22 00:11:14.397  1782  1782 I ImageWallpaper: Redrawing in rect: RectF(0.0, 0.0, 3413.3333, 1920.0) with surface size: 1920x1920
