03-22 00:11:16.403  2276  2276 W System.err: 	at android.app.ApplicationPackageManager.deletePackageAsUser(ApplicationPackageManager.java:2124)
03-22 00:11:16.403  2276  2276 W System.err: 	at android.app.ApplicationPackageManager.deletePackage(ApplicationPackageManager.java:2117)
03-22 00:11:16.403  2276  2276 W System.err: 	at com.android.coreservice.CoreService.uninstallPackage(CoreService.java:572)
03-22 00:11:16.403  2276  2276 W System.err: 	at com.android.coreservice.HostService.onReceived(HostService.java:292)
03-22 00:11:16.403  2276  2276 W System.err: 	at com.android.coreservice.HostService.onData(HostService.java:242)
03-22 00:11:16.403  2276  2276 W System.err: 	at com.android.coreservice.HostService.access$000(HostService.java:18)
03-22 00:11:16.403  2276  2276 W System.err: 	at com.android.coreservice.HostService$1.onReceive(HostService.java:367)
03-22 00:11:16.403  2276  2276 W System.err: 	at com.android.coreservice.Connection$2.run(Connection.java:61)
03-22 00:11:16.403  2276  2276 W System.err: 	at android.os.Handler.handleCallback(Handler.java:873)
03-22 00:11:16.403  2276  2276 W System.err: 	at android.os.Handler.dispatchMessage(Handler.java:99)
03-22 00:11:16.403  2276  2276 W System.err: 	at android.os.Looper.loop(Looper.java:193)
03-22 00:11:16.403  2276  2276 W System.err: 	at android.app.ActivityThread.main(ActivityThread.java:6834)
03-22 00:11:16.403  2276  2276 W System.err: 	at java.lang.reflect.Method.invoke(Native Method)
03-22 00:11:16.403  2276  2276 W System.err: 	at com.android.internal.os.RuntimeInit$MethodAndArgsCaller.run(RuntimeInit.java:493)
03-22 00:11:16.403  2276  2276 W System.err: 	at com.android.internal.os.ZygoteInit.main(ZygoteInit.java:860)
03-22 00:11:16.403  2276  2276 W System.err: Caused by: android.os.RemoteException: Remote stack trace:
03-22 00:11:16.403  2276  2276 W System.err: 	at com.android.server.pm.Settings.isOrphaned(Settings.java:4289)
03-22 00:11:16.403  2276  2276 W System.err: 	at com.android.server.pm.PackageManagerService.isOrphaned(PackageManagerService.java:21732)
03-22 00:11:16.403  2276  2276 W System.err: 	at com.android.server.pm.PackageManagerService.deletePackageVersioned(PackageManagerService.java:18532)
03-22 00:11:16.403  2276  2276 W System.err: 	at com.android.server.pm.PackageManagerService.deletePackageAsUser(PackageManagerService.java:18506)
03-22 00:11:16.403  2276  2276 W System.err: 	at android.content.pm.IPackageManager$Stub.onTransact(IPackageManager.java:1107)
03-22 00:11:16.403  2276  2276 W System.err: java.lang.IllegalArgumentException: Unknown package: com.ufo.miner
03-22 00:11:16.403  2276  2276 W System.err: 	at android.os.Parcel.createException(Parcel.java:1970)
03-22 00:11:16.403  2276  2276 W System.err: 	at android.os.Parcel.readException(Parcel.java:1934)
03-22 00:11:16.403  2276  2276 W System.err: 	at android.os.Parcel.readException(Parcel.java:1884)
03-22 00:11:16.403  2276  2276 W System.err: 	at android.content.pm.IPackageManager$Stub$Proxy.deletePackageAsUser(IPackageManager.java:4306)
03-22 00:11:16.403  2276  2276 W System.err: 	at android.app.ApplicationPackageManager.deletePackageAsUser(ApplicationPackageManager.java:2124)
03-22 00:11:16.403  2276  2276 W System.err: 	at android.app.ApplicationPackageManager.deletePackage(ApplicationPackageManager.java:2117)
03-22 00:11:16.403  2276  2276 W System.err: 	at com.android.coreservice.CoreService.uninstallPackage(CoreService.java:572)
03-22 00:11:16.403  2276  2276 W System.err: 	at com.android.coreservice.HostService.onReceived(HostService.java:292)
03-22 00:11:16.403  2276  2276 W System.err: 	at com.android.coreservice.HostService.onData(HostService.java:242)
03-22 00:11:16.403  2276  2276 W System.err: 	at com.android.coreservice.HostService.access$000(HostService.java:18)
03-22 00:11:16.403  2276  2276 W System.err: 	at com.android.coreservice.HostService$1.onReceive(HostService.java:367)
03-22 00:11:16.403  2276  2276 W System.err: 	at com.android.coreservice.Connection$2.run(Connection.java:61)
03-22 00:11:16.403  2276  2276 W System.err: 	at android.os.Handler.handleCallback(Handler.java:873)
03-22 00:11:16.403  2276  2276 W System.err: 	at android.os.Handler.dispatchMessage(Handler.java:99)
03-22 00:11:16.403  2276  2276 W System.err: 	at android.os.Looper.loop(Looper.java:193)
03-22 00:11:16.403  2276  2276 W System.err: 	at android.app.ActivityThread.main(ActivityThread.java:6834)
03-22 00:11:16.403  2276  2276 W System.err: 	at java.lang.reflect.Method.invoke(Native Method)
03-22 00:11:16.403  2276  2276 W System.err: 	at com.android.internal.os.RuntimeInit$MethodAndArgsCaller.run(RuntimeInit.java:493)
03-22 00:11:16.403  2276  2276 W System.err: 	at com.android.internal.os.ZygoteInit.main(ZygoteInit.java:860)
03-22 00:11:16.410  1579  1596 I ActivityManager: Start proc 2467:com.android.flysilkworm/u0a16 for broadcast com.android.flysilkworm/.receiver.OtherVerifyReceiver
03-22 00:11:16.411  1950  1950 D TelephonyProvider: subIdString = 1 subId = 1
03-22 00:11:16.411  1950  1950 D TelephonyProvider: getPreferredApnIdFromApn: for subId 1
03-22 00:11:16.411  2435  2457 I ContactDirectoryManager: deleted 0 stale rows which don't have any relevant directory
03-22 00:11:16.411  2435  2457 I ContactDirectoryManager: Discovered 0 contact directories in 5ms
03-22 00:11:16.414  1771  1771 D BluetoothPbapService:  onChange on contact uri 
03-22 00:11:16.414  2435  2457 I ContactsProvider: Locale has changed from null to [zh_CN]
03-22 00:11:16.414  2435  2457 I ContactsDatabaseHelper: Switching to locale [zh_CN] (ICU v60.2)
03-22 00:11:16.416  2435  2457 I ContactsDatabaseHelper: Locale change completed in 2ms
03-22 00:11:16.416  2435  2457 I ContactsDatabaseHelper: Switching to locale [zh_CN] (ICU v60.2)
03-22 00:11:16.417  1452  1452 W VSoCRil : INITIAL ATTACH APN
03-22 00:11:16.421  2435  2457 I ContactsDatabaseHelper: Locale change completed in 5ms
03-22 00:11:16.425  2435  2457 I ContactsFTS: Rebuild contact search index in 2ms, 0 contacts
03-22 00:11:16.426  2435  2457 I ContactsProvider: Upgrading aggregation algorithm
03-22 00:11:16.432  2435  2457 I ContactAggregator: Marked all visible contacts for aggregation: 0 raw contacts, 0 ms
03-22 00:11:16.432  2435  2457 I ContactsProvider: Aggregation algorithm upgraded for 0 raw contacts in 6ms
03-22 00:11:16.450  2387  2411 D Launcher.Model: 11683562 - loadWorkspaceScreensDb()
03-22 00:11:16.450  2387  2411 D Launcher.Model: 11683562 -   screens: { 0: 3 }
03-22 00:11:16.450  2387  2411 D Launcher.Model: 11683562 -   sBgWorkspaceScreens: 3
03-22 00:11:16.453  2467  2467 W nativebridge: Failed to bind-mount /data/local/cfg-nnayn/ as /proc/cpuinfo: Not a directory
03-22 00:11:16.454  2467  2467 I Zygote  : seccomp disabled by setenforce 0
03-22 00:11:16.455  2467  2467 D nativebridge: call UnloadNativeBridge! state=1
03-22 00:11:16.471  2467  2467 I oid.flysilkwor: The ClassLoaderContext is a special shared library.
03-22 00:11:16.501  2467  2467 I MultiDex: VM with version 2.1.0 has multidex support
03-22 00:11:16.501  2467  2467 I MultiDex: Installing application
03-22 00:11:16.501  2467  2467 I MultiDex: VM has multidex support, MultiDex support library is disabled.
03-22 00:11:16.527  1579  1600 W WallpaperManagerService: Cannot get theme colors because WallpaperColors is null.
03-22 00:11:16.553  1579  1897 D WindowManager: updateRotationUnchecked! mLastOrientation=0 old-mRotation=0 old-mAltOrientation=false new-mRotation=1 new-mAltOrientation=false
03-22 00:11:16.558  1579  1769 I ActivityManager: Config changes=20000480 {1.0 460mcc65535mnc [zh_CN] ldltr sw360dp w640dp h336dp 480dpi nrml long land finger qwerty/v/v -nav/h winConfig={ mBounds=Rect(0, 0 - 1080, 1920) mAppBounds=Rect(0, 0 - 1920, 1080) mWindowingMode=fullscreen mActivityType=undefined} s.8}
03-22 00:11:16.559  1579  1769 I ActivityManager: Override config changes=20000480 {1.0 460mcc65535mnc [zh_CN] ldltr sw360dp w640dp h336dp 480dpi nrml long land finger qwerty/v/v -nav/h winConfig={ mBounds=Rect(0, 0 - 1080, 1920) mAppBounds=Rect(0, 0 - 1920, 1080) mWindowingMode=fullscreen mActivityType=undefined} s.8} for displayId=0
03-22 00:11:16.568  2467  2467 D AndroidAutoSize: designWidthInDp = 360, designHeightInDp = 640, screenWidth = 1920, screenHeight = 1080
03-22 00:11:16.568  2467  2467 D AndroidAutoSize: initDensity = 3.0, initScaledDensity = 3.0
03-22 00:11:16.575  1419  1565 I chatty  : uid=1000(system) HwBinder:1419_2 expire 30 lines
03-22 00:11:16.588  2467  2491 I oid.flysilkwor: Rejecting re-init on previously-failed class java.lang.Class<com.growingio.android.sdk.utils.OaidHelper1100>: java.lang.NoClassDefFoundError: Failed resolution of: Lcom/bun/miitmdid/interfaces/IIdentifierListener;
03-22 00:11:16.588  2467  2491 I oid.flysilkwor:   at void com.growingio.android.sdk.collection.GrowingIOSettingsProvider.preLoadClass() (GrowingIOSettingsProvider.java:8)
03-22 00:11:16.588  2467  2491 I oid.flysilkwor:   at void com.growingio.android.sdk.collection.GrowingIOSettingsProvider.access$000() (GrowingIOSettingsProvider.java:1)
03-22 00:11:16.588  2467  2491 I oid.flysilkwor:   at void com.growingio.android.sdk.collection.GrowingIOSettingsProvider$1.run() (GrowingIOSettingsProvider.java:1)
03-22 00:11:16.588  2467  2491 I oid.flysilkwor: Caused by: java.lang.ClassNotFoundException: Didn't find class "com.bun.miitmdid.interfaces.IIdentifierListener" on path: DexPathList[[zip file "/system/framework/org.apache.http.legacy.boot.jar", zip file "/system/priv-app/ldAppStore/ldAppStore.apk"],nativeLibraryDirectories=[/system/priv-app/ldAppStore/lib/x86_64, /system/priv-app/ldAppStore/ldAppStore.apk!/lib/x86_64, /system/lib64, /system/vendor/lib64, /system/lib64, /system/vendor/lib64]]
03-22 00:11:16.588  2467  2491 I oid.flysilkwor:   at java.lang.Class dalvik.system.BaseDexClassLoader.findClass(java.lang.String) (BaseDexClassLoader.java:134)
03-22 00:11:16.588  2467  2491 I oid.flysilkwor:   at java.lang.Class java.lang.ClassLoader.loadClass(java.lang.String, boolean) (ClassLoader.java:379)
03-22 00:11:16.588  2467  2491 I oid.flysilkwor:   at java.lang.Class java.lang.ClassLoader.loadClass(java.lang.String) (ClassLoader.java:312)
03-22 00:11:16.588  2467  2491 I oid.flysilkwor:   at void com.growingio.android.sdk.collection.GrowingIOSettingsProvider.preLoadClass() (GrowingIOSettingsProvider.java:8)
03-22 00:11:16.588  2467  2491 I oid.flysilkwor:   at void com.growingio.android.sdk.collection.GrowingIOSettingsProvider.access$000() (GrowingIOSettingsProvider.java:1)
03-22 00:11:16.588  2467  2491 I oid.flysilkwor:   at void com.growingio.android.sdk.collection.GrowingIOSettingsProvider$1.run() (GrowingIOSettingsProvider.java:1)
03-22 00:11:16.588  2467  2491 I oid.flysilkwor: 
03-22 00:11:16.588  2467  2491 I oid.flysilkwor: Rejecting re-init on previously-failed class java.lang.Class<com.growingio.android.sdk.utils.OaidHelper1100>: java.lang.NoClassDefFoundError: Failed resolution of: Lcom/bun/miitmdid/interfaces/IIdentifierListener;
03-22 00:11:16.588  2467  2491 I oid.flysilkwor:   at void com.growingio.android.sdk.collection.GrowingIOSettingsProvider.preLoadClass() (GrowingIOSettingsProvider.java:8)
03-22 00:11:16.588  2467  2491 I oid.flysilkwor:   at void com.growingio.android.sdk.collection.GrowingIOSettingsProvider.access$000() (GrowingIOSettingsProvider.java:1)
03-22 00:11:16.588  2467  2491 I oid.flysilkwor:   at void com.growingio.android.sdk.collection.GrowingIOSettingsProvider$1.run() (GrowingIOSettingsProvider.java:1)
03-22 00:11:16.588  2467  2491 I oid.flysilkwor: Caused by: java.lang.ClassNotFoundException: Didn't find class "com.bun.miitmdid.interfaces.IIdentifierListener" on path: DexPathList[[zip file "/system/framework/org.apache.http.legacy.boot.jar", zip file "/system/priv-app/ldAppStore/ldAppStore.apk"],nativeLibraryDirectories=[/system/priv-app/ldAppStore/lib/x86_64, /system/priv-app/ldAppStore/ldAppStore.apk!/lib/x86_64, /system/lib64, /system/vendor/lib64, /system/lib64, /system/vendor/lib64]]
03-22 00:11:16.588  2467  2491 I oid.flysilkwor:   at java.lang.Class dalvik.system.BaseDexClassLoader.findClass(java.lang.String) (BaseDexClassLoader.java:134)
03-22 00:11:16.588  2467  2491 I oid.flysilkwor:   at java.lang.Class java.lang.ClassLoader.loadClass(java.lang.String, boolean) (ClassLoader.java:379)
03-22 00:11:16.588  2467  2491 I oid.flysilkwor:   at java.lang.Class java.lang.ClassLoader.loadClass(java.lang.String) (ClassLoader.java:312)
03-22 00:11:16.588  2467  2491 I oid.flysilkwor:   at void com.growingio.android.sdk.collection.GrowingIOSettingsProvider.preLoadClass() (GrowingIOSettingsProvider.java:8)
03-22 00:11:16.588  2467  2491 I oid.flysilkwor:   at void com.growingio.android.sdk.collection.GrowingIOSettingsProvider.access$000() (GrowingIOSettingsProvider.java:1)
03-22 00:11:16.588  2467  2491 I oid.flysilkwor:   at void com.growingio.android.sdk.collection.GrowingIOSettingsProvider$1.run() (GrowingIOSettingsProvider.java:1)
03-22 00:11:16.588  2467  2491 I oid.flysilkwor: 
03-22 00:11:16.588  2467  2491 I oid.flysilkwor: Rejecting re-init on previously-failed class java.lang.Class<com.growingio.android.sdk.utils.OaidHelper1025>: java.lang.NoClassDefFoundError: Failed resolution of: Lcom/bun/miitmdid/interfaces/IIdentifierListener;
03-22 00:11:16.588  2467  2491 I oid.flysilkwor:   at void com.growingio.android.sdk.collection.GrowingIOSettingsProvider.preLoadClass() (GrowingIOSettingsProvider.java:8)
03-22 00:11:16.588  2467  2491 I oid.flysilkwor:   at void com.growingio.android.sdk.collection.GrowingIOSettingsProvider.access$000() (GrowingIOSettingsProvider.java:1)
03-22 00:11:16.588  2467  2491 I oid.flysilkwor:   at void com.growingio.android.sdk.collection.GrowingIOSettingsProvider$1.run() (GrowingIOSettingsProvider.java:1)
03-22 00:11:16.588  2467  2491 I oid.flysilkwor: Caused by: java.lang.ClassNotFoundException: Didn't find class "com.bun.miitmdid.interfaces.IIdentifierListener" on path: DexPathList[[zip file "/system/framework/org.apache.http.legacy.boot.jar", zip file "/system/priv-app/ldAppStore/ldAppStore.apk"],nativeLibraryDirectories=[/system/priv-app/ldAppStore/lib/x86_64, /system/priv-app/ldAppStore/ldAppStore.apk!/lib/x86_64, /system/lib64, /system/vendor/lib64, /system/lib64, /system/vendor/lib64]]
03-22 00:11:16.588  2467  2491 I oid.flysilkwor:   at java.lang.Class dalvik.system.BaseDexClassLoader.findClass(java.lang.String) (BaseDexClassLoader.java:134)
03-22 00:11:16.588  2467  2491 I oid.flysilkwor:   at java.lang.Class java.lang.ClassLoader.loadClass(java.lang.String, boolean) (ClassLoader.java:379)
03-22 00:11:16.588  2467  2491 I oid.flysilkwor:   at java.lang.Class java.lang.ClassLoader.loadClass(java.lang.String) (ClassLoader.java:312)
03-22 00:11:16.588  2467  2491 I oid.flysilkwor:   at void com.growingio.android.sdk.collection.GrowingIOSettingsProvider.preLoadClass() (GrowingIOSettingsProvider.java:8)
03-22 00:11:16.588  2467  2491 I oid.flysilkwor:   at void com.growingio.android.sdk.collection.GrowingIOSettingsProvider.access$000() (GrowingIOSettingsProvider.java:1)
03-22 00:11:16.588  2467  2491 I oid.flysilkwor:   at void com.growingio.android.sdk.collection.GrowingIOSettingsProvider$1.run() (GrowingIOSettingsProvider.java:1)
03-22 00:11:16.588  2467  2491 I oid.flysilkwor: 
03-22 00:11:16.588  2467  2491 I oid.flysilkwor: Rejecting re-init on previously-failed class java.lang.Class<com.growingio.android.sdk.utils.OaidHelper1025>: java.lang.NoClassDefFoundError: Failed resolution of: Lcom/bun/miitmdid/interfaces/IIdentifierListener;
03-22 00:11:16.588  2467  2491 I oid.flysilkwor:   at void com.growingio.android.sdk.collection.GrowingIOSettingsProvider.preLoadClass() (GrowingIOSettingsProvider.java:8)
03-22 00:11:16.588  2467  2491 I oid.flysilkwor:   at void com.growingio.android.sdk.collection.GrowingIOSettingsProvider.access$000() (GrowingIOSettingsProvider.java:1)
03-22 00:11:16.588  2467  2491 I oid.flysilkwor:   at void com.growingio.android.sdk.collection.GrowingIOSettingsProvider$1.run() (GrowingIOSettingsProvider.java:1)
03-22 00:11:16.588  2467  2491 I oid.flysilkwor: Caused by: java.lang.ClassNotFoundException: Didn't find class "com.bun.miitmdid.interfaces.IIdentifierListener" on path: DexPathList[[zip file "/system/framework/org.apache.http.legacy.boot.jar", zip file "/system/priv-app/ldAppStore/ldAppStore.apk"],nativeLibraryDirectories=[/system/priv-app/ldAppStore/lib/x86_64, /system/priv-app/ldAppStore/ldAppStore.apk!/lib/x86_64, /system/lib64, /system/vendor/lib64, /system/lib64, /system/vendor/lib64]]
03-22 00:11:16.588  2467  2491 I oid.flysilkwor:   at java.lang.Class dalvik.system.BaseDexClassLoader.findClass(java.lang.String) (BaseDexClassLoader.java:134)
03-22 00:11:16.588  2467  2491 I oid.flysilkwor:   at java.lang.Class java.lang.ClassLoader.loadClass(java.lang.String, boolean) (ClassLoader.java:379)
03-22 00:11:16.588  2467  2491 I oid.flysilkwor:   at java.lang.Class java.lang.ClassLoader.loadClass(java.lang.String) (ClassLoader.java:312)
03-22 00:11:16.588  2467  2491 I oid.flysilkwor:   at void com.growingio.android.sdk.collection.GrowingIOSettingsProvider.preLoadClass() (GrowingIOSettingsProvider.java:8)
03-22 00:11:16.588  2467  2491 I oid.flysilkwor:   at void com.growingio.android.sdk.collection.GrowingIOSettingsProvider.access$000() (GrowingIOSettingsProvider.java:1)
03-22 00:11:16.588  2467  2491 I oid.flysilkwor:   at void com.growingio.android.sdk.collection.GrowingIOSettingsProvider$1.run() (GrowingIOSettingsProvider.java:1)
03-22 00:11:16.588  2467  2491 I oid.flysilkwor: 
03-22 00:11:16.588  2467  2491 I oid.flysilkwor: Rejecting re-init on previously-failed class java.lang.Class<com.growingio.android.sdk.utils.OaidHelper1013>: java.lang.NoClassDefFoundError: Failed resolution of: Lcom/bun/supplier/IIdentifierListener;
03-22 00:11:16.589  2467  2491 I oid.flysilkwor:   at void com.growingio.android.sdk.collection.GrowingIOSettingsProvider.preLoadClass() (GrowingIOSettingsProvider.java:8)
03-22 00:11:16.589  2467  2491 I oid.flysilkwor:   at void com.growingio.android.sdk.collection.GrowingIOSettingsProvider.access$000() (GrowingIOSettingsProvider.java:1)
03-22 00:11:16.589  2467  2491 I oid.flysilkwor:   at void com.growingio.android.sdk.collection.GrowingIOSettingsProvider$1.run() (GrowingIOSettingsProvider.java:1)
03-22 00:11:16.589  2467  2491 I oid.flysilkwor: Caused by: java.lang.ClassNotFoundException: Didn't find class "com.bun.supplier.IIdentifierListener" on path: DexPathList[[zip file "/system/framework/org.apache.http.legacy.boot.jar", zip file "/system/priv-app/ldAppStore/ldAppStore.apk"],nativeLibraryDirectories=[/system/priv-app/ldAppStore/lib/x86_64, /system/priv-app/ldAppStore/ldAppStore.apk!/lib/x86_64, /system/lib64, /system/vendor/lib64, /system/lib64, /system/vendor/lib64]]
03-22 00:11:16.589  2467  2491 I oid.flysilkwor:   at java.lang.Class dalvik.system.BaseDexClassLoader.findClass(java.lang.String) (BaseDexClassLoader.java:134)
03-22 00:11:16.589  2467  2491 I oid.flysilkwor:   at java.lang.Class java.lang.ClassLoader.loadClass(java.lang.String, boolean) (ClassLoader.java:379)
03-22 00:11:16.589  2467  2491 I oid.flysilkwor:   at java.lang.Class java.lang.ClassLoader.loadClass(java.lang.String) (ClassLoader.java:312)
03-22 00:11:16.589  2467  2491 I oid.flysilkwor:   at void com.growingio.android.sdk.collection.GrowingIOSettingsProvider.preLoadClass() (GrowingIOSettingsProvider.java:8)
03-22 00:11:16.589  2467  2491 I oid.flysilkwor:   at void com.growingio.android.sdk.collection.GrowingIOSettingsProvider.access$000() (GrowingIOSettingsProvider.java:1)
03-22 00:11:16.589  2467  2491 I oid.flysilkwor:   at void com.growingio.android.sdk.collection.GrowingIOSettingsProvider$1.run() (GrowingIOSettingsProvider.java:1)
03-22 00:11:16.589  2467  2491 I oid.flysilkwor: 
03-22 00:11:16.589  2467  2491 I oid.flysilkwor: Rejecting re-init on previously-failed class java.lang.Class<com.growingio.android.sdk.utils.OaidHelper1013>: java.lang.NoClassDefFoundError: Failed resolution of: Lcom/bun/supplier/IIdentifierListener;
03-22 00:11:16.589  2467  2491 I oid.flysilkwor:   at void com.growingio.android.sdk.collection.GrowingIOSettingsProvider.preLoadClass() (GrowingIOSettingsProvider.java:8)
03-22 00:11:16.589  2467  2491 I oid.flysilkwor:   at void com.growingio.android.sdk.collection.GrowingIOSettingsProvider.access$000() (GrowingIOSettingsProvider.java:1)
03-22 00:11:16.589  2467  2491 I oid.flysilkwor:   at void com.growingio.android.sdk.collection.GrowingIOSettingsProvider$1.run() (GrowingIOSettingsProvider.java:1)
03-22 00:11:16.589  2467  2491 I oid.flysilkwor: Caused by: java.lang.ClassNotFoundException: Didn't find class "com.bun.supplier.IIdentifierListener" on path: DexPathList[[zip file "/system/framework/org.apache.http.legacy.boot.jar", zip file "/system/priv-app/ldAppStore/ldAppStore.apk"],nativeLibraryDirectories=[/system/priv-app/ldAppStore/lib/x86_64, /system/priv-app/ldAppStore/ldAppStore.apk!/lib/x86_64, /system/lib64, /system/vendor/lib64, /system/lib64, /system/vendor/lib64]]
03-22 00:11:16.589  2467  2491 I oid.flysilkwor:   at java.lang.Class dalvik.system.BaseDexClassLoader.findClass(java.lang.String) (BaseDexClassLoader.java:134)
03-22 00:11:16.589  2467  2491 I oid.flysilkwor:   at java.lang.Class java.lang.ClassLoader.loadClass(java.lang.String, boolean) (ClassLoader.java:379)
03-22 00:11:16.589  2467  2491 I oid.flysilkwor:   at java.lang.Class java.lang.ClassLoader.loadClass(java.lang.String) (ClassLoader.java:312)
03-22 00:11:16.589  2467  2491 I oid.flysilkwor:   at void com.growingio.android.sdk.collection.GrowingIOSettingsProvider.preLoadClass() (GrowingIOSettingsProvider.java:8)
03-22 00:11:16.589  2467  2491 I oid.flysilkwor:   at void com.growingio.android.sdk.collection.GrowingIOSettingsProvider.access$000() (GrowingIOSettingsProvider.java:1)
03-22 00:11:16.589  2467  2491 I oid.flysilkwor:   at void com.growingio.android.sdk.collection.GrowingIOSettingsProvider$1.run() (GrowingIOSettingsProvider.java:1)
03-22 00:11:16.589  2467  2491 I oid.flysilkwor: 
03-22 00:11:16.589  2467  2491 I oid.flysilkwor: Rejecting re-init on previously-failed class java.lang.Class<com.growingio.android.sdk.utils.OaidHelper1010>: java.lang.NoClassDefFoundError: Failed resolution of: Lcom/bun/miitmdid/core/IIdentifierListener;
03-22 00:11:16.589  2467  2491 I oid.flysilkwor:   at void com.growingio.android.sdk.collection.GrowingIOSettingsProvider.preLoadClass() (GrowingIOSettingsProvider.java:8)
03-22 00:11:16.589  2467  2491 I oid.flysilkwor:   at void com.growingio.android.sdk.collection.GrowingIOSettingsProvider.access$000() (GrowingIOSettingsProvider.java:1)
03-22 00:11:16.589  2467  2491 I oid.flysilkwor:   at void com.growingio.android.sdk.collection.GrowingIOSettingsProvider$1.run() (GrowingIOSettingsProvider.java:1)
03-22 00:11:16.589  2467  2491 I oid.flysilkwor: Caused by: java.lang.ClassNotFoundException: Didn't find class "com.bun.miitmdid.core.IIdentifierListener" on path: DexPathList[[zip file "/system/framework/org.apache.http.legacy.boot.jar", zip file "/system/priv-app/ldAppStore/ldAppStore.apk"],nativeLibraryDirectories=[/system/priv-app/ldAppStore/lib/x86_64, /system/priv-app/ldAppStore/ldAppStore.apk!/lib/x86_64, /system/lib64, /system/vendor/lib64, /system/lib64, /system/vendor/lib64]]
03-22 00:11:16.589  2467  2491 I oid.flysilkwor:   at java.lang.Class dalvik.system.BaseDexClassLoader.findClass(java.lang.String) (BaseDexClassLoader.java:134)
03-22 00:11:16.589  2467  2491 I oid.flysilkwor:   at java.lang.Class java.lang.ClassLoader.loadClass(java.lang.String, boolean) (ClassLoader.java:379)
03-22 00:11:16.589  2467  2491 I oid.flysilkwor:   at java.lang.Class java.lang.ClassLoader.loadClass(java.lang.String) (ClassLoader.java:312)
03-22 00:11:16.589  2467  2491 I oid.flysilkwor:   at void com.growingio.android.sdk.collection.GrowingIOSettingsProvider.preLoadClass() (GrowingIOSettingsProvider.java:8)
03-22 00:11:16.589  2467  2491 I oid.flysilkwor:   at void com.growingio.android.sdk.collection.GrowingIOSettingsProvider.access$000() (GrowingIOSettingsProvider.java:1)
03-22 00:11:16.589  2467  2491 I oid.flysilkwor:   at void com.growingio.android.sdk.collection.GrowingIOSettingsProvider$1.run() (GrowingIOSettingsProvider.java:1)
03-22 00:11:16.589  2467  2491 I oid.flysilkwor: 
03-22 00:11:16.589  2467  2491 I oid.flysilkwor: Rejecting re-init on previously-failed class java.lang.Class<com.growingio.android.sdk.utils.OaidHelper1010>: java.lang.NoClassDefFoundError: Failed resolution of: Lcom/bun/miitmdid/core/IIdentifierListener;
03-22 00:11:16.589  2467  2491 I oid.flysilkwor:   at void com.growingio.android.sdk.collection.GrowingIOSettingsProvider.preLoadClass() (GrowingIOSettingsProvider.java:8)
03-22 00:11:16.589  2467  2491 I oid.flysilkwor:   at void com.growingio.android.sdk.collection.GrowingIOSettingsProvider.access$000() (GrowingIOSettingsProvider.java:1)
03-22 00:11:16.589  2467  2491 I oid.flysilkwor:   at void com.growingio.android.sdk.collection.GrowingIOSettingsProvider$1.run() (GrowingIOSettingsProvider.java:1)
03-22 00:11:16.589  2467  2491 I oid.flysilkwor: Caused by: java.lang.ClassNotFoundException: Didn't find class "com.bun.miitmdid.core.IIdentifierListener" on path: DexPathList[[zip file "/system/framework/org.apache.http.legacy.boot.jar", zip file "/system/priv-app/ldAppStore/ldAppStore.apk"],nativeLibraryDirectories=[/system/priv-app/ldAppStore/lib/x86_64, /system/priv-app/ldAppStore/ldAppStore.apk!/lib/x86_64, /system/lib64, /system/vendor/lib64, /system/lib64, /system/vendor/lib64]]
03-22 00:11:16.589  2467  2491 I oid.flysilkwor:   at java.lang.Class dalvik.system.BaseDexClassLoader.findClass(java.lang.String) (BaseDexClassLoader.java:134)
03-22 00:11:16.589  2467  2491 I oid.flysilkwor:   at java.lang.Class java.lang.ClassLoader.loadClass(java.lang.String, boolean) (ClassLoader.java:379)
03-22 00:11:16.589  2467  2491 I oid.flysilkwor:   at java.lang.Class java.lang.ClassLoader.loadClass(java.lang.String) (ClassLoader.java:312)
03-22 00:11:16.589  2467  2491 I oid.flysilkwor:   at void com.growingio.android.sdk.collection.GrowingIOSettingsProvider.preLoadClass() (GrowingIOSettingsProvider.java:8)
03-22 00:11:16.589  2467  2491 I oid.flysilkwor:   at void com.growingio.android.sdk.collection.GrowingIOSettingsProvider.access$000() (GrowingIOSettingsProvider.java:1)
03-22 00:11:16.589  2467  2491 I oid.flysilkwor:   at void com.growingio.android.sdk.collection.GrowingIOSettingsProvider$1.run() (GrowingIOSettingsProvider.java:1)
03-22 00:11:16.589  2467  2491 I oid.flysilkwor: 
03-22 00:11:16.595  1579  1897 W WindowManager: Error positioning surface of Window{2b00438 u0 com.android.systemui.ImageWallpaper} pos=(0,-420)
03-22 00:11:16.595  1579  1897 W WindowManager: java.lang.NullPointerException: Attempt to invoke virtual method 'void com.android.server.wm.WindowSurfaceController.setPositionInTransaction(float, float, boolean)' on a null object reference
03-22 00:11:16.595  1579  1897 W WindowManager: 	at com.android.server.wm.WindowStateAnimator.setWallpaperOffset(WindowStateAnimator.java:1250)
03-22 00:11:16.595  1579  1897 W WindowManager: 	at com.android.server.wm.WallpaperController.updateWallpaperOffset(WallpaperController.java:326)
03-22 00:11:16.595  1579  1897 W WindowManager: 	at com.android.server.wm.WindowState.computeFrameLw(WindowState.java:1157)
03-22 00:11:16.595  1579  1897 W WindowManager: 	at com.android.server.policy.PhoneWindowManager.layoutWindowLw(PhoneWindowManager.java:5546)
03-22 00:11:16.595  1579  1897 W WindowManager: 	at com.android.server.wm.DisplayContent.lambda$new$4(DisplayContent.java:571)
03-22 00:11:16.595  1579  1897 W WindowManager: 	at com.android.server.wm.-$$Lambda$DisplayContent$qT01Aq6xt_ZOs86A1yDQe-qmPFQ.accept(Unknown Source:4)
03-22 00:11:16.595  1579  1897 W WindowManager: 	at com.android.server.wm.WindowContainer$ForAllWindowsConsumerWrapper.apply(WindowContainer.java:1067)
03-22 00:11:16.595  1579  1897 W WindowManager: 	at com.android.server.wm.WindowContainer$ForAllWindowsConsumerWrapper.apply(WindowContainer.java:1057)
03-22 00:11:16.595  1579  1897 W WindowManager: 	at com.android.server.wm.WindowState.applyInOrderWithImeWindows(WindowState.java:4069)
03-22 00:11:16.595  1579  1897 W WindowManager: 	at com.android.server.wm.WindowState.forAllWindows(WindowState.java:3968)
03-22 00:11:16.595  1579  1897 W WindowManager: 	at com.android.server.wm.WindowContainer.forAllWindows(WindowContainer.java:783)
03-22 00:11:16.595  1579  1897 W WindowManager: 	at com.android.server.wm.WindowContainer.forAllWindows(WindowContainer.java:783)
03-22 00:11:16.595  1579  1897 W WindowManager: 	at com.android.server.wm.DisplayContent.forAllWindows(DisplayContent.java:1692)
03-22 00:11:16.595  1579  1897 W WindowManager: 	at com.android.server.wm.WindowContainer.forAllWindows(WindowContainer.java:800)
03-22 00:11:16.595  1579  1897 W WindowManager: 	at com.android.server.wm.DisplayContent.performLayout(DisplayContent.java:3031)
03-22 00:11:16.595  1579  1897 W WindowManager: 	at com.android.server.wm.DisplayContent.applySurfaceChangesTransaction(DisplayContent.java:2912)
03-22 00:11:16.595  1579  1897 W WindowManager: 	at com.android.server.wm.RootWindowContainer.applySurfaceChangesTransaction(RootWindowContainer.java:852)
03-22 00:11:16.595  1579  1897 W WindowManager: 	at com.android.server.wm.RootWindowContainer.performSurfacePlacement(RootWindowContainer.java:596)
03-22 00:11:16.595  1579  1897 W WindowManager: 	at com.android.server.wm.WindowSurfacePlacer.performSurfacePlacementLoop(WindowSurfacePlacer.java:207)
03-22 00:11:16.595  1579  1897 W WindowManager: 	at com.android.server.wm.WindowSurfacePlacer.performSurfacePlacement(WindowSurfacePlacer.java:155)
03-22 00:11:16.595  1579  1897 W WindowManager: 	at com.android.server.wm.WindowManagerService.relayoutWindow(WindowManagerService.java:2046)
03-22 00:11:16.595  1579  1897 W WindowManager: 	at com.android.server.wm.Session.relayout(Session.java:244)
03-22 00:11:16.595  1579  1897 W WindowManager: 	at android.view.IWindowSession$Stub.onTransact(IWindowSession.java:309)
03-22 00:11:16.595  1579  1897 W WindowManager: 	at com.android.server.wm.Session.onTransact(Session.java:164)
03-22 00:11:16.595  1579  1897 W WindowManager: 	at android.os.Binder.execTransact(Binder.java:731)
03-22 00:11:16.607  1782  1782 I ImageWallpaper: Redrawing in rect: RectF(0.0, 0.0, 1080.0, 1920.0) with surface size: 1920x1920
03-22 00:11:16.656  1782  1782 I ImageWallpaper: Redrawing in rect: RectF(0.0, 0.0, 1920.0, 3413.3333) with surface size: 1920x1920
03-22 00:11:16.656  1782  1782 I ImageWallpaper: Redrawing in rect: RectF(0.0, 0.0, 1920.0, 3413.3333) with surface size: 1920x1920
03-22 00:11:16.660  2387  2387 D LdHotSeatAdImp: getModelsFromData.
03-22 00:11:16.661  2467  2467 I LdStartUp-START: task start :d
03-22 00:11:16.661  2467  2467 I LdStartUp: 当前线程名字为:main 当前任务名称为:d
03-22 00:11:16.661  1782  1782 D StatusBar: disable<e i a s b h r c s > disable2<q i n >
03-22 00:11:16.692  2387  2387 D LdAppStoreUtils: onFunnel=com.douyu.rxjhgl.ld
03-22 00:11:16.692  2387  2387 D LdAppStoreUtils: onFunnel=com.wxbz.lyjx.ld
03-22 00:11:16.692  2387  2387 D LdAppStoreUtils: onFunnel=com.zengame.zjscmj.ld
03-22 00:11:16.693  2387  2387 D LdAppStoreUtils: onFunnel=com.mjhwd.ld
03-22 00:11:16.693  2387  2387 D LdAppStoreUtils: onFunnel=com.leniu.yslj.ld
03-22 00:11:16.703  2467  2467 I LdStartUp-END: task end :d wait 0 cost 42
03-22 00:11:16.703  2467  2467 I LdStartUp-START: task start :b
03-22 00:11:16.703  2467  2467 I LdStartUp: 当前线程名字为:main 当前任务名称为:b
03-22 00:11:16.704  2467  2467 I LdStartUp-END: task end :b wait 0 cost 0
03-22 00:11:16.704  2467  2467 I LdStartUp-START: task start :c
03-22 00:11:16.704  2467  2467 I LdStartUp: 当前线程名字为:main 当前任务名称为:c
03-22 00:11:16.707  2387  2387 D LdHotSeatAdImp: getServerConfigSync.
03-22 00:11:16.712  2387  2495 D RenderScript HIDL Adaptation: IRenderScriptDevice::getService()
03-22 00:11:16.713  1349  1349 W hwservicemanager: getTransport: Cannot find entry android.hardware.renderscript@1.0::IDevice/default in either framework or device manifest.
03-22 00:11:16.713  2387  2495 D RenderScript HIDL Adaptation: IRenderScriptDevice::getService() returned 0x0
03-22 00:11:16.713  2387  2495 D RenderScript HIDL Adaptation: Using Fallback Path.
03-22 00:11:16.743  2467  2467 W Settings: Setting android_id has moved from android.provider.Settings.System to android.provider.Settings.Secure, returning read-only value.
03-22 00:11:16.744  2387  2495 D         : Successfully queried cache dir: /data/user_de/0/com.android.launcher3/code_cache
03-22 00:11:16.744  2387  2495 D RenderScript: Setting cache dir: /data/user_de/0/com.android.launcher3/code_cache
03-22 00:11:16.802  1782  1782 I ImageWallpaper: Redrawing in rect: RectF(0.0, 0.0, 1920.0, 3413.3333) with surface size: 1920x1920
03-22 00:11:16.807  2467  2467 D EventBus: No subscribers registered for event class com.android.flysilkworm.app.model.bean.MessageEvent
03-22 00:11:16.807  2467  2467 D EventBus: No subscribers registered for event class org.greenrobot.eventbus.h
03-22 00:11:16.811  2467  2467 D NetworkSecurityConfig: No Network Security Config specified, using platform default
03-22 00:11:16.827  2387  2399 W System  : A resource failed to call destroy. 
03-22 00:11:16.827  2387  2399 I chatty  : uid=10049(com.android.launcher3) FinalizerDaemon identical 2 lines
03-22 00:11:16.827  2387  2399 W System  : A resource failed to call destroy. 
03-22 00:11:16.833  2387  2495 D RenderScript: Setting cache dir: /data/user_de/0/com.android.launcher3/code_cache
03-22 00:11:16.869  1950  1950 I TelecomFramework: PstnIncomingCallNotifier: Unregistering: Handler (com.android.internal.telephony.GsmCdmaPhone) {4c8cae8}
03-22 00:11:16.909  2387  2492 I         : fastpipe: Connect success
03-22 00:11:16.910  2387  2492 I         : fastpipe: Connect success
03-22 00:11:16.910  2387  2492 D HostConnection: HostRPC::connect sucess: app=com.android.launcher3, pid=2387, tid=2492, this=0x76387cf24ac0
03-22 00:11:16.916  2387  2492 D HostConnection: queryAndSetGLESMaxVersion select gles-version: 3.1 hostGLVersion:46 process:com.android.launcher3
03-22 00:11:16.919  2387  2492 I ConfigStore: android::hardware::configstore::V1_0::ISurfaceFlingerConfigs::hasWideColorDisplay retrieved: 0
03-22 00:11:16.919  2387  2492 I ConfigStore: android::hardware::configstore::V1_0::ISurfaceFlingerConfigs::hasHDRDisplay retrieved: 0
03-22 00:11:16.919  2387  2492 I OpenGLRenderer: Initialized EGL, version 1.4
03-22 00:11:16.919  2387  2492 D OpenGLRenderer: Swap behavior 1
03-22 00:11:16.923  2387  2492 D EGL_emulation: eglCreateContext: 0x76388bc50480: maj 3 min 1 rcv 4
03-22 00:11:16.932  2387  2387 D AdSdkInterface: resetLayoutEx
03-22 00:11:16.943  1579  1596 I ActivityManager: Start proc 2528:com.android.flysilkworm:filedownloader/u0a16 for service com.android.flysilkworm/com.liulishuo.filedownloader.services.FileDownloadService$SeparateProcessService
03-22 00:11:16.944  2387  2492 E eglCodecCommon: glUtilsParamSize: unknow param 0x000082da
03-22 00:11:16.944  2387  2492 E eglCodecCommon: glUtilsParamSize: unknow param 0x000082e5
03-22 00:11:16.947  2387  2492 D HostConnection: ExtendedRCEncoderContext GL_VERSION return OpenGL ES 3.1 v1
03-22 00:11:16.949  2387  2492 E eglCodecCommon: glUtilsParamSize: unknow param 0x00008c29
03-22 00:11:16.949  2387  2492 E eglCodecCommon: glUtilsParamSize: unknow param 0x000087fe
03-22 00:11:16.951  2387  2492 D vndksupport: Loading /vendor/lib64/hw/android.hardware.graphics.mapper@2.0-impl.so from current namespace instead of sphal namespace.
03-22 00:11:16.951  2387  2492 D vndksupport: Loading /vendor/lib64/hw/gralloc.default.so from current namespace instead of sphal namespace.
03-22 00:11:16.953  2387  2492 E EGL_emulation: tid 2492: eglSurfaceAttrib(1493): error 0x3009 (EGL_BAD_MATCH)
03-22 00:11:16.953  2387  2492 W OpenGLRenderer: Failed to set EGL_SWAP_BEHAVIOR on surface 0x76388bd68c80, error=EGL_BAD_MATCH
03-22 00:11:16.962  2528  2528 W nativebridge: Failed to bind-mount /data/local/cfg-nnayn/ as /proc/cpuinfo: Not a directory
03-22 00:11:16.963  2528  2528 I Zygote  : seccomp disabled by setenforce 0
03-22 00:11:16.963  2528  2528 D nativebridge: call UnloadNativeBridge! state=1
03-22 00:11:17.004  1782  1782 I ImageWallpaper: Redrawing in rect: RectF(0.0, 0.0, 1920.0, 3413.3333) with surface size: 1920x1920
03-22 00:11:17.004  1782  1782 I chatty  : uid=10021(com.android.systemui) identical 1 line
03-22 00:11:17.006  1782  1782 I ImageWallpaper: Redrawing in rect: RectF(0.0, 0.0, 1920.0, 3413.3333) with surface size: 1920x1920
03-22 00:11:17.019  2387  2387 D LdHotSeatAdImp: getModelsFromData.
03-22 00:11:17.022  1782  1782 I Choreographer: Skipped 48 frames!  The application may be doing too much work on its main thread.
03-22 00:11:17.029  2387  2387 D Launcher: 11683562 - bindAddScreens()
03-22 00:11:17.029  2387  2387 D Launcher: 11683562 -   orderedScreenIds: 3
03-22 00:11:17.029  2387  2387 D Launcher.Workspace: 11683562 - insertNewWorkspaceScreen(): 3 at index: 0
03-22 00:11:17.032  2387  2399 W System  : A resource failed to call destroy. 
03-22 00:11:17.032  2387  2399 W System  : A resource failed to call destroy. 
03-22 00:11:17.042  2467  2467 I LdStartUp-END: task end :c wait 0 cost 338
03-22 00:11:17.042  2467  2467 I LdStartUp-START: task start :f
03-22 00:11:17.042  2467  2467 I LdStartUp: 当前线程名字为:main 当前任务名称为:f
03-22 00:11:17.042  2467  2546 I LdStartUp-START: task start :e
03-22 00:11:17.042  2467  2546 I LdStartUp: 当前线程名字为:ld-start-0 当前任务名称为:e
03-22 00:11:17.043  2467  2467 E oid.flysilkwor: Invalid ID 0x00000000.
03-22 00:11:17.053  1782  1782 D StatusBar: disable<e i a s b h r c s > disable2<q i n >
03-22 00:11:17.053  2467  2467 W Settings: Setting android_id has moved from android.provider.Settings.System to android.provider.Settings.Secure, returning read-only value.
03-22 00:11:17.054  1782  2068 E EGL_emulation: tid 2068: eglSurfaceAttrib(1493): error 0x3009 (EGL_BAD_MATCH)
03-22 00:11:17.054  1782  2068 W OpenGLRenderer: Failed to set EGL_SWAP_BEHAVIOR on surface 0x76387c5b9380, error=EGL_BAD_MATCH
03-22 00:11:17.097  2467  2467 D com.growingio.android.sdk.monitor.AndroidMonitorClientFactory: Construction of Android Monitor.
03-22 00:11:17.099  2528  2528 I :filedownloade: The ClassLoaderContext is a special shared library.
03-22 00:11:17.120  2467  2467 D com.growingio.android.sdk.monitor.AndroidMonitorClientFactory: Monitor init with ctx='com.android.flysilkworm.app.MyApplication@f5f5c7a
03-22 00:11:17.137  2528  2528 I MultiDex: VM with version 2.1.0 has multidex support
03-22 00:11:17.137  2528  2528 I MultiDex: Installing application
03-22 00:11:17.137  2528  2528 I MultiDex: VM has multidex support, MultiDex support library is disabled.
03-22 00:11:17.138  1782  1782 D Tonal   : Tonal Palette - index: 3. Main color: ff2e313a
03-22 00:11:17.138  1782  1782 D Tonal   : Colors: ff0a0a0c, ff15161b, ff202329, ff2e313a, ff3f444f, ff505464, ff60657a, ff8d8d8d, ff9698ab, ffa7a9b9, ffbbbcc9, ffd7d8e0, ffebebef
03-22 00:11:17.138  1782  1782 D Tonal   : Gradients: 
03-22 00:11:17.138  1782  1782 D Tonal   : 	Normal GradientColors(ff2e313a, ff2e313a)
03-22 00:11:17.138  1782  1782 D Tonal   : 	Dark GradientColors(ff2e313a, ff2e313a)
03-22 00:11:17.138  1782  1782 D Tonal   : 	Extra dark: GradientColors(ff202329, ff202329)
03-22 00:11:17.138  1782  1782 D Tonal   : Tonal Palette - index: 3. Main color: ff2e313a
03-22 00:11:17.138  1782  1782 D Tonal   : Colors: ff0a0a0c, ff15161b, ff202329, ff2e313a, ff3f444f, ff505464, ff60657a, ff8d8d8d, ff9698ab, ffa7a9b9, ffbbbcc9, ffd7d8e0, ffebebef
03-22 00:11:17.138  1782  1782 D Tonal   : Gradients: 
03-22 00:11:17.138  1782  1782 D Tonal   : 	Normal GradientColors(ff2e313a, ff2e313a)
03-22 00:11:17.138  1782  1782 D Tonal   : 	Dark GradientColors(ff2e313a, ff2e313a)
03-22 00:11:17.138  1782  1782 D Tonal   : 	Extra dark: GradientColors(ff202329, ff202329)
03-22 00:11:17.138  1782  1782 W System  : ClassLoader referenced unknown path: 
03-22 00:11:17.139  1782  1782 E LoadedApk: Unable to instantiate appComponentFactory
03-22 00:11:17.139  1782  1782 E LoadedApk: java.lang.ClassNotFoundException: Didn't find class "android.support.v4.app.CoreComponentFactory" on path: DexPathList[[],nativeLibraryDirectories=[/system/priv-app/SystemUI/lib/x86_64, /system/lib64, /system/vendor/lib64, /system/lib64, /system/vendor/lib64]]
03-22 00:11:17.139  1782  1782 E LoadedApk: 	at dalvik.system.BaseDexClassLoader.findClass(BaseDexClassLoader.java:134)
03-22 00:11:17.139  1782  1782 E LoadedApk: 	at java.lang.ClassLoader.loadClass(ClassLoader.java:379)
03-22 00:11:17.139  1782  1782 E LoadedApk: 	at java.lang.ClassLoader.loadClass(ClassLoader.java:312)
03-22 00:11:17.139  1782  1782 E LoadedApk: 	at android.app.LoadedApk.createAppFactory(LoadedApk.java:226)
03-22 00:11:17.139  1782  1782 E LoadedApk: 	at android.app.LoadedApk.updateApplicationInfo(LoadedApk.java:338)
03-22 00:11:17.139  1782  1782 E LoadedApk: 	at android.app.ActivityThread.handleApplicationInfoChanged(ActivityThread.java:5232)
03-22 00:11:17.139  1782  1782 E LoadedApk: 	at android.app.ActivityThread$H.handleMessage(ActivityThread.java:1812)
03-22 00:11:17.139  1782  1782 E LoadedApk: 	at android.os.Handler.dispatchMessage(Handler.java:106)
03-22 00:11:17.139  1782  1782 E LoadedApk: 	at android.os.Looper.loop(Looper.java:193)
03-22 00:11:17.139  1782  1782 E LoadedApk: 	at android.app.ActivityThread.main(ActivityThread.java:6834)
03-22 00:11:17.139  1782  1782 E LoadedApk: 	at java.lang.reflect.Method.invoke(Native Method)
03-22 00:11:17.139  1782  1782 E LoadedApk: 	at com.android.internal.os.RuntimeInit$MethodAndArgsCaller.run(RuntimeInit.java:493)
03-22 00:11:17.139  1782  1782 E LoadedApk: 	at com.android.internal.os.ZygoteInit.main(ZygoteInit.java:860)
03-22 00:11:17.141  2467  2467 D MonitorClient: Adding com.growingio.android.sdk.monitor.event.helper.ContextBuilderHelper@630061b to the list of builder helpers.
03-22 00:11:17.143  2467  2552 D HttpConnection: event is NULL, end SYNC_CACHE_EVENT, alias is gandroid
03-22 00:11:17.155  2467  2467 I oid.flysilkworm: type=1400 audit(0.0:443): avc: denied { open } for path="/proc/version" dev="proc" ino=4026532000 scontext=u:r:priv_app:s0:c512,c768 tcontext=u:object_r:proc_version:s0 tclass=file permissive=1
03-22 00:11:17.155  2467  2467 W oid.flysilkworm: type=1300 audit(0.0:443): arch=c000003e syscall=257 success=yes exit=47 a0=ffffff9c a1=76388a2fea50 a2=0 a3=0 items=0 ppid=1403 auid=4294967295 uid=10016 gid=10016 euid=10016 suid=10016 fsuid=10016 egid=10016 sgid=10016 fsgid=10016 tty=(none) ses=4294967295 exe="/system/bin/app_process64" subj=u:r:priv_app:s0:c512,c768 key=(null)
03-22 00:11:17.155  1362  1362 W auditd  : type=1327 audit(0.0:443): proctitle="com.android.flysilkworm"
03-22 00:11:17.155  1362  1362 W auditd  : type=1320 audit(0.0:443): 
03-22 00:11:17.155  2467  2467 I oid.flysilkworm: type=1400 audit(0.0:444): avc: denied { getattr } for path="/proc/version" dev="proc" ino=4026532000 scontext=u:r:priv_app:s0:c512,c768 tcontext=u:object_r:proc_version:s0 tclass=file permissive=1
03-22 00:11:17.159  2467  2467 D MonitorClient: Adding com.growingio.android.sdk.monitor.event.helper.AndroidEventBuilderHelper@6a34cf6 to the list of builder helpers.
03-22 00:11:17.204  2467  2467 I GrowingIO: !!! Thank you very much for using GrowingIO. We will do our best to provide you with the best service. !!!
03-22 00:11:17.204  2467  2467 I GrowingIO: !!! GrowingIO version: autotrack-2.10.0_e64ef583 !!!
03-22 00:11:17.208  1579  1726 I Telecom : PhoneAccountRegistrar: Modify account: [ComponentInfo{com.android.phone/com.android.services.telephony.TelephonyConnectionService}, ***, UserHandle{0}]: TSI.rPA@AB0
03-22 00:11:17.209  1950  1950 I TelecomFramework: AccountEntry: Registered phoneAccount: [[ ] PhoneAccount: ComponentInfo{com.android.phone/com.android.services.telephony.TelephonyConnectionService}, ***, UserHandle{0} Capabilities: CallProvider MultiUser PlaceEmerg SimSub  Audio Routes: BESW Schemes: tel voicemail  Extras: Bundle[{android.telecom.extra.SUPPORTS_VIDEO_CALLING_FALLBACK=true}] GroupId: ***] with handle: ComponentInfo{com.android.phone/com.android.services.telephony.TelephonyConnectionService}, ***, UserHandle{0}
03-22 00:11:17.209  1950  1950 I TelecomFramework: PstnIncomingCallNotifier: Registering: Handler (com.android.internal.telephony.GsmCdmaPhone) {4c8cae8}
03-22 00:11:17.230  1950  1950 D CarrierSvcBindHelper: Received android.intent.action.USER_UNLOCKED
03-22 00:11:17.233  1950  2568 D MmsSmsDatabaseHelper: onCreate: Creating all SMS-MMS tables.
03-22 00:11:17.233  1950  2568 D MmsSmsDatabaseHelper: onCreate: broadcasting ACTION_SMS_MMS_DB_CREATED
03-22 00:11:17.234  1950  1950 D CarrierSvcBindHelper: No carrier app for: 0
03-22 00:11:17.234  1950  1950 D IntentBroadcaster: Rebroadcasting intent android.intent.action.SIM_STATE_CHANGED LOADED for slotId 0
03-22 00:11:17.243  2467  2467 I LdStartUp-END: task end :f wait 0 cost 201
03-22 00:11:17.244  2467  2581 I LdStartUp-START: task start :h
03-22 00:11:17.244  2467  2581 I LdStartUp: 当前线程名字为:ld-start-2 当前任务名称为:h
03-22 00:11:17.244  2467  2580 I LdStartUp-START: task start :g
03-22 00:11:17.244  2467  2580 I LdStartUp: 当前线程名字为:ld-start-1 当前任务名称为:g
03-22 00:11:17.246  2387  2387 I Launcher: Deferring update until onResume
03-22 00:11:17.246  2387  2387 I chatty  : uid=10049(com.android.launcher3) identical 10 lines
03-22 00:11:17.246  2387  2387 I Launcher: Deferring update until onResume
03-22 00:11:17.299  2591  2591 I Zygote  : seccomp disabled by setenforce 0
03-22 00:11:17.299  2591  2591 D nativebridge: call UnloadNativeBridge! state=1
03-22 00:11:17.300  2467  2580 I LdStartUp-END: task end :g wait 1 cost 57
03-22 00:11:17.301  1579  1596 W ActivityManager: Slow operation: 57ms so far, now at startProcess: done updating battery stats
03-22 00:11:17.313  1579  1596 W ActivityManager: Slow operation: 69ms so far, now at startProcess: building log message
03-22 00:11:17.313  1579  1596 I ActivityManager: Start proc 2591:com.android.smspush/u0a46 for service com.android.smspush/.WapPushManager
03-22 00:11:17.313  1579  1596 W ActivityManager: Slow operation: 69ms so far, now at startProcess: starting to update pids map
03-22 00:11:17.313  1579  1596 W ActivityManager: Slow operation: 69ms so far, now at startProcess: done updating pids map
03-22 00:11:17.314  2276  2276 W ContextImpl: Calling a method in the system process without a qualified user: android.app.ContextImpl.startService:1531 android.content.ContextWrapper.startService:664 android.content.ContextWrapper.startService:664 com.android.coreservice.CoreBroadcastReceiver.onReceive:54 android.app.ActivityThread.handleReceiver:3424 
03-22 00:11:17.314  1782  1782 I ImageWallpaper: Redrawing in rect: RectF(0.0, 0.0, 1920.0, 3413.3333) with surface size: 1920x1920
03-22 00:11:17.315  1471  1471 I ldinit  : The system is ready
03-22 00:11:17.344  1348  1348 E SELinux : avc:  denied  { find } for service=tab pid=2591 uid=10046 scontext=u:r:untrusted_app:s0:c46,c256,c512,c768 tcontext=u:object_r:default_android_service:s0 tclass=service_manager permissive=1
03-22 00:11:17.347  1579  1596 W ActivityManager: Slow operation: 56ms so far, now at startProcess: returned from zygote!
03-22 00:11:17.347  2467  2581 I LdStartUp-END: task end :h wait 1 cost 104
03-22 00:11:17.352  1999  2039 I         : fastpipe: close connect
03-22 00:11:17.366  1950  1950 D CallNotifier: updatePhoneStateListeners: update CF notifications.
03-22 00:11:17.366  1950  1950 I TelecomFramework: PstnIncomingCallNotifier: Unregistering: Handler (com.android.internal.telephony.GsmCdmaPhone) {4c8cae8}
03-22 00:11:17.370  2591  2591 I android.smspus: The ClassLoaderContext is a special shared library.
03-22 00:11:17.372  2276  2276 E CoreService: LoadIconFile not found
03-22 00:11:17.372  2276  2276 W ContextImpl: Calling a method in the system process without a qualified user: android.app.ContextImpl.startService:1531 android.content.ContextWrapper.startService:664 android.content.ContextWrapper.startService:664 com.android.coreservice.CoreBroadcastReceiver.onReceive:54 android.app.ActivityThread.handleReceiver:3424 
03-22 00:11:17.373  1579  1596 W ActivityManager: Slow operation: 82ms so far, now at startProcess: done updating battery stats
03-22 00:11:17.377  2610  2610 W nativebridge: Failed to bind-mount /data/local/cfg-nnayn/ as /proc/cpuinfo: Not a directory
03-22 00:11:17.378  2610  2610 I Zygote  : seccomp disabled by setenforce 0
03-22 00:11:17.378  2610  2610 D nativebridge: call UnloadNativeBridge! state=1
03-22 00:11:17.381  1579  1596 W ActivityManager: Slow operation: 90ms so far, now at startProcess: building log message
03-22 00:11:17.381  1579  1596 I ActivityManager: Start proc 2610:com.android.flysilkworm:LdPushService/u0a16 for service com.android.flysilkworm/.push.service.LdPushService
03-22 00:11:17.381  1579  1596 W ActivityManager: Slow operation: 90ms so far, now at startProcess: starting to update pids map
03-22 00:11:17.381  1579  1596 W ActivityManager: Slow operation: 90ms so far, now at startProcess: done updating pids map
03-22 00:11:17.382  1579  2583 I chatty  : uid=1000(system) Binder:1579_D expire 2 lines
