03-22 00:12:05.916  1579  1603 W WindowManager: Force clearing freeze: AppWindowToken{bd3b8a1 token=Token{bd44908 ActivityRecord{d0aceab u0 com.android.flysilkworm/.app.activity.FirstStartActivity t5}}}
03-22 00:12:05.917  1579  1603 I WindowManager: Screen frozen for +2s221ms due to Window{78aa6ca u0 com.android.flysilkworm/com.android.flysilkworm.app.activity.FirstStartActivity}
03-22 00:12:05.925  1432  1432 I chatty  : uid=1000(system) /system/bin/surfaceflinger expire 1 line
03-22 00:12:05.925  1432  1432 W Binder:1432_5: type=1300 audit(0.0:697): arch=c000003e syscall=16 success=yes exit=0 a0=5 a1=c0306201 a2=7639111e91a8 a3=763915c27808 items=0 ppid=1 auid=4294967295 uid=1000 gid=1003 euid=1000 suid=1000 fsuid=1000 egid=1003 sgid=1003 fsgid=1003 tty=(none) ses=4294967295 exe="/system/bin/surfaceflinger" subj=u:r:surfaceflinger:s0 key=(null)
03-22 00:12:05.925  1362  1362 W auditd  : type=1327 audit(0.0:697): proctitle="/system/bin/surfaceflinger"
03-22 00:12:05.925  1362  1362 W auditd  : type=1320 audit(0.0:697): 
03-22 00:12:05.926  1419  1565 D gralloc_default: gralloc_alloc: Creating ashmem region of size 3678208, ignore more log...
03-22 00:12:05.931  2467  2655 E EGL_emulation: tid 2655: eglSurfaceAttrib(1493): error 0x3009 (EGL_BAD_MATCH)
03-22 00:12:05.931  2467  2655 W OpenGLRenderer: Failed to set EGL_SWAP_BEHAVIOR on surface 0x76387b1cc600, error=EGL_BAD_MATCH
03-22 00:12:05.932  1419  1565 D gralloc_default: gralloc_alloc: Creating ashmem region of size 3678208, ignore more log...
03-22 00:12:07.932  1579  1603 I chatty  : uid=1000(system) android.display expire 2 lines
03-22 00:12:08.565  1429  1429 I ldinit  : type=1400 audit(0.0:698): avc: denied { read } for name="partitions" dev="proc" ino=4026532050 scontext=u:r:ldinit:s0 tcontext=u:object_r:proc:s0 tclass=file permissive=1
03-22 00:12:08.565  1429  1429 I ldinit  : type=1400 audit(0.0:698): avc: denied { open } for path="/proc/partitions" dev="proc" ino=4026532050 scontext=u:r:ldinit:s0 tcontext=u:object_r:proc:s0 tclass=file permissive=1
03-22 00:12:08.565  1429  1429 W ldinit  : type=1300 audit(0.0:698): arch=c000003e syscall=257 success=yes exit=6 a0=ffffff9c a1=76391766e1b8 a2=0 a3=0 items=0 ppid=1 auid=4294967295 uid=0 gid=0 euid=0 suid=0 fsuid=0 egid=0 sgid=0 fsgid=0 tty=(none) ses=4294967295 exe="/system/bin/ldinit" subj=u:r:ldinit:s0 key=(null)
03-22 00:12:08.565  1362  1362 W auditd  : type=1327 audit(0.0:698): proctitle="/system/bin/ldinit"
03-22 00:12:08.565  1362  1362 W auditd  : type=1320 audit(0.0:698): 
03-22 00:12:08.565  1429  1429 I ldinit  : type=1400 audit(0.0:699): avc: denied { getattr } for path="/proc/partitions" dev="proc" ino=4026532050 scontext=u:r:ldinit:s0 tcontext=u:object_r:proc:s0 tclass=file permissive=1
03-22 00:12:09.862  1449  1449 I storaged: type=1400 audit(0.0:700): avc: denied { call } for scontext=u:r:storaged:s0 tcontext=u:r:init:s0 tclass=binder permissive=1
03-22 00:12:09.862  1449  1449 W storaged: type=1300 audit(0.0:700): arch=c000003e syscall=16 success=yes exit=0 a0=4 a1=c0306201 a2=763916bfeea0 a3=763916c27288 items=0 ppid=1 auid=4294967295 uid=0 gid=1032 euid=0 suid=0 fsuid=0 egid=1032 sgid=1032 fsgid=1032 tty=(none) ses=4294967295 exe="/system/bin/storaged" subj=u:r:storaged:s0 key=(null)
03-22 00:12:09.862  1362  1362 W auditd  : type=1327 audit(0.0:700): proctitle="/system/bin/storaged"
03-22 00:12:09.862  1362  1362 W auditd  : type=1320 audit(0.0:700): 
03-22 00:12:09.865  1449  1539 E storaged: getDiskStats failed with result NOT_SUPPORTED and size 0
03-22 00:12:11.545  1579  1579 I chatty  : uid=1000 system_server expire 6 lines
03-22 00:12:11.545  1362  1362 W auditd  : type=1327 audit(0.0:701): proctitle="system_server"
03-22 00:12:11.545  1362  1362 W auditd  : type=1320 audit(0.0:701): 
03-22 00:12:11.641  1430  1549 W AudioFlinger: createTrack_l(): mismatch between requested flags (00000004) and output flags (00000002)
03-22 00:12:11.642  1579  1744 I chatty  : uid=1000(system) AudioService expire 1 line
03-22 00:12:11.643  2276  2276 W ContextImpl: Calling a method in the system process without a qualified user: android.app.ContextImpl.startService:1531 android.content.ContextWrapper.startService:664 android.content.ContextWrapper.startService:664 com.android.coreservice.CoreBroadcastReceiver.onReceive:70 android.app.ActivityThread.handleReceiver:3424 
03-22 00:12:11.643  1579  2083 D WindowManager: updateRotationUnchecked! mLastOrientation=1 old-mRotation=1 old-mAltOrientation=false new-mRotation=0 new-mAltOrientation=false
03-22 00:12:11.644  1579  2083 I ActivityManager: Config changes=20000480 {1.0 460mcc65535mnc [zh_CN] ldltr sw360dp w360dp h616dp 480dpi nrml long port finger qwerty/v/v -nav/h winConfig={ mBounds=Rect(0, 0 - 1080, 1920) mAppBounds=Rect(0, 0 - 1080, 1920) mWindowingMode=fullscreen mActivityType=undefined} s.11}
03-22 00:12:11.644  1579  2083 I ActivityManager: Override config changes=20000480 {1.0 460mcc65535mnc [zh_CN] ldltr sw360dp w360dp h616dp 480dpi nrml long port finger qwerty/v/v -nav/h winConfig={ mBounds=Rect(0, 0 - 1080, 1920) mAppBounds=Rect(0, 0 - 1080, 1920) mWindowingMode=fullscreen mActivityType=undefined} s.11} for displayId=0
03-22 00:12:11.645     1     1 I init    : type=1400 audit(0.0:702): avc: denied { sendto } for path="/dev/socket/qmux_bluetooth" scontext=u:r:init:s0 tcontext=u:r:ldinit:s0 tclass=unix_dgram_socket permissive=1
03-22 00:12:11.645     1     1 W init    : type=1300 audit(0.0:702): arch=c000003e syscall=44 success=yes exit=124 a0=c a1=7ffe99317260 a2=7c a3=0 items=0 ppid=0 auid=4294967295 uid=0 gid=0 euid=0 suid=0 fsuid=0 egid=0 sgid=0 fsgid=0 tty=(none) ses=4294967295 exe="/init" subj=u:r:init:s0 key=(null)
03-22 00:12:11.646  1782  1782 D StatusBar: disable<e i a s b h r c s > disable2<q i n >
03-22 00:12:11.651  2276  2276 W ContextImpl: Calling a method in the system process without a qualified user: android.app.ContextImpl.startService:1531 android.content.ContextWrapper.startService:664 android.content.ContextWrapper.startService:664 com.android.coreservice.CoreBroadcastReceiver.onReceive:45 android.app.ActivityThread.handleReceiver:3424 
03-22 00:12:11.651  2276  2276 W ContextImpl: Calling a method in the system process without a qualified user: android.app.ContextImpl.startService:1531 android.content.ContextWrapper.startService:664 android.content.ContextWrapper.startService:664 com.android.coreservice.CoreBroadcastReceiver.onReceive:70 android.app.ActivityThread.handleReceiver:3424 
03-22 00:12:11.652  2276  2276 W ContextImpl: Calling a method in the system process without a qualified user: android.app.ContextImpl.startService:1531 android.content.ContextWrapper.startService:664 android.content.ContextWrapper.startService:664 com.android.coreservice.CoreBroadcastReceiver.onReceive:54 android.app.ActivityThread.handleReceiver:3424 
03-22 00:12:11.656  1432  1521 W SurfaceFlinger: Attempting to destroy on removed layer: AppWindowToken{bd3b8a1 token=Token{bd44908 ActivityRecord{d0aceab u0 com.android.flysilkworm/.app.activity.FirstStartActivity t5}}}#0
03-22 00:12:11.656  1432  2237 W SurfaceFlinger: Attempting to set client state on removed layer: Surface(name=Dim Layer for - Task=5)/@0x3aa67be - animation-leash#0
03-22 00:12:11.656  1432  2237 W SurfaceFlinger: Attempting to destroy on removed layer: Surface(name=Dim Layer for - Task=5)/@0x3aa67be - animation-leash#0
03-22 00:12:11.663  2276  2276 W ContextImpl: Calling a method in the system process without a qualified user: android.app.ContextImpl.sendBroadcast:1020 android.content.ContextWrapper.sendBroadcast:449 com.android.coreservice.TabManager.notifyClosing:413 com.android.coreservice.TabManager.updateInner:200 com.android.coreservice.TabManager.onUpdate:235 
03-22 00:12:11.677  1579  2583 W BackupManagerService: dataChanged but no participant pkg='com.android.launcher3' uid=10049
03-22 00:12:11.680  2387  2387 D Launcher: 11683562 - bindAddScreens()
03-22 00:12:11.680  2387  2387 D Launcher: 11683562 -   orderedScreenIds: 
03-22 00:12:11.684  1579  2590 W BackupManagerService: dataChanged but no participant pkg='com.android.launcher3' uid=10049
03-22 00:12:11.692  1579  2583 W BackupManagerService: dataChanged but no participant pkg='com.android.launcher3' uid=10049
03-22 00:12:11.695  1579  1897 W BackupManagerService: dataChanged but no participant pkg='com.android.launcher3' uid=10049
03-22 00:12:11.696  2387  2387 D Launcher.Workspace: 11683562 - removeExtraEmptyScreen()
03-22 00:12:11.696  2387  2387 D Launcher.Workspace: 11683562 - convertFinalScreenToEmptyScreenIfNecessary()
03-22 00:12:11.701  1579  1897 W BackupManagerService: dataChanged but no participant pkg='com.android.launcher3' uid=10049
03-22 00:12:11.709  1579  2583 W BackupManagerService: dataChanged but no participant pkg='com.android.launcher3' uid=10049
03-22 00:12:11.709  2387  2387 D Launcher: 11683562 - bindAddScreens()
03-22 00:12:11.709  2387  2387 D Launcher: 11683562 -   orderedScreenIds: 
03-22 00:12:11.715  2387  2387 D Launcher.Workspace: 11683562 - removeExtraEmptyScreen()
03-22 00:12:11.715  2387  2387 D Launcher.Workspace: 11683562 - convertFinalScreenToEmptyScreenIfNecessary()
03-22 00:12:11.717  1579  1897 W BackupManagerService: dataChanged but no participant pkg='com.android.launcher3' uid=10049
03-22 00:12:11.719  1579  2583 W BackupManagerService: dataChanged but no participant pkg='com.android.launcher3' uid=10049
03-22 00:12:11.722  2276  2276 W ContextImpl: Calling a method in the system process without a qualified user: android.app.ContextImpl.startService:1531 android.content.ContextWrapper.startService:664 android.content.ContextWrapper.startService:664 com.android.coreservice.CoreBroadcastReceiver.onReceive:54 android.app.ActivityThread.handleReceiver:3424 
03-22 00:12:11.727  1419  1565 D gralloc_default: gralloc_alloc: Creating ashmem region of size 8294400, ignore more log...
03-22 00:12:11.733  1409  3051 D audio_hw_hal: raw_start_output_stream, stream=0xf5e1b000, sampleRate=48000, channel=2, bps=16, bufSize=4096
03-22 00:12:11.741  1419  1565 D gralloc_default: gralloc_alloc: Creating ashmem region of size 8294400, ignore more log...
03-22 00:12:11.753  1419  1419 D gralloc_default: gralloc_alloc: Creating ashmem region of size 14745600, ignore more log...
03-22 00:12:11.755  1782  1782 I ImageWallpaper: Redrawing in rect: RectF(0.0, 0.0, 1920.0, 3413.3333) with surface size: 1080x1920
03-22 00:12:11.760  2387  2492 E EGL_emulation: tid 2492: eglSurfaceAttrib(1493): error 0x3009 (EGL_BAD_MATCH)
03-22 00:12:11.760  2387  2492 W OpenGLRenderer: Failed to set EGL_SWAP_BEHAVIOR on surface 0x76388bd68c80, error=EGL_BAD_MATCH
03-22 00:12:11.765  1419  1419 D gralloc_default: gralloc_alloc: Creating ashmem region of size 14745600, ignore more log...
03-22 00:12:11.785  1419  1419 D gralloc_default: gralloc_alloc: Creating ashmem region of size 8294400, ignore more log...
03-22 00:12:11.786  1419  1565 D gralloc_default: gralloc_alloc: Creating ashmem region of size 311296, ignore more log...
03-22 00:12:11.787  1782  1782 D StatusBar: disable<e i a s b h r c s > disable2<q i n >
03-22 00:12:11.789  2387  2387 W Launcher: setApplicationContext called twice! old=com.android.launcher3.LauncherApplication@93e6fd1 new=com.android.launcher3.LauncherApplication@93e6fd1
03-22 00:12:11.808  1782  2068 E EGL_emulation: tid 2068: eglSurfaceAttrib(1493): error 0x3009 (EGL_BAD_MATCH)
03-22 00:12:11.808  1782  2068 W OpenGLRenderer: Failed to set EGL_SWAP_BEHAVIOR on surface 0x76387c5b9380, error=EGL_BAD_MATCH
03-22 00:12:11.809  1419  1565 D gralloc_default: gralloc_alloc: Creating ashmem region of size 8294400, ignore more log...
03-22 00:12:11.816  2387  3052 D RenderScript: Setting cache dir: /data/user_de/0/com.android.launcher3/code_cache
03-22 00:12:11.821  1419  1419 D gralloc_default: gralloc_alloc: Creating ashmem region of size 311296, ignore more log...
03-22 00:12:11.831  2387  2492 E EGL_emulation: tid 2492: eglSurfaceAttrib(1493): error 0x3009 (EGL_BAD_MATCH)
03-22 00:12:11.831  2387  2492 W OpenGLRenderer: Failed to set EGL_SWAP_BEHAVIOR on surface 0x76388bd68c80, error=EGL_BAD_MATCH
03-22 00:12:11.833  1419  1419 D gralloc_default: gralloc_alloc: Creating ashmem region of size 8294400, ignore more log...
03-22 00:12:11.852  2387  3052 D RenderScript: Setting cache dir: /data/user_de/0/com.android.launcher3/code_cache
03-22 00:12:11.866  1432  1521 W SurfaceFlinger: Attempting to destroy on removed layer: 566d870 AssistPreviewPanel#0
03-22 00:12:11.867  1432  1521 W SurfaceFlinger: Attempting to destroy on removed layer: a390b9c DockedStackDivider#0
03-22 00:12:11.870  2387  2399 W System  : A resource failed to call destroy. 
03-22 00:12:11.870  2387  2399 I chatty  : uid=10049(com.android.launcher3) FinalizerDaemon identical 1 line
03-22 00:12:11.870  2387  2399 W System  : A resource failed to call destroy. 
03-22 00:12:11.885  1782  1782 I ImageWallpaper: Redrawing in rect: RectF(0.0, 0.0, 1080.0, 1920.0) with surface size: 1080x1920
03-22 00:12:11.885  1782  1782 I ImageWallpaper: Redrawing in rect: RectF(0.0, 0.0, 1080.0, 1920.0) with surface size: 1080x1920
03-22 00:12:11.885  1419  1419 D gralloc_default: gralloc_alloc: Creating ashmem region of size 8294400, ignore more log...
03-22 00:12:11.900  1419  1419 D gralloc_default: gralloc_alloc: Creating ashmem region of size 8294400, ignore more log...
03-22 00:12:11.910  1419  1419 D gralloc_default: gralloc_alloc: Creating ashmem region of size 311296, ignore more log...
03-22 00:12:11.915  1419  1419 D gralloc_default: gralloc_alloc: Creating ashmem region of size 8294400, ignore more log...
03-22 00:12:11.928  1782  1782 I ImageWallpaper: Redrawing in rect: RectF(0.0, 0.0, 1080.0, 1920.0) with surface size: 1080x1920
03-22 00:12:11.928  1419  1419 D gralloc_default: gralloc_alloc: Creating ashmem region of size 8294400, ignore more log...
03-22 00:12:12.644  1579  1603 W WindowManager: Window freeze timeout expired.
03-22 00:12:12.644  1579  1603 W WindowManager: Force clearing orientation change: Window{93a2c49 u0 com.android.launcher3/com.android.launcher3.Launcher}
03-22 00:12:12.975  1579  2583 I ActivityManager: Killing 1959:com.android.settings:CryptKeeper/1000 (adj 906): empty #17
03-22 00:12:12.975  1579  1597 I chatty  : uid=1000(system) ActivityManager expire 3 lines
03-22 00:12:12.996  1403  1403 I Zygote  : Process 1959 exited due to signal (9)
03-22 00:12:13.423  1579  1733 I chatty  : uid=1000(system) WifiStateMachin expire 2 lines
03-22 00:12:13.645  1579  1603 W WindowManager: App freeze timeout expired.
03-22 00:12:13.645  1579  1603 W WindowManager: Force clearing freeze: AppWindowToken{cb928a token=Token{e0724f5 ActivityRecord{f43222c u0 com.android.launcher3/.Launcher t4}}}
03-22 00:12:13.646  1579  1603 I WindowManager: Screen frozen for +2s3ms due to AppWindowToken{cb928a token=Token{e0724f5 ActivityRecord{f43222c u0 com.android.launcher3/.Launcher t4}}}
03-22 00:12:13.655  1419  1419 D gralloc_default: gralloc_alloc: Creating ashmem region of size 8294400, ignore more log...
03-22 00:12:13.660  2387  2492 E EGL_emulation: tid 2492: eglSurfaceAttrib(1493): error 0x3009 (EGL_BAD_MATCH)
03-22 00:12:13.660  2387  2492 W OpenGLRenderer: Failed to set EGL_SWAP_BEHAVIOR on surface 0x76388bd68c80, error=EGL_BAD_MATCH
03-22 00:12:13.661  1419  1419 D gralloc_default: gralloc_alloc: Creating ashmem region of size 8294400, ignore more log...
03-22 00:12:13.734  1419  1419 D gralloc_default: gralloc_alloc: Creating ashmem region of size 8294400, ignore more log...
03-22 00:12:13.865  1579  3047 I chatty  : uid=1000(system) Binder:1579_11 expire 2 lines
03-22 00:12:14.345  1579  1587 I chatty  : uid=1000(system) FinalizerDaemon expire 63 lines
03-22 00:12:14.804  1409  1552 D audio_hw_hal: log_func, out_standby
03-22 00:12:14.804  1409  1552 D audio_hw_hal: raw_close_output_stream, dev=0xf5e18000, stream =0xf5e1b000
03-22 00:12:14.804  1409  1552 D audio_hw_hal: raw_close_output_stream, stream=0xf5e1b000,  success!
03-22 00:12:16.942  1782  1782 I RenderThread: type=1400 audit(0.0:706): avc: denied { ioctl } for path="/dev/fastpipe" dev="tmpfs" ino=6233 ioctlcmd=6867 scontext=u:r:platform_app:s0:c512,c768 tcontext=u:object_r:device:s0 tclass=chr_file permissive=1
03-22 00:12:16.942  1782  1782 W RenderThread: type=1300 audit(0.0:706): arch=c000003e syscall=16 success=yes exit=0 a0=4c a1=80046867 a2=7638888f8f30 a3=2c813a9bb5aef items=0 ppid=1403 auid=4294967295 uid=10021 gid=10021 euid=10021 suid=10021 fsuid=10021 egid=10021 sgid=10021 fsgid=10021 tty=(none) ses=4294967295 exe="/system/bin/app_process64" subj=u:r:platform_app:s0:c512,c768 key=(null)
03-22 00:12:16.942  1362  1362 W auditd  : type=1327 audit(0.0:706): proctitle="com.android.systemui"
03-22 00:12:16.942  1362  1362 W auditd  : type=1320 audit(0.0:706): 
03-22 00:12:17.832  2387  2387 I RenderThread: type=1400 audit(0.0:707): avc: denied { ioctl } for path="/dev/fastpipe" dev="tmpfs" ino=6233 ioctlcmd=6867 scontext=u:r:untrusted_app_25:s0:c512,c768 tcontext=u:object_r:device:s0 tclass=chr_file permissive=1
03-22 00:12:17.980  2923  2932 W System  : A resource failed to call close. 
03-22 00:12:18.065  2610  2674 I System.out: 心跳客户端时间:1774109538065
03-22 00:12:18.066  2610  2674 I System.out: 心跳服务器端时间:1774109537519
03-22 00:12:18.066  2610  2674 I System.out: 网络延时:546ms
03-22 00:12:18.144  2923  2937 D NativeLibraryHelper: call FindSupportedAbi, param: supportedAbisArray=x86_64 x86 arm64-v8a armeabi-v7a armeabi 
03-22 00:12:18.165  1579  1608 I PackageManager: do copyNativeBinariesForSupportedAbi copyRet=-114
03-22 00:12:18.166  1579  1594 I ActivityManager: Force stopping com.finance.loanmanager appid=10051 user=-1: installPackageLI
03-22 00:12:18.171  1579  1608 I PackageManager: Update package com.finance.loanmanager code path from /data/app/com.finance.loanmanager-XhbKTP4Iz1D_xWi1Z-9BnA== to /data/app/com.finance.loanmanager-x-g3cKsKERrP3f2RA6OHoQ==; Retain data and using new
03-22 00:12:18.171  1579  1608 I PackageManager: Update package com.finance.loanmanager resource path from /data/app/com.finance.loanmanager-XhbKTP4Iz1D_xWi1Z-9BnA== to /data/app/com.finance.loanmanager-x-g3cKsKERrP3f2RA6OHoQ==; Retain data and using new
03-22 00:12:18.180  1579  1608 D PackageManager: Instant App installer not found with android.intent.action.INSTALL_INSTANT_APP_PACKAGE
03-22 00:12:18.180  1579  1608 D PackageManager: Clear ephemeral installer activity
03-22 00:12:18.192  1362  1362 W auditd  : type=1327 audit(0.0:708): proctitle="com.android.coreservice"
03-22 00:12:18.192  1362  1362 W auditd  : type=1320 audit(0.0:708): 
03-22 00:12:18.192  1442  1442 E         : Couldn't opendir /data/app/vmdl1321407050.tmp: No such file or directory
03-22 00:12:18.192  1442  1442 E installd: Failed to delete /data/app/vmdl1321407050.tmp: No such file or directory
03-22 00:12:18.192  1579  1608 I ActivityManager: Force stopping com.finance.loanmanager appid=10051 user=0: pkg removed
03-22 00:12:18.194  2276  2276 W ContextImpl: Calling a method in the system process without a qualified user: android.app.ContextImpl.startService:1531 android.content.ContextWrapper.startService:664 android.content.ContextWrapper.startService:664 com.android.coreservice.CoreBroadcastReceiver.onReceive:86 android.app.ActivityThread.handleReceiver:3424 
03-22 00:12:18.194  1579  1662 I chatty  : uid=1000(system) InputReader expire 3 lines
03-22 00:12:18.195  2387  2387 D LdHotSeatAdImp: Test: updateAHotSetIcon viewItem=null
03-22 00:12:18.196  1771  1771 D BluetoothMapAppObserver: onReceive
03-22 00:12:18.196  1771  1771 D BluetoothMapAppObserver: The removed package is: com.finance.loanmanager
03-22 00:12:18.196  2467  2467 I System.out: onReceive
03-22 00:12:18.196  2467  2467 I appstore: app Not Started
03-22 00:12:18.196  2467  2467 I System.out: onReceive
03-22 00:12:18.198  1579  3047 W BroadcastQueue: Background execution not allowed: receiving Intent { act=android.intent.action.PACKAGE_REMOVED dat=package:com.finance.loanmanager flg=0x4000010 (has extras) } to com.android.flysilkworm/.app.service.ApkReceiver
03-22 00:12:18.199  1771  1771 D Avrcp   : isBrowsableListUpdated: false
03-22 00:12:18.199  1771  1771 D BluetoothMapAppObserver: onReceive
03-22 00:12:18.199  1771  1771 D BluetoothMapAppObserver: The installed package is: com.finance.loanmanager
03-22 00:12:18.202  2435  2435 I Worker-1: type=1400 audit(0.0:709): avc: denied { open } for path="/data/local/cfg-nnayn/android7" dev="sdb2" ino=131289 scontext=u:r:priv_app:s0:c512,c768 tcontext=u:object_r:system_data_file:s0 tclass=file permissive=1
03-22 00:12:18.204  1771  1771 D BluetoothMapAppObserver: Found 0 application(s) with intent android.bluetooth.action.BLUETOOTH_MAP_PROVIDER
03-22 00:12:18.204  1771  1771 D BluetoothMapAppObserver: Found 0 application(s) with intent android.bluetooth.action.BLUETOOTH_MAP_IM_PROVIDER
03-22 00:12:18.204  1771  1771 D NewAvrcpMediaPlayerList: Name of package changed: com.finance.loanmanager
03-22 00:12:18.205  1579  1579 I Telecom : DefaultDialerCache: Refreshing default dialer for user 0: now null: DDC.oR@AFE
03-22 00:12:18.207  2387  2387 W Launcher: setApplicationContext called twice! old=com.android.launcher3.LauncherApplication@93e6fd1 new=com.android.launcher3.LauncherApplication@93e6fd1
03-22 00:12:18.211  2276  2276 W ContextImpl: Calling a method in the system process without a qualified user: android.app.ContextImpl.startService:1531 android.content.ContextWrapper.startService:664 android.content.ContextWrapper.startService:664 com.android.coreservice.CoreBroadcastReceiver.onReceive:78 android.app.ActivityThread.handleReceiver:3424 
03-22 00:12:18.214  1579  3047 W BroadcastQueue: Background execution not allowed: receiving Intent { act=android.intent.action.PACKAGE_ADDED dat=package:com.finance.loanmanager flg=0x4000010 (has extras) } to com.android.flysilkworm/.app.service.ApkReceiver
03-22 00:12:18.216  3077  3077 D su      : su invoked.
03-22 00:12:18.218  3078  3078 D su      : starting daemon client 10016 0
03-22 00:12:18.220  3079  3079 D su      : connecting client 3076
03-22 00:12:18.221  1579  1593 I chatty  : uid=1000(system) android.bg expire 14 lines
03-22 00:12:18.222  3082  3082 D su      : remote pid: 3076
03-22 00:12:18.223  3083  3083 D su      : remote pts_slave: 
03-22 00:12:18.225  3084  3084 D su      : remote uid: 10016
03-22 00:12:18.225  1579  3047 W BroadcastQueue: Background execution not allowed: receiving Intent { act=android.intent.action.PACKAGE_REPLACED dat=package:com.finance.loanmanager flg=0x4000010 (has extras) } to com.android.flysilkworm/.app.service.ApkReceiver
03-22 00:12:18.226  3085  3085 D su      : remote req pid: 2467
03-22 00:12:18.228  3087  3087 D su      : remote args: 1
03-22 00:12:18.228  2387  2387 W Launcher: setApplicationContext called twice! old=com.android.launcher3.LauncherApplication@93e6fd1 new=com.android.launcher3.LauncherApplication@93e6fd1
03-22 00:12:18.230  3089  3089 D su      : waiting for child exit
03-22 00:12:18.230  3091  3091 D su      : su invoked.
03-22 00:12:18.232  3093  3093 D su      : db allowed
03-22 00:12:18.233  1579  1593 D AutofillManagerServiceImpl: Reset component for user 0 ()
03-22 00:12:18.233  1579  1593 D AutofillManagerServiceImpl: Reset component for user 0 ()
03-22 00:12:18.233  1579  1593 D FieldClassificationStrategy: reset(): service is not bound. Do nothing.
03-22 00:12:18.233  3095  3095 D su      : 10016 /system/bin/app_process64 executing 0 /system/bin/sh using binary /system/bin/sh : sh
03-22 00:12:18.233  1579  1593 W VoiceInteractionManagerService: no available voice recognition services found for user 0
03-22 00:12:18.234  1579  1595 D AutofillUI: destroySaveUiUiThread(): already destroyed
03-22 00:12:18.244  3098  3098 D su      : sending code
03-22 00:12:18.246  3100  3100 D su      : client exited 255
03-22 00:12:18.247  3099  3099 D su      : child exited
03-22 00:12:18.248  2467  2467 I System.out: onReceive
03-22 00:12:18.277  3094  3094 I appproc : app_process main with argv: /system/bin com.android.commands.am.Am broadcast -n com.android.settings/com.android.settings.cyanogenmod.superuser.SuReceiver --ei binary_version 16 --es from_name u0_a16 --es desired_name  --ei uid 10016 --ei desired_uid 0 --es command /system/bin/sh --es action allow --user 0 
03-22 00:12:18.277  3094  3094 D AndroidRuntime: >>>>>> START com.android.internal.os.RuntimeInit uid 0 <<<<<<
03-22 00:12:18.278  3094  3094 E cutils-trace: Error opening trace file: No such file or directory (2)
03-22 00:12:18.289  3094  3094 I libnb   : Found /system/lib64/libhoudini.so version 3
03-22 00:12:18.300  3094  3094 I /system/bin/app_process: The ClassLoaderContext is a special shared library.
03-22 00:12:18.300  3094  3094 D nativebridge: PreInitializeNativeBridge name=unknown instruction_set=x86_64
03-22 00:12:18.300  3094  3094 W nativebridge: Failed to bind-mount /data/local/cfg-nnayn/ as /proc/cpuinfo: No such file or directory
03-22 00:12:18.300  3094  3094 W nativebridge: Failed to bind-mount /system/lib64/x86_64/cpuinfo as /proc/cpuinfo: No such file or directory
03-22 00:12:18.300  3094  3094 D nativebridge: call UnloadNativeBridge! state=2
03-22 00:12:18.308  3094  3094 D AndroidRuntime: Calling main entry com.android.commands.am.Am
03-22 00:12:18.320  3094  3094 D AndroidRuntime: Shutting down VM
03-22 00:12:18.320  1950  1950 D CarrierSvcBindHelper: No carrier app for: 0
03-22 00:12:18.320  1950  1950 D CarrierSvcBindHelper: No carrier app for: 0
03-22 00:12:18.326  1950  1950 D CarrierConfigLoader: mHandler: 9 phoneId: 0
03-22 00:12:18.544  1579  2083 W BackupManagerService: dataChanged but no participant pkg='com.android.launcher3' uid=10049
03-22 00:12:19.114  2467  2467 D EventBus: No subscribers registered for event class com.android.flysilkworm.app.model.bean.MessageEvent
03-22 00:12:19.114  2467  2467 D EventBus: No subscribers registered for event class org.greenrobot.eventbus.h
03-22 00:12:19.114  2467  2467 D EventBus: No subscribers registered for event class com.android.flysilkworm.app.model.bean.MessageEvent
03-22 00:12:19.114  2467  2467 D EventBus: No subscribers registered for event class org.greenrobot.eventbus.h
03-22 00:12:32.433  1450  1450 W wificond: Scan already started
03-22 00:12:32.437  1579  3115 I chatty  : uid=1000 system_server expire 56 lines
03-22 00:12:32.469  3116  3116 I dex2oat : /system/bin/dex2oat --input-vdex-fd=-1 --output-vdex-fd=8 --compiler-filter=verify --debuggable --classpath-dir=/data/app/com.finance.loanmanager-x-g3cKsKERrP3f2RA6OHoQ== --class-loader-context=PCL[] --generate-mini-debug-info --compact-dex-level=none --compilation-reason=boot
03-22 00:12:32.469  3116  3116 E cutils-trace: Error opening trace file: No such file or directory (2)
03-22 00:12:32.789  3116  3116 W dex2oat : Accessing hidden method Landroid/content/res/Resources$Theme;->rebase()V (dark greylist, linking)
03-22 00:12:32.795  3116  3120 W dex2oat : Accessing hidden method Landroid/os/Parcel;->writeBoolean(Z)V (dark greylist, linking)
03-22 00:12:32.801  3116  3116 W dex2oat : Accessing hidden method Landroid/view/accessibility/AccessibilityNodeInfo$RangeInfo;-><init>(IFFF)V (dark greylist, linking)
03-22 00:12:32.802  3116  3116 W dex2oat : Accessing hidden method Landroid/view/accessibility/AccessibilityWindowInfo;-><init>()V (dark greylist, linking)
03-22 00:12:32.831  3116  3116 W dex2oat : Accessing hidden method Landroid/view/View;->setTransitionVisibility(I)V (dark greylist, linking)
03-22 00:12:32.831  3116  3119 W dex2oat : Accessing hidden method Landroid/view/View;->setTransitionVisibility(I)V (dark greylist, linking)
03-22 00:12:32.930  3116  3116 I dex2oat : Explicit concurrent copying GC freed 29641(7MB) AllocSpace objects, 0(0B) LOS objects, 97% free, 31KB/1567KB, paused 52us total 11.150ms
03-22 00:12:32.933  3116  3116 I dex2oat : Explicit concurrent copying GC freed 650(206KB) AllocSpace objects, 0(0B) LOS objects, 97% free, 33KB/1569KB, paused 26us total 1.026ms
03-22 00:12:32.937  3116  3116 I dex2oat : Explicit concurrent copying GC freed 300(163KB) AllocSpace objects, 0(0B) LOS objects, 97% free, 34KB/1570KB, paused 26us total 1.021ms
03-22 00:12:32.938  3116  3116 I dex2oat : Explicit concurrent copying GC freed 33(30KB) AllocSpace objects, 0(0B) LOS objects, 97% free, 36KB/1572KB, paused 26us total 981us
03-22 00:12:32.940  3116  3116 I dex2oat : Explicit concurrent copying GC freed 102(46KB) AllocSpace objects, 0(0B) LOS objects, 97% free, 38KB/1574KB, paused 26us total 1.049ms
03-22 00:12:32.944  3116  3116 I dex2oat : Explicit concurrent copying GC freed 493(229KB) AllocSpace objects, 0(0B) LOS objects, 97% free, 40KB/1576KB, paused 26us total 1.042ms
03-22 00:12:32.945  3116  3116 I dex2oat : Explicit concurrent copying GC freed 32(62KB) AllocSpace objects, 0(0B) LOS objects, 97% free, 41KB/1577KB, paused 26us total 984us
03-22 00:12:32.948  3116  3116 I dex2oat : Explicit concurrent copying GC freed 297(163KB) AllocSpace objects, 0(0B) LOS objects, 97% free, 43KB/1579KB, paused 27us total 1.038ms
03-22 00:12:32.951  3116  3116 I dex2oat : Explicit concurrent copying GC freed 356(146KB) AllocSpace objects, 0(0B) LOS objects, 97% free, 45KB/1581KB, paused 26us total 999us
03-22 00:12:32.955  3116  3116 I dex2oat : Explicit concurrent copying GC freed 644(303KB) AllocSpace objects, 0(0B) LOS objects, 96% free, 55KB/1591KB, paused 26us total 1.079ms
03-22 00:12:32.958  3116  3116 I dex2oat : Explicit concurrent copying GC freed 179(62KB) AllocSpace objects, 0(0B) LOS objects, 96% free, 57KB/1593KB, paused 26us total 979us
03-22 00:12:32.960  3116  3116 I dex2oat : Explicit concurrent copying GC freed 148(145KB) AllocSpace objects, 0(0B) LOS objects, 96% free, 59KB/1595KB, paused 26us total 1.012ms
03-22 00:12:32.970  3116  3116 I dex2oat : Explicit concurrent copying GC freed 3974(510KB) AllocSpace objects, 0(0B) LOS objects, 96% free, 61KB/1597KB, paused 26us total 1.172ms
03-22 00:12:32.973  3116  3116 I dex2oat : dex2oat took 505.563ms (884.386ms cpu) (threads: 4) arena alloc=0B (0B) java alloc=61KB (62536B) native alloc=6MB (7139304B) free=2MB (2822168B)
03-22 00:12:33.258  2923  2932 W System  : A resource failed to call close. 
03-22 00:12:33.458  1579  2590 I chatty  : uid=1000(system) Binder:1579_F expire 3 lines
03-22 00:12:34.365  1579  1587 I chatty  : uid=1000(system) FinalizerDaemon expire 19 lines
03-22 00:12:48.213  1579  1593 I chatty  : uid=1000(system) android.bg expire 10 lines
03-22 00:11:21.135  1429  1429 W ldinit  : type=1300 audit(0.0:536): arch=c000003e syscall=16 success=yes exit=0 a0=3 a1=80046865 a2=763916e28090 a3=0 items=0 ppid=1 auid=4294967295 uid=0 gid=0 euid=0 suid=0 fsuid=0 egid=0 sgid=0 fsgid=0 tty=(none) ses=4294967295 exe="/system/bin/ldinit" subj=u:r:ldinit:s0 key=(null)
03-22 00:11:21.135  1362  1362 W auditd  : type=1327 audit(0.0:536): proctitle="/system/bin/ldinit"
03-22 00:11:21.135  1362  1362 W auditd  : type=1320 audit(0.0:536): 
03-22 00:12:59.385  1429  1429 I ldinit  : type=1400 audit(0.0:766): avc: denied { ioctl } for path="/dev/fastpipe" dev="tmpfs" ino=6233 ioctlcmd=6869 scontext=u:r:ldinit:s0 tcontext=u:object_r:device:s0 tclass=chr_file permissive=1
03-22 00:12:59.385  1429  1429 W ldinit  : type=1300 audit(0.0:766): arch=c000003e syscall=16 success=yes exit=0 a0=3 a1=80046869 a2=763916e2c010 a3=763916e27208 items=0 ppid=1 auid=4294967295 uid=0 gid=0 euid=0 suid=0 fsuid=0 egid=0 sgid=0 fsgid=0 tty=(none) ses=4294967295 exe="/system/bin/ldinit" subj=u:r:ldinit:s0 key=(null)
03-22 00:13:09.868  1449  1539 E storaged: getDiskStats failed with result NOT_SUPPORTED and size 0
03-22 00:13:09.865  1449  1449 I storaged: type=1400 audit(0.0:767): avc: denied { call } for scontext=u:r:storaged:s0 tcontext=u:r:init:s0 tclass=binder permissive=1
03-22 00:13:09.865  1449  1449 W storaged: type=1300 audit(0.0:767): arch=c000003e syscall=16 success=yes exit=0 a0=4 a1=c0306201 a2=763916bfeea0 a3=763916c27288 items=0 ppid=1 auid=4294967295 uid=0 gid=1032 euid=0 suid=0 fsuid=0 egid=1032 sgid=1032 fsgid=1032 tty=(none) ses=4294967295 exe="/system/bin/storaged" subj=u:r:storaged:s0 key=(null)
03-22 00:13:09.865  1362  1362 W auditd  : type=1327 audit(0.0:767): proctitle="/system/bin/storaged"
03-22 00:13:09.865  1362  1362 W auditd  : type=1320 audit(0.0:767): 
03-22 00:13:13.272  1579  1587 I chatty  : uid=1000(system) FinalizerDaemon expire 18 lines
03-22 00:13:18.109  2610  2674 I System.out: 连接断开
03-22 00:13:20.806  1402  2171 W DnsTlsSocket: SSL_connect error 5, errno=110
03-22 00:13:20.806  1402  2172 W DnsTlsSocket: SSL_connect error 5, errno=110
03-22 00:13:20.806  1402  2171 E DnsTlsSocket: Failed to increment eventfd by -9223372036854775808
03-22 00:13:20.806  1402  2172 E DnsTlsSocket: Failed to increment eventfd by -9223372036854775808
03-22 00:13:26.298  1362  1362 W auditd  : type=1327 audit(0.0:769): proctitle="system_server"
03-22 00:13:26.298  1362  1362 W auditd  : type=1320 audit(0.0:769): 
03-22 00:13:26.407  1409  3051 D audio_hw_hal: raw_start_output_stream, stream=0xf5e1b000, sampleRate=48000, channel=2, bps=16, bufSize=4096
03-22 00:13:26.409  2387  2387 D LdShortcut: shortcutCmd cmd=7
03-22 00:13:26.410  1579  2083 I ActivityManager: START u0 {act=android.intent.action.MAIN cat=[android.intent.category.LAUNCHER] flg=0x10200000 cmp=com.finance.loanmanager/.ui.main.MainActivity bnds=[786,316][1032,579] (has extras)} from uid 10049
03-22 00:13:26.417  2276  2276 W ContextImpl: Calling a method in the system process without a qualified user: android.app.ContextImpl.startService:1531 android.content.ContextWrapper.startService:664 android.content.ContextWrapper.startService:664 com.android.coreservice.CoreBroadcastReceiver.onReceive:45 android.app.ActivityThread.handleReceiver:3424 
03-22 00:13:26.425  2467  2573 W Settings: Setting android_id has moved from android.provider.Settings.System to android.provider.Settings.Secure, returning read-only value.
03-22 00:13:26.431  1419  1419 D gralloc_default: gralloc_alloc: Creating ashmem region of size 8294400, ignore more log...
03-22 00:13:26.438  1579  1596 I ActivityManager: Start proc 3168:com.finance.loanmanager/u0a51 for activity com.finance.loanmanager/.ui.main.MainActivity
03-22 00:13:26.450  3168  3168 I Zygote  : seccomp disabled by setenforce 0
03-22 00:13:26.451  3168  3168 I nce.loanmanage: Late-enabling -Xcheck:jni
03-22 00:13:26.460  3168  3168 D nativebridge: call UnloadNativeBridge! state=1
03-22 00:13:26.464  1419  1419 D gralloc_default: gralloc_alloc: Creating ashmem region of size 8294400, ignore more log...
03-22 00:13:26.466  1579  2083 W ActivityManager: Request to remove task ignored for non-existent task 6
03-22 00:13:26.501  1348  1348 E SELinux : avc:  denied  { find } for service=tab pid=3168 uid=10051 scontext=u:r:untrusted_app:s0:c51,c256,c512,c768 tcontext=u:object_r:default_android_service:s0 tclass=service_manager permissive=1
03-22 00:13:26.501  2276  2276 W ContextImpl: Calling a method in the system process without a qualified user: android.app.ContextImpl.startService:1531 android.content.ContextWrapper.startService:664 android.content.ContextWrapper.startService:664 com.android.coreservice.CoreBroadcastReceiver.onReceive:54 android.app.ActivityThread.handleReceiver:3424 
03-22 00:13:26.513  3168  3168 W nce.loanmanage: Accessing hidden field Landroid/os/Trace;->TRACE_TAG_APP:J (light greylist, reflection)
03-22 00:13:26.514  3168  3168 W nce.loanmanage: Accessing hidden method Landroid/os/Trace;->isTagEnabled(J)Z (light greylist, reflection)
03-22 00:13:26.517  3168  3168 D LoanManagerApp: Database initialized successfully
03-22 00:13:26.529  3168  3168 D AppCompatDelegate: Checking for metadata for AppLocalesMetadataHolderService : Service not found
03-22 00:13:26.553  3168  3168 W nce.loanmanage: Accessing hidden method Landroid/view/ViewGroup;->makeOptionalFitsSystemWindows()V (light greylist, reflection)
03-22 00:13:26.556  3168  3168 W nce.loanmanage: Accessing hidden method Landroid/graphics/FontFamily;-><init>()V (light greylist, reflection)
03-22 00:13:26.556  3168  3168 W nce.loanmanage: Accessing hidden method Landroid/graphics/FontFamily;->addFontFromAssetManager(Landroid/content/res/AssetManager;Ljava/lang/String;IZIII[Landroid/graphics/fonts/FontVariationAxis;)Z (light greylist, reflection)
03-22 00:13:26.556  3168  3168 W nce.loanmanage: Accessing hidden method Landroid/graphics/FontFamily;->addFontFromBuffer(Ljava/nio/ByteBuffer;I[Landroid/graphics/fonts/FontVariationAxis;II)Z (light greylist, reflection)
03-22 00:13:26.556  3168  3168 W nce.loanmanage: Accessing hidden method Landroid/graphics/FontFamily;->freeze()Z (light greylist, reflection)
03-22 00:13:26.556  3168  3168 W nce.loanmanage: Accessing hidden method Landroid/graphics/FontFamily;->abortCreation()V (light greylist, reflection)
03-22 00:13:26.556  3168  3168 W nce.loanmanage: Accessing hidden method Landroid/graphics/Typeface;->createFromFamiliesWithDefault([Landroid/graphics/FontFamily;Ljava/lang/String;II)Landroid/graphics/Typeface; (light greylist, reflection)
03-22 00:13:26.562  1579  1587 I chatty  : uid=1000(system) FinalizerDaemon expire 39 lines
03-22 00:13:26.591  3168  3168 D OpenGLRenderer: Skia GL Pipeline
03-22 00:13:26.626  3168  3188 I         : fastpipe: Connect success
03-22 00:13:26.627  3168  3188 I         : fastpipe: Connect success
03-22 00:13:26.627  3168  3188 D HostConnection: HostRPC::connect sucess: app=com.finance.loanmanager, pid=3168, tid=3188, this=0x76388bcfd400
03-22 00:13:26.628  3168  3188 D HostConnection: queryAndSetGLESMaxVersion select gles-version: 3.1 hostGLVersion:46 process:com.finance.loanmanager
03-22 00:13:26.629  3168  3188 I ConfigStore: android::hardware::configstore::V1_0::ISurfaceFlingerConfigs::hasWideColorDisplay retrieved: 0
03-22 00:13:26.629  3168  3188 I ConfigStore: android::hardware::configstore::V1_0::ISurfaceFlingerConfigs::hasHDRDisplay retrieved: 0
03-22 00:13:26.629  3168  3188 I OpenGLRenderer: Initialized EGL, version 1.4
03-22 00:13:26.629  3168  3188 D OpenGLRenderer: Swap behavior 1
03-22 00:13:26.633  3168  3188 D EGL_emulation: eglCreateContext: 0x76388bc5f9c0: maj 3 min 1 rcv 4
03-22 00:13:26.655  3168  3188 E eglCodecCommon: glUtilsParamSize: unknow param 0x000082da
03-22 00:13:26.655  3168  3188 E eglCodecCommon: glUtilsParamSize: unknow param 0x000082e5
03-22 00:13:26.656  2387  2387 D LdShortcut: shortcutCmd cmd=7
03-22 00:13:26.657  3168  3188 D HostConnection: ExtendedRCEncoderContext GL_VERSION return OpenGL ES 3.1 v1
03-22 00:13:26.591  2276  2276 W ContextImpl: Calling a method in the system process without a qualified user: android.app.ContextImpl.startService:1531 android.content.ContextWrapper.startService:664 android.content.ContextWrapper.startService:664 com.android.coreservice.CoreBroadcastReceiver.onReceive:54 android.app.ActivityThread.handleReceiver:3424 
03-22 00:13:26.657  1579  2083 I ActivityManager: START u0 {act=android.intent.action.MAIN cat=[android.intent.category.LAUNCHER] flg=0x10200000 cmp=com.finance.loanmanager/.ui.main.MainActivity bnds=[786,316][1032,579] (has extras)} from uid 10049
03-22 00:13:26.659  3168  3188 E eglCodecCommon: glUtilsParamSize: unknow param 0x00008c29
03-22 00:13:26.659  3168  3188 E eglCodecCommon: glUtilsParamSize: unknow param 0x000087fe
03-22 00:13:26.659  1419  1419 D gralloc_default: gralloc_alloc: Creating ashmem region of size 8294400, ignore more log...
03-22 00:13:26.661  3168  3188 D vndksupport: Loading /vendor/lib64/hw/android.hardware.graphics.mapper@2.0-impl.so from current namespace instead of sphal namespace.
03-22 00:13:26.661  3168  3188 D vndksupport: Loading /vendor/lib64/hw/gralloc.default.so from current namespace instead of sphal namespace.
03-22 00:13:26.665  3168  3188 E EGL_emulation: tid 3188: eglSurfaceAttrib(1493): error 0x3009 (EGL_BAD_MATCH)
03-22 00:13:26.665  3168  3188 W OpenGLRenderer: Failed to set EGL_SWAP_BEHAVIOR on surface 0x76388bd7b180, error=EGL_BAD_MATCH
03-22 00:13:26.665  1419  1419 D gralloc_default: gralloc_alloc: Creating ashmem region of size 8294400, ignore more log...
03-22 00:13:26.666  1419  1419 D gralloc_default: gralloc_alloc: Creating ashmem region of size 8294400, ignore more log...
03-22 00:13:26.702  1579  1593 I chatty  : uid=1000(system) android.bg expire 1 line
03-22 00:13:26.703  2276  2276 W ContextImpl: Calling a method in the system process without a qualified user: android.app.ContextImpl.startService:1531 android.content.ContextWrapper.startService:664 android.content.ContextWrapper.startService:664 com.android.coreservice.CoreBroadcastReceiver.onReceive:70 android.app.ActivityThread.handleReceiver:3424 
03-22 00:13:26.745  1579  1587 I chatty  : uid=1000(system) FinalizerDaemon expire 1 line
03-22 00:13:26.750  1432  1522 W SurfaceFlinger: Attempting to set client state on removed layer: Splash Screen com.finance.loanmanager#0
03-22 00:13:26.750  1432  1522 W SurfaceFlinger: Attempting to destroy on removed layer: Splash Screen com.finance.loanmanager#0
03-22 00:13:27.091  3168  3168 W nce.loanmanage: Accessing hidden method Landroid/os/Trace;->asyncTraceBegin(JLjava/lang/String;I)V (light greylist, reflection)
03-22 00:13:27.091  3168  3168 W nce.loanmanage: Accessing hidden method Landroid/os/Trace;->asyncTraceEnd(JLjava/lang/String;I)V (light greylist, reflection)
03-22 00:13:27.091  3168  3168 W nce.loanmanage: Accessing hidden method Landroid/os/Trace;->traceCounter(JLjava/lang/String;I)V (light greylist, reflection)
03-22 00:13:27.652  1432  1432 I surfaceflinger: type=1400 audit(0.0:791): avc: denied { ioctl } for path="/dev/fastpipe" dev="tmpfs" ino=6233 ioctlcmd=6867 scontext=u:r:surfaceflinger:s0 tcontext=u:object_r:device:s0 tclass=chr_file permissive=1
03-22 00:13:27.652  1432  1432 W surfaceflinger: type=1300 audit(0.0:791): arch=c000003e syscall=16 success=yes exit=0 a0=b a1=80046867 a2=763915c2c130 a3=438 items=0 ppid=1 auid=4294967295 uid=1000 gid=1003 euid=1000 suid=1000 fsuid=1000 egid=1003 sgid=1003 fsgid=1003 tty=(none) ses=4294967295 exe="/system/bin/surfaceflinger" subj=u:r:surfaceflinger:s0 key=(null)
03-22 00:13:27.652  1362  1362 W auditd  : type=1327 audit(0.0:791): proctitle="/system/bin/surfaceflinger"
03-22 00:13:27.652  1362  1362 W auditd  : type=1320 audit(0.0:791): 
03-22 00:13:26.704  2276  2276 W ContextImpl: Calling a method in the system process without a qualified user: android.app.ContextImpl.startService:1531 android.content.ContextWrapper.startService:664 android.content.ContextWrapper.startService:664 com.android.coreservice.CoreBroadcastReceiver.onReceive:70 android.app.ActivityThread.handleReceiver:3424 
03-22 00:13:27.656  1579  2083 I ActivityManager: START u0 {cmp=com.finance.loanmanager/.ui.loan.AddLoanActivity} from uid 10051
03-22 00:13:27.662  2276  2276 W ContextImpl: Calling a method in the system process without a qualified user: android.app.ContextImpl.startService:1531 android.content.ContextWrapper.startService:664 android.content.ContextWrapper.startService:664 com.android.coreservice.CoreBroadcastReceiver.onReceive:45 android.app.ActivityThread.handleReceiver:3424 
03-22 00:13:27.664  3168  3168 W ActivityThread: handleWindowVisibility: no activity for token android.os.BinderProxy@c06a077
03-22 00:13:27.702  3168  3173 I nce.loanmanage: Compiler allocated 4MB to compile void android.widget.TextView.<init>(android.content.Context, android.util.AttributeSet, int, int)
03-22 00:13:27.772  3168  3168 D AndroidRuntime: Shutting down VM
--------- beginning of crash
03-22 00:13:27.772  3168  3168 E AndroidRuntime: FATAL EXCEPTION: main
03-22 00:13:27.772  3168  3168 E AndroidRuntime: Process: com.finance.loanmanager, PID: 3168
03-22 00:13:27.772  3168  3168 E AndroidRuntime: java.lang.RuntimeException: Unable to start activity ComponentInfo{com.finance.loanmanager/com.finance.loanmanager.ui.loan.AddLoanActivity}: java.lang.NullPointerException: Attempt to invoke virtual method 'void androidx.appcompat.app.ActionBar.setDisplayHomeAsUpEnabled(boolean)' on a null object reference
03-22 00:13:27.772  3168  3168 E AndroidRuntime: 	at android.app.ActivityThread.performLaunchActivity(ActivityThread.java:2958)
03-22 00:13:27.772  3168  3168 E AndroidRuntime: 	at android.app.ActivityThread.handleLaunchActivity(ActivityThread.java:3093)
03-22 00:13:27.772  3168  3168 E AndroidRuntime: 	at android.app.servertransaction.LaunchActivityItem.execute(LaunchActivityItem.java:78)
03-22 00:13:27.772  3168  3168 E AndroidRuntime: 	at android.app.servertransaction.TransactionExecutor.executeCallbacks(TransactionExecutor.java:108)
03-22 00:13:27.772  3168  3168 E AndroidRuntime: 	at android.app.servertransaction.TransactionExecutor.execute(TransactionExecutor.java:68)
03-22 00:13:27.772  3168  3168 E AndroidRuntime: 	at android.app.ActivityThread$H.handleMessage(ActivityThread.java:1823)
03-22 00:13:27.772  3168  3168 E AndroidRuntime: 	at android.os.Handler.dispatchMessage(Handler.java:106)
03-22 00:13:27.772  3168  3168 E AndroidRuntime: 	at android.os.Looper.loop(Looper.java:193)
03-22 00:13:27.772  3168  3168 E AndroidRuntime: 	at android.app.ActivityThread.main(ActivityThread.java:6834)
03-22 00:13:27.772  3168  3168 E AndroidRuntime: 	at java.lang.reflect.Method.invoke(Native Method)
03-22 00:13:27.772  3168  3168 E AndroidRuntime: 	at com.android.internal.os.RuntimeInit$MethodAndArgsCaller.run(RuntimeInit.java:493)
03-22 00:13:27.772  3168  3168 E AndroidRuntime: 	at com.android.internal.os.ZygoteInit.main(ZygoteInit.java:860)
03-22 00:13:27.772  3168  3168 E AndroidRuntime: Caused by: java.lang.NullPointerException: Attempt to invoke virtual method 'void androidx.appcompat.app.ActionBar.setDisplayHomeAsUpEnabled(boolean)' on a null object reference
03-22 00:13:27.772  3168  3168 E AndroidRuntime: 	at com.finance.loanmanager.ui.loan.AddLoanActivity.onCreate(AddLoanActivity.java:58)
03-22 00:13:27.772  3168  3168 E AndroidRuntime: 	at android.app.Activity.performCreate(Activity.java:7284)
03-22 00:13:27.772  3168  3168 E AndroidRuntime: 	at android.app.Activity.performCreate(Activity.java:7275)
03-22 00:13:27.772  3168  3168 E AndroidRuntime: 	at android.app.Instrumentation.callActivityOnCreate(Instrumentation.java:1271)
03-22 00:13:27.772  3168  3168 E AndroidRuntime: 	at android.app.ActivityThread.performLaunchActivity(ActivityThread.java:2938)
03-22 00:13:27.772  3168  3168 E AndroidRuntime: 	... 11 more
03-22 00:13:27.775  1579  1579 I chatty  : uid=1000 system_server expire 1 line
03-22 00:13:27.782  1579  2583 W ActivityManager:   Force finishing activity com.finance.loanmanager/.ui.loan.AddLoanActivity
03-22 00:13:27.782  1579  2583 W ActivityManager:   Force finishing activity com.finance.loanmanager/.ui.main.MainActivity
03-22 00:13:27.791  3168  3168 W System.err: java.lang.Exception: call killProcess callstack! pid=3168
03-22 00:13:27.791  3168  3168 W System.err: 	at android.os.Process.killProcess(Process.java:915)
03-22 00:13:27.791  3168  3168 W System.err: 	at com.android.internal.os.RuntimeInit$KillApplicationHandler.uncaughtException(RuntimeInit.java:157)
03-22 00:13:27.791  3168  3168 W System.err: 	at java.lang.ThreadGroup.uncaughtException(ThreadGroup.java:1085)
03-22 00:13:27.791  3168  3168 W System.err: 	at java.lang.ThreadGroup.uncaughtException(ThreadGroup.java:1065)
03-22 00:13:27.791  3168  3168 W System.err: 	at java.lang.Thread.dispatchUncaughtException(Thread.java:1955)
03-22 00:13:27.791  3168  3168 I Process : Sending signal. PID: 3168 SIG: 9
03-22 00:13:27.792  2276  2276 W ContextImpl: Calling a method in the system process without a qualified user: android.app.ContextImpl.startService:1531 android.content.ContextWrapper.startService:664 android.content.ContextWrapper.startService:664 com.android.coreservice.CoreBroadcastReceiver.onReceive:54 android.app.ActivityThread.handleReceiver:3424 
03-22 00:13:27.807  2276  2276 W ContextImpl: Calling a method in the system process without a qualified user: android.app.ContextImpl.sendBroadcast:1020 android.content.ContextWrapper.sendBroadcast:449 com.android.coreservice.TabManager.notifyClosing:413 com.android.coreservice.TabManager.updateInner:200 com.android.coreservice.TabManager.onUpdate:235 
03-22 00:13:27.809  1579  1661 I chatty  : uid=1000(system) InputDispatcher expire 4 lines
03-22 00:13:27.810  1579  2486 I WindowManager: WIN DEATH: Window{2904b90 u0 com.finance.loanmanager/com.finance.loanmanager.ui.main.MainActivity}
03-22 00:13:27.810  1403  1403 I Zygote  : Process 3168 exited due to signal (9)
03-22 00:13:27.811  1579  2486 I chatty  : uid=1000(system) Binder:1579_C expire 1 line
03-22 00:13:27.814  1579  3046 I ActivityManager: Process com.finance.loanmanager (pid 3168) has died: vis  +99TOP 
03-22 00:13:27.814  1579  1597 I chatty  : uid=1000(system) ActivityManager expire 3 lines
03-22 00:13:27.814  1432  1522 W SurfaceFlinger: Attempting to set client state on removed layer: com.finance.loanmanager/com.finance.loanmanager.ui.main.MainActivity#0
03-22 00:13:27.814  1432  1522 W SurfaceFlinger: Attempting to destroy on removed layer: com.finance.loanmanager/com.finance.loanmanager.ui.main.MainActivity#0
03-22 00:13:27.815  1432  2067 W SurfaceFlinger: Attempting to destroy on removed layer: AppWindowToken{31870e1 token=Token{553ba48 ActivityRecord{883ceb u0 com.finance.loanmanager/.ui.main.MainActivity t7}}}#0
03-22 00:13:27.821  1579  1603 W ActivityManager: setHasOverlayUi called on unknown pid: 3168
03-22 00:13:27.821  2276  2276 W ContextImpl: Calling a method in the system process without a qualified user: android.app.ContextImpl.startService:1531 android.content.ContextWrapper.startService:664 android.content.ContextWrapper.startService:664 com.android.coreservice.CoreBroadcastReceiver.onReceive:45 android.app.ActivityThread.handleReceiver:3424 
